 FOX

 Timestamp is 3c63a076 (Fri Feb 08 10:55:02 2002)

 Preferred load address is 10000000

 Start         Length     Name                   Class
 0001:00000000 000275ccH .text                   CODE
 0002:00000000 000001bcH .idata$5                DATA
 0002:000001c0 00004730H .rdata                  DATA
 0002:000048f0 00000064H .idata$2                DATA
 0002:00004954 00000014H .idata$3                DATA
 0002:00004968 000001bcH .idata$4                DATA
 0002:00004b24 0000068aH .idata$6                DATA
 0002:000051b0 00001111H .edata                  DATA
 0003:00000000 00000004H .CRT$XCA                DATA
 0003:00000004 00000004H .CRT$XCZ                DATA
 0003:00000008 00000004H .CRT$XIA                DATA
 0003:0000000c 00000004H .CRT$XIZ                DATA
 0003:00000010 000033b0H .data                   DATA
 0003:000033c0 0000935cH .bss                    DATA
 0004:00000000 00000010H .rsrc$01                DATA
 0004:00000010 00000000H .rsrc$02                DATA

  Address         Publics by Value              Rva+Base     Lib:Object

 0001:00000000       _FOX_InitSubSystem         10001000 f   FOX.obj
 0001:000000d0       _FOX_Init                  100010d0 f   FOX.obj
 0001:000000f0       _FOX_QuitSubSystem         100010f0 f   FOX.obj
 0001:00000150       _FOX_WasInit               10001150 f   FOX.obj
 0001:00000170       _FOX_Quit                  10001170 f   FOX.obj
 0001:00000180       _DllMain@12                10001180 f   FOX.obj
 0001:00000190       _FOX_AppActiveInit         10001190 f   FOX_active.obj
 0001:000001a0       _FOX_GetAppState           100011a0 f   FOX_active.obj
 0001:000001b0       _FOX_PrivateAppActive      100011b0 f   FOX_active.obj
 0001:00000260       _FOX_RunAudio              10001260 f   FOX_audio.obj
 0001:00000400       _FOX_AudioInit             10001400 f   FOX_audio.obj
 0001:00000500       _FOX_AudioDriverName       10001500 f   FOX_audio.obj
 0001:00000540       _FOX_OpenAudio             10001540 f   FOX_audio.obj
 0001:00000760       _FOX_GetAudioStatus        10001760 f   FOX_audio.obj
 0001:00000790       _FOX_PauseAudio            10001790 f   FOX_audio.obj
 0001:000007b0       _FOX_LockAudio             100017b0 f   FOX_audio.obj
 0001:000007f0       _FOX_UnlockAudio           100017f0 f   FOX_audio.obj
 0001:00000830       _FOX_CloseAudio            10001830 f   FOX_audio.obj
 0001:00000840       _FOX_AudioQuit             10001840 f   FOX_audio.obj
 0001:000008e0       _FOX_FirstAudioFormat      100018e0 f   FOX_audio.obj
 0001:00000920       _FOX_NextAudioFormat       10001920 f   FOX_audio.obj
 0001:00000950       _FOX_CalculateAudioSpec    10001950 f   FOX_audio.obj
 0001:00000990       _FOX_ConvertMono           10001990 f   FOX_audiocvt.obj
 0001:00000c00       _FOX_ConvertStereo         10001c00 f   FOX_audiocvt.obj
 0001:00000c90       _FOX_Convert16LSB          10001c90 f   FOX_audiocvt.obj
 0001:00000cf0       _FOX_Convert16MSB          10001cf0 f   FOX_audiocvt.obj
 0001:00000d50       _FOX_Convert8              10001d50 f   FOX_audiocvt.obj
 0001:00000dc0       _FOX_ConvertSign           10001dc0 f   FOX_audiocvt.obj
 0001:00000e30       _FOX_ConvertEndian         10001e30 f   FOX_audiocvt.obj
 0001:00000e80       _FOX_RateMUL2              10001e80 f   FOX_audiocvt.obj
 0001:00000f10       _FOX_RateDIV2              10001f10 f   FOX_audiocvt.obj
 0001:00000f90       _FOX_RateSLOW              10001f90 f   FOX_audiocvt.obj
 0001:000010d0       _FOX_ConvertAudio          100020d0 f   FOX_audiocvt.obj
 0001:00001110       _FOX_BuildAudioCVT         10002110 f   FOX_audiocvt.obj
 0001:00001390       _FOX_AllocAudioMem         10002390 f   FOX_audiomem.obj
 0001:000013a0       _FOX_FreeAudioMem          100023a0 f   FOX_audiomem.obj
 0001:000013b0       _FOX_CalculateBlit         100023b0 f   FOX_blit.obj
 0001:00001fb0       _FOX_CalculateBlit0        10002fb0 f   FOX_blit_0.obj
 0001:000030e0       _FOX_CalculateBlit1        100040e0 f   FOX_blit_1.obj
 0001:00004690       _FOX_CalculateAlphaBlit    10005690 f   FOX_blit_A.obj
 0001:00009d80       _FOX_CalculateBlitN        1000ad80 f   FOX_blit_N.obj
 0001:0000d7e0       _FOX_CursorQuit            1000e7e0 f   FOX_cursor.obj
 0001:0000d850       _FOX_CursorInit            1000e850 f   FOX_cursor.obj
 0001:0000d8a0       _FOX_CreateCursor          1000e8a0 f   FOX_cursor.obj
 0001:0000da50       _FOX_SetCursor             1000ea50 f   FOX_cursor.obj
 0001:0000dbc0       _FOX_GetCursor             1000ebc0 f   FOX_cursor.obj
 0001:0000dbd0       _FOX_FreeCursor            1000ebd0 f   FOX_cursor.obj
 0001:0000dc50       _FOX_ShowCursor            1000ec50 f   FOX_cursor.obj
 0001:0000dcf0       _FOX_WarpMouse             1000ecf0 f   FOX_cursor.obj
 0001:0000dd60       _FOX_MoveCursor            1000ed60 f   FOX_cursor.obj
 0001:0000de00       _FOX_CursorPaletteChanged  1000ee00 f   FOX_cursor.obj
 0001:0000de10       _FOX_MouseRect             1000ee10 f   FOX_cursor.obj
 0001:0000deb0       _FOX_DrawCursorNoLock      1000eeb0 f   FOX_cursor.obj
 0001:0000e680       _FOX_DrawCursor            1000f680 f   FOX_cursor.obj
 0001:0000e710       _FOX_EraseCursorNoLock     1000f710 f   FOX_cursor.obj
 0001:0000e8d0       _FOX_EraseCursor           1000f8d0 f   FOX_cursor.obj
 0001:0000e960       _FOX_ResetCursor           1000f960 f   FOX_cursor.obj
 0001:0000e9b0       _FOX_fastPixelColorNolock  1000f9b0 f   FOX_draw2d.obj
 0001:0000ea80       _FOX_fastPixelColorNolockNoclip 1000fa80 f   FOX_draw2d.obj
 0001:0000eb00       _FOX_fastPixelColor        1000fb00 f   FOX_draw2d.obj
 0001:0000eb60       _FOX_fastPixelRGBA         1000fb60 f   FOX_draw2d.obj
 0001:0000eba0       _FOX_fastPixelRGBANolock   1000fba0 f   FOX_draw2d.obj
 0001:0000ebe0       _FOX__putPixelAlpha        1000fbe0 f   FOX_draw2d.obj
 0001:0000f150       _FOX_pixelColor            10010150 f   FOX_draw2d.obj
 0001:0000f1d0       _FOX__filledRectAlpha      100101d0 f   FOX_draw2d.obj
 0001:0000f830       _FOX_filledRectAlpha       10010830 f   FOX_draw2d.obj
 0001:0000f8c0       _FOX_HLineAlpha            100108c0 f   FOX_draw2d.obj
 0001:0000f8f0       _FOX_VLineAlpha            100108f0 f   FOX_draw2d.obj
 0001:0000f920       _FOX_pixelColorWeight      10010920 f   FOX_draw2d.obj
 0001:0000f960       _FOX_pixelRGBA             10010960 f   FOX_draw2d.obj
 0001:0000f9e0       _FOX_hlineColor            100109e0 f   FOX_draw2d.obj
 0001:0000fb70       _FOX_hlineRGBA             10010b70 f   FOX_draw2d.obj
 0001:0000fbc0       _FOX_vlineColor            10010bc0 f   FOX_draw2d.obj
 0001:0000fd50       _FOX_vlineRGBA             10010d50 f   FOX_draw2d.obj
 0001:0000fda0       _FOX_rectangleColor        10010da0 f   FOX_draw2d.obj
 0001:0000fec0       _FOX_rectangleRGBA         10010ec0 f   FOX_draw2d.obj
 0001:0000ff10       _FOX_boxColor              10010f10 f   FOX_draw2d.obj
 0001:000103e0       _FOX_boxRGBA               100113e0 f   FOX_draw2d.obj
 0001:00010430       _FOX_lineColor             10011430 f   FOX_draw2d.obj
 0001:000107d0       _FOX_lineRGBA              100117d0 f   FOX_draw2d.obj
 0001:00010820       _FOX_aalineColorInt        10011820 f   FOX_draw2d.obj
 0001:00010a90       _FOX_aalineColor           10011a90 f   FOX_draw2d.obj
 0001:00010ac0       _FOX_aalineRGBA            10011ac0 f   FOX_draw2d.obj
 0001:00010b10       _FOX_circleColor           10011b10 f   FOX_draw2d.obj
 0001:00011010       _FOX_circleRGBA            10012010 f   FOX_draw2d.obj
 0001:00011060       _FOX_aacircleColor         10012060 f   FOX_draw2d.obj
 0001:00011090       _FOX_aacircleRGBA          10012090 f   FOX_draw2d.obj
 0001:000110e0       _FOX_filledCircleColor     100120e0 f   FOX_draw2d.obj
 0001:00011330       _FOX_filledCircleRGBA      10012330 f   FOX_draw2d.obj
 0001:00011380       _FOX_ellipseColor          10012380 f   FOX_draw2d.obj
 0001:00011ce0       _FOX_ellipseRGBA           10012ce0 f   FOX_draw2d.obj
 0001:00011d30       _FOX_aaellipseColor        10012d30 f   FOX_draw2d.obj
 0001:00011ee0       _FOX_aaellipseRGBA         10012ee0 f   FOX_draw2d.obj
 0001:00011f30       _FOX_filledEllipseColor    10012f30 f   FOX_draw2d.obj
 0001:00012320       _FOX_filledEllipseRGBA     10013320 f   FOX_draw2d.obj
 0001:00012370       _FOX_polygonColor          10013370 f   FOX_draw2d.obj
 0001:00012420       _FOX_polygonRGBA           10013420 f   FOX_draw2d.obj
 0001:00012470       _FOX_filledPolygonColor    10013470 f   FOX_draw2d.obj
 0001:00012650       _FOX_filledPolygonRGBA     10013650 f   FOX_draw2d.obj
 0001:000126a0       _FOX_gfxPrimitivesCompareInt 100136a0 f   FOX_draw2d.obj
 0001:00012880       _DX8_SoundFocus            10013880 f   FOX_dx8audio.obj
 0001:000131d0       _DX8_DInputReset           100141d0 f   FOX_dx8events.obj
 0001:00013690       _DX8_HandleMessage         10014690 f   FOX_dx8events.obj
 0001:000138c0       _DX8_PumpEvents            100148c0 f   FOX_dx8events.obj
 0001:00013b70       _DX8_InitOSKeymap          10014b70 f   FOX_dx8events.obj
 0001:00014040       _DX8_CreateWindow          10015040 f   FOX_dx8events.obj
 0001:00014360       _DX8_DestroyWindow         10015360 f   FOX_dx8events.obj
 0001:000147d0       _SetDDerror                100157d0 f   FOX_dx8video.obj
 0001:000168d0       _DX8_CreateYUVOverlay      100178d0 f   FOX_dx8yuv.obj
 0001:00016b40       _DX8_LockYUVOverlay        10017b40 f   FOX_dx8yuv.obj
 0001:00016c30       _DX8_UnlockYUVOverlay      10017c30 f   FOX_dx8yuv.obj
 0001:00016c50       _DX8_DisplayYUVOverlay     10017c50 f   FOX_dx8yuv.obj
 0001:00016d00       _DX8_FreeYUVOverlay        10017d00 f   FOX_dx8yuv.obj
 0001:00016d30       _FOX_ReadLE16              10017d30 f   FOX_endian.obj
 0001:00016d50       _FOX_ReadBE16              10017d50 f   FOX_endian.obj
 0001:00016d80       _FOX_ReadLE32              10017d80 f   FOX_endian.obj
 0001:00016da0       _FOX_ReadBE32              10017da0 f   FOX_endian.obj
 0001:00016de0       _FOX_ReadLE64              10017de0 f   FOX_endian.obj
 0001:00016e00       _FOX_ReadBE64              10017e00 f   FOX_endian.obj
 0001:00016e80       _FOX_WriteLE16             10017e80 f   FOX_endian.obj
 0001:00016ea0       _FOX_WriteBE16             10017ea0 f   FOX_endian.obj
 0001:00016ed0       _FOX_WriteLE32             10017ed0 f   FOX_endian.obj
 0001:00016ef0       _FOX_WriteBE32             10017ef0 f   FOX_endian.obj
 0001:00016f40       _FOX_WriteLE64             10017f40 f   FOX_endian.obj
 0001:00016f60       _FOX_WriteBE64             10017f60 f   FOX_endian.obj
 0001:00016fe0       _FOX_SetError              10017fe0 f   FOX_error.obj
 0001:000171d0       _FOX_GetErrorMsgUNICODE    100181d0 f   FOX_error.obj
 0001:000175d0       _FOX_GetErrorMsg           100185d0 f   FOX_error.obj
 0001:00017640       _FOX_GetError              10018640 f   FOX_error.obj
 0001:00017660       _FOX_ClearError            10018660 f   FOX_error.obj
 0001:00017670       _FOX_Error                 10018670 f   FOX_error.obj
 0001:000176e0       _FOX_Lock_EventThread      100186e0 f   FOX_events.obj
 0001:00017730       _FOX_Unlock_EventThread    10018730 f   FOX_events.obj
 0001:00017760       _FOX_EventThreadID         10018760 f   FOX_events.obj
 0001:00017770       _FOX_StopEventLoop         10018770 f   FOX_events.obj
 0001:000177e0       _FOX_StartEventLoop        100187e0 f   FOX_events.obj
 0001:00017990       _FOX_PeepEvents            10018990 f   FOX_events.obj
 0001:00017bf0       _FOX_PumpEvents            10018bf0 f   FOX_events.obj
 0001:00017c20       _FOX_PollEvent             10018c20 f   FOX_events.obj
 0001:00017c40       _FOX_WaitEvent             10018c40 f   FOX_events.obj
 0001:00017c90       _FOX_PushEvent             10018c90 f   FOX_events.obj
 0001:00017cb0       _FOX_SetEventFilter        10018cb0 f   FOX_events.obj
 0001:00017cf0       _FOX_GetEventFilter        10018cf0 f   FOX_events.obj
 0001:00017d00       _FOX_EventState            10018d00 f   FOX_events.obj
 0001:00017e00       _FOX_PrivateSysWMEvent     10018e00 f   FOX_events.obj
 0001:00017e70       _FOX_PrivateExpose         10018e70 f   FOX_expose.obj
 0001:00017ed0       _putc_buffer               10018ed0 f   FOX_filesys.obj
 0001:00017f00       _getc_lz                   10018f00 f   FOX_filesys.obj
 0001:00017f30       _lzss_decode               10018f30 f   FOX_filesys.obj
 0001:00018020       _lzss_decompress           10019020 f   FOX_filesys.obj
 0001:00018050       _PutBit                    10019050 f   FOX_filesys.obj
 0001:000180a0       _FlushBitBuffer            100190a0 f   FOX_filesys.obj
 0001:000180c0       _GetBit                    100190c0 f   FOX_filesys.obj
 0001:00018100       _StartModel                10019100 f   FOX_filesys.obj
 0001:00018180       _UpdateModel               10019180 f   FOX_filesys.obj
 0001:00018240       _EncodePosition            10019240 f   FOX_filesys.obj
 0001:00018360       _EncodeEnd                 10019360 f   FOX_filesys.obj
 0001:00018390       _BinarySearchSym           10019390 f   FOX_filesys.obj
 0001:000183d0       _BinarySearchPos           100193d0 f   FOX_filesys.obj
 0001:00018410       _StartDecode               10019410 f   FOX_filesys.obj
 0001:00018430       _DecodeChar                10019430 f   FOX_filesys.obj
 0001:00018530       _DecodePosition            10019530 f   FOX_filesys.obj
 0001:00018620       _lzari_Decode              10019620 f   FOX_filesys.obj
 0001:00018760       _lzari_decompress          10019760 f   FOX_filesys.obj
 0001:000187d0       _FOX_filesys_archive       100197d0 f   FOX_filesys.obj
 0001:00018830       _FOX_filesys_search        10019830 f   FOX_filesys.obj
 0001:00018940       _FOX_filesys_load_in       10019940 f   FOX_filesys.obj
 0001:000189e0       _FOX_filesys_load          100199e0 f   FOX_filesys.obj
 0001:00018a10       _FOX_SetGamma              10019a10 f   FOX_gamma.obj
 0001:00018b70       _FOX_GetGamma              10019b70 f   FOX_gamma.obj
 0001:00018cd0       _FOX_SetGammaRamp          10019cd0 f   FOX_gamma.obj
 0001:00018dd0       _FOX_GetGammaRamp          10019dd0 f   FOX_gamma.obj
 0001:00018ea0       _FOX_KeyboardInit          10019ea0 f   FOX_keyboard.obj
 0001:00019800       _FOX_ResetKeyboard         1001a800 f   FOX_keyboard.obj
 0001:00019850       _FOX_EnableUNICODE         1001a850 f   FOX_keyboard.obj
 0001:00019870       _FOX_GetKeyState           1001a870 f   FOX_keyboard.obj
 0001:00019890       _FOX_GetModState           1001a890 f   FOX_keyboard.obj
 0001:000198a0       _FOX_SetModState           1001a8a0 f   FOX_keyboard.obj
 0001:000198b0       _FOX_GetKeyName            1001a8b0 f   FOX_keyboard.obj
 0001:000198d0       _FOX_PrivateKeyboard       1001a8d0 f   FOX_keyboard.obj
 0001:00019b60       _FOX_CheckKeyRepeat        1001ab60 f   FOX_keyboard.obj
 0001:00019bd0       _FOX_EnableKeyRepeat       1001abd0 f   FOX_keyboard.obj
 0001:00019c10       _FOX_MixAudio              1001ac10 f   FOX_mixer.obj
 0001:00019e20       _FOX_MouseInit             1001ae20 f   FOX_mouse.obj
 0001:00019e40       _FOX_GetMouseState         1001ae40 f   FOX_mouse.obj
 0001:00019e70       _FOX_GetRelativeMouseState 1001ae70 f   FOX_mouse.obj
 0001:00019eb0       _FOX_PrivateMouseMotion    1001aeb0 f   FOX_mouse.obj
 0001:0001a0a0       _FOX_PrivateMouseButton    1001b0a0 f   FOX_mouse.obj
 0001:0001a250       _FOX_AllocFormat           1001b250 f   FOX_pixels.obj
 0001:0001a5c0       _FOX_ReallocFormat         1001b5c0 f   FOX_pixels.obj
 0001:0001a610       _FOX_FormatChanged         1001b610 f   FOX_pixels.obj
 0001:0001a630       _FOX_FreeFormat            1001b630 f   FOX_pixels.obj
 0001:0001a670       _FOX_DitherColors          1001b670 f   FOX_pixels.obj
 0001:0001a6e0       _FOX_CalculatePitch        1001b6e0 f   FOX_pixels.obj
 0001:0001a730       _FOX_FindColor             1001b730 f   FOX_pixels.obj
 0001:0001a7f0       _FOX_MapRGB                1001b7f0 f   FOX_pixels.obj
 0001:0001a860       _FOX_MapRGBA               1001b860 f   FOX_pixels.obj
 0001:0001a8f0       _FOX_GetRGBA               1001b8f0 f   FOX_pixels.obj
 0001:0001a9f0       _FOX_GetRGB                1001b9f0 f   FOX_pixels.obj
 0001:0001aac0       _FOX_ApplyGamma            1001bac0 f   FOX_pixels.obj
 0001:0001ab20       _FOX_AllocBlitMap          1001bb20 f   FOX_pixels.obj
 0001:0001ab80       _FOX_InvalidateMap         1001bb80 f   FOX_pixels.obj
 0001:0001abb0       _FOX_MapSurface            1001bbb0 f   FOX_pixels.obj
 0001:0001af80       _FOX_FreeBlitMap           1001bf80 f   FOX_pixels.obj
 0001:0001afb0       _FOX_QuitInit              1001bfb0 f   FOX_quit.obj
 0001:0001b010       _FOX_PrivateQuit           1001c010 f   FOX_quit.obj
 0001:0001b060       _FOX_PrivateResize         1001c060 f   FOX_resize.obj
 0001:0001b130       _FOX_RLEBlit               1001c130 f   FOX_RLEaccel.obj
 0001:0001d640       _FOX_RLEAlphaBlit          1001e640 f   FOX_RLEaccel.obj
 0001:0001e080       _FOX_RLESurface            1001f080 f   FOX_RLEaccel.obj
 0001:0001ed90       _FOX_UnRLESurface          1001fd90 f   FOX_RLEaccel.obj
 0001:0001f260       _FOX_RWFromFile            10020260 f   FOX_rwops.obj
 0001:0001f2a0       _FOX_RWFromFP              100202a0 f   FOX_rwops.obj
 0001:0001f3e0       _FOX_RWFromMem             100203e0 f   FOX_rwops.obj
 0001:0001f540       _FOX_AllocRW               10020540 f   FOX_rwops.obj
 0001:0001f560       _FOX_FreeRW                10020560 f   FOX_rwops.obj
 0001:0001f570       _copy_row1                 10020570 f   FOX_stretch.obj
 0001:0001f5c0       _copy_row2                 100205c0 f   FOX_stretch.obj
 0001:0001f620       _copy_row4                 10020620 f   FOX_stretch.obj
 0001:0001f680       _copy_row3                 10020680 f   FOX_stretch.obj
 0001:0001f700       _FOX_SoftStretch           10020700 f   FOX_stretch.obj
 0001:0001f990       _FOX_CreateRGBSurface      10020990 f   FOX_surface.obj
 0001:0001fb80       _FOX_CreateRGBSurfaceFrom  10020b80 f   FOX_surface.obj
 0001:0001fbf0       _FOX_SetColorKey           10020bf0 f   FOX_surface.obj
 0001:0001fcf0       _FOX_SetAlpha              10020cf0 f   FOX_surface.obj
 0001:0001fe20       _FOX_SetClipRect           10020e20 f   FOX_surface.obj
 0001:0001ff00       _FOX_GetClipRect           10020f00 f   FOX_surface.obj
 0001:0001ff20       _FOX_LowerBlit             10020f20 f   FOX_surface.obj
 0001:0001ffa0       _FOX_UpperBlit             10020fa0 f   FOX_surface.obj
 0001:00020150       _FOX_FillRect              10021150 f   FOX_surface.obj
 0001:00020510       _FOX_LockSurface           10021510 f   FOX_surface.obj
 0001:00020570       _FOX_UnlockSurface         10021570 f   FOX_surface.obj
 0001:000205c0       _FOX_ConvertSurface        100215c0 f   FOX_surface.obj
 0001:000207f0       _FOX_FreeSurface           100217f0 f   FOX_surface.obj
 0001:000208b0       _WinMessage@16             100218b0 f   FOX_sysevents.obj
 0001:000210c0       _FOX_SetModuleHandle       100220c0 f   FOX_sysevents.obj
 0001:000210d0       _FOX_GetModuleHandle       100220d0 f   FOX_sysevents.obj
 0001:000210f0       _FOX_RegisterApp           100220f0 f   FOX_sysevents.obj
 0001:000212a0       _WIN_FreeWMCursor          100222a0 f   FOX_sysmouse.obj
 0001:000212e0       _WIN_CreateWMCursor        100222e0 f   FOX_sysmouse.obj
 0001:00021590       _WIN_ShowWMCursor          10022590 f   FOX_sysmouse.obj
 0001:00021660       _WIN_WarpWMCursor          10022660 f   FOX_sysmouse.obj
 0001:00021780       _WIN_UpdateMouse           10022780 f   FOX_sysmouse.obj
 0001:00021890       _WIN_CheckMouseMode        10022890 f   FOX_sysmouse.obj
 0001:000218c0       _FOX_CreateMutex           100228c0 f   FOX_sysmutex.obj
 0001:00021910       _FOX_DestroyMutex          10022910 f   FOX_sysmutex.obj
 0001:00021940       _FOX_mutexP                10022940 f   FOX_sysmutex.obj
 0001:00021980       _FOX_mutexV                10022980 f   FOX_sysmutex.obj
 0001:000219c0       _FOX_CreateSemaphore       100229c0 f   FOX_syssem.obj
 0001:00021a20       _FOX_DestroySemaphore      10022a20 f   FOX_syssem.obj
 0001:00021a50       _FOX_SemWaitTimeout        10022a50 f   FOX_syssem.obj
 0001:00021ab0       _FOX_SemTryWait            10022ab0 f   FOX_syssem.obj
 0001:00021ac0       _FOX_SemWait               10022ac0 f   FOX_syssem.obj
 0001:00021ad0       _FOX_SemValue              10022ad0 f   FOX_syssem.obj
 0001:00021af0       _FOX_SemPost               10022af0 f   FOX_syssem.obj
 0001:00021b40       _FOX_SYS_CreateThread      10022b40 f   FOX_systhread.obj
 0001:00021ba0       _FOX_SYS_SetupThread       10022ba0 f   FOX_systhread.obj
 0001:00021bb0       _FOX_ThreadID              10022bb0 f   FOX_systhread.obj
 0001:00021bc0       _FOX_SYS_WaitThread        10022bc0 f   FOX_systhread.obj
 0001:00021be0       _FOX_SYS_KillThread        10022be0 f   FOX_systhread.obj
 0001:00021c00       _FOX_StartTicks            10022c00 f   FOX_systimer.obj
 0001:00021c40       _FOX_GetTicks              10022c40 f   FOX_systimer.obj
 0001:00021cc0       _FOX_Delay                 10022cc0 f   FOX_systimer.obj
 0001:00021cd0       _FOX_SYS_TimerInit         10022cd0 f   FOX_systimer.obj
 0001:00021d40       _FOX_SYS_TimerQuit         10022d40 f   FOX_systimer.obj
 0001:00021d60       _FOX_SYS_StartTimer        10022d60 f   FOX_systimer.obj
 0001:00021d80       _FOX_SYS_StopTimer         10022d80 f   FOX_systimer.obj
 0001:00021d90       _WIN_SetWMIcon             10022d90 f   FOX_syswm.obj
 0001:00022100       _WIN_SetWMCaption          10023100 f   FOX_syswm.obj
 0001:00022120       _WIN_IconifyWindow         10023120 f   FOX_syswm.obj
 0001:00022140       _WIN_GrabInput             10023140 f   FOX_syswm.obj
 0001:00022220       _WIN_GetWMInfo             10023220 f   FOX_syswm.obj
 0001:00022250       _FOX_ThreadsInit           10023250 f   FOX_thread.obj
 0001:00022280       _FOX_ThreadsQuit           10023280 f   FOX_thread.obj
 0001:000222a0       _FOX_GetErrBuf             100232a0 f   FOX_thread.obj
 0001:00022310       _FOX_RunThread             10023310 f   FOX_thread.obj
 0001:00022350       _FOX_CreateThread          10023350 f   FOX_thread.obj
 0001:00022590       _FOX_WaitThread            10023590 f   FOX_thread.obj
 0001:000225d0       _FOX_GetThreadID           100235d0 f   FOX_thread.obj
 0001:000225e0       _FOX_KillThread            100235e0 f   FOX_thread.obj
 0001:00022600       _FOX_SetTimerThreaded      10023600 f   FOX_timer.obj
 0001:00022630       _FOX_TimerInit             10023630 f   FOX_timer.obj
 0001:00022680       _FOX_TimerQuit             10023680 f   FOX_timer.obj
 0001:000226c0       _FOX_ThreadedTimerCheck    100236c0 f   FOX_timer.obj
 0001:000227c0       _FOX_AddTimer              100237c0 f   FOX_timer.obj
 0001:00022890       _FOX_RemoveTimer           10023890 f   FOX_timer.obj
 0001:00022920       _FOX_SetTimer              10023920 f   FOX_timer.obj
 0001:00022a00       _FOX_VideoInit             10023a00 f   FOX_video.obj
 0001:00022c30       _FOX_VideoDriverName       10023c30 f   FOX_video.obj
 0001:00022c70       _FOX_GetVideoSurface       10023c70 f   FOX_video.obj
 0001:00022c90       _FOX_GetVideoInfo          10023c90 f   FOX_video.obj
 0001:00022ca0       _FOX_ListModes             10023ca0 f   FOX_video.obj
 0001:00022cd0       _FOX_VideoModeOK           10023cd0 f   FOX_video.obj
 0001:00022de0       _FOX_SetVideoMode          10023de0 f   FOX_video.obj
 0001:00023530       _FOX_DisplayFormat         10024530 f   FOX_video.obj
 0001:00023580       _FOX_DisplayFormatAlpha    10024580 f   FOX_video.obj
 0001:00023640       _FOX_UpdateRect            10024640 f   FOX_video.obj
 0001:000236b0       _FOX_UpdateRects           100246b0 f   FOX_video.obj
 0001:00023880       _FOX_Flip                  10024880 f   FOX_video.obj
 0001:00023970       _FOX_SetPalette            10024970 f   FOX_video.obj
 0001:00023c70       _FOX_SetColors             10024c70 f   FOX_video.obj
 0001:00023c90       _FOX_VideoQuit             10024c90 f   FOX_video.obj
 0001:00023da0       _FOX_WM_SetCaption         10024da0 f   FOX_video.obj
 0001:00023eb0       _FOX_WM_GetCaption         10024eb0 f   FOX_video.obj
 0001:00023ee0       _FOX_WM_SetIcon            10024ee0 f   FOX_video.obj
 0001:00024160       _FOX_WM_GrabInput          10025160 f   FOX_video.obj
 0001:00024240       _FOX_WM_IconifyWindow      10025240 f   FOX_video.obj
 0001:00024260       _FOX_WM_ToggleFullScreen   10025260 f   FOX_video.obj
 0001:00024320       _FOX_GetWMInfo             10025320 f   FOX_video.obj
 0001:00024350       _FOX_LoadWAV_RW            10025350 f   FOX_wave.obj
 0001:00025130       _FOX_FreeWAV               10026130 f   FOX_wave.obj
 0001:000251c0       _FOX_CreateYUVOverlay      100261c0 f   FOX_yuv.obj
 0001:00025290       _FOX_LockYUVOverlay        10026290 f   FOX_yuv.obj
 0001:000252b0       _FOX_UnlockYUVOverlay      100262b0 f   FOX_yuv.obj
 0001:000252d0       _FOX_DisplayYUVOverlay     100262d0 f   FOX_yuv.obj
 0001:000252f0       _FOX_FreeYUVOverlay        100262f0 f   FOX_yuv.obj
 0001:00025320       _FOX_CreateYUV_SW          10026320 f   FOX_yuv_sw.obj
 0001:00026de0       _FOX_LockYUV_SW            10027de0 f   FOX_yuv_sw.obj
 0001:00026df0       _FOX_UnlockYUV_SW          10027df0 f   FOX_yuv_sw.obj
 0001:00026e00       _FOX_DisplayYUV_SW         10027e00 f   FOX_yuv_sw.obj
 0001:00027060       _FOX_FreeYUV_SW            10028060 f   FOX_yuv_sw.obj
 0001:000270c0       _timeGetTime@0             100280c0 f   winmm:WINMM.dll
 0001:000270c6       _timeBeginPeriod@4         100280c6 f   winmm:WINMM.dll
 0001:000270cc       _timeSetEvent@20           100280cc f   winmm:WINMM.dll
 0001:000270d2       _timeEndPeriod@4           100280d2 f   winmm:WINMM.dll
 0001:000270d8       _timeKillEvent@4           100280d8 f   winmm:WINMM.dll
 0001:000270de       _FreeLibrary@4             100280de f   kernel32:KERNEL32.dll
 0001:000270e4       _GetProcAddress@8          100280e4 f   kernel32:KERNEL32.dll
 0001:000270ea       _GetVersionExA@4           100280ea f   kernel32:KERNEL32.dll
 0001:000270f0       _LoadLibraryA@4            100280f0 f   kernel32:KERNEL32.dll
 0001:000270f6       _SetThreadPriority@8       100280f6 f   kernel32:KERNEL32.dll
 0001:000270fc       _GetCurrentThread@0        100280fc f   kernel32:KERNEL32.dll
 0001:00027102       _CloseHandle@4             10028102 f   kernel32:KERNEL32.dll
 0001:00027108       _CreateEventA@16           10028108 f   kernel32:KERNEL32.dll
 0001:0002710e       _GetModuleHandleA@4        1002810e f   kernel32:KERNEL32.dll
 0001:00027114       _CreateMutexA@12           10028114 f   kernel32:KERNEL32.dll
 0001:0002711a       _WaitForSingleObject@8     1002811a f   kernel32:KERNEL32.dll
 0001:00027120       _ReleaseMutex@4            10028120 f   kernel32:KERNEL32.dll
 0001:00027126       _CreateSemaphoreA@16       10028126 f   kernel32:KERNEL32.dll
 0001:0002712c       _ReleaseSemaphore@12       1002812c f   kernel32:KERNEL32.dll
 0001:00027132       _CreateThread@24           10028132 f   kernel32:KERNEL32.dll
 0001:00027138       _GetCurrentThreadId@0      10028138 f   kernel32:KERNEL32.dll
 0001:0002713e       _TerminateThread@8         1002813e f   kernel32:KERNEL32.dll
 0001:00027144       _QueryPerformanceCounter@4 10028144 f   kernel32:KERNEL32.dll
 0001:0002714a       _QueryPerformanceFrequency@4 1002814a f   kernel32:KERNEL32.dll
 0001:00027150       _Sleep@4                   10028150 f   kernel32:KERNEL32.dll
 0001:00027156       _GetDesktopWindow@0        10028156 f   user32:USER32.dll
 0001:0002715c       _ReleaseCapture@0          1002815c f   user32:USER32.dll
 0001:00027162       _SetCapture@4              10028162 f   user32:USER32.dll
 0001:00027168       _ScreenToClient@8          10028168 f   user32:USER32.dll
 0001:0002716e       _GetCursorPos@4            1002816e f   user32:USER32.dll
 0001:00027174       _DefWindowProcA@16         10028174 f   user32:USER32.dll
 0001:0002717a       _GetForegroundWindow@0     1002817a f   user32:USER32.dll
 0001:00027180       _MsgWaitForMultipleObjects@20 10028180 f   user32:USER32.dll
 0001:00027186       _DispatchMessageA@4        10028186 f   user32:USER32.dll
 0001:0002718c       _GetMessageA@16            1002818c f   user32:USER32.dll
 0001:00027192       _PeekMessageA@20           10028192 f   user32:USER32.dll
 0001:00027198       _ToAscii@20                10028198 f   user32:USER32.dll
 0001:0002719e       _GetKeyboardState@4        1002819e f   user32:USER32.dll
 0001:000271a4       _MapVirtualKeyA@8          100281a4 f   user32:USER32.dll
 0001:000271aa       _ShowWindow@8              100281aa f   user32:USER32.dll
 0001:000271b0       _CreateWindowExA@48        100281b0 f   user32:USER32.dll
 0001:000271b6       _SetWindowLongA@12         100281b6 f   user32:USER32.dll
 0001:000271bc       _GetWindowLongA@8          100281bc f   user32:USER32.dll
 0001:000271c2       _DestroyWindow@4           100281c2 f   user32:USER32.dll
 0001:000271c8       _ReleaseDC@8               100281c8 f   user32:USER32.dll
 0001:000271ce       _GetDC@4                   100281ce f   user32:USER32.dll
 0001:000271d4       _AdjustWindowRect@12       100281d4 f   user32:USER32.dll
 0001:000271da       _SetForegroundWindow@4     100281da f   user32:USER32.dll
 0001:000271e0       _SetWindowPos@28           100281e0 f   user32:USER32.dll
 0001:000271e6       _GetSystemMetrics@4        100281e6 f   user32:USER32.dll
 0001:000271ec       _IsZoomed@4                100281ec f   user32:USER32.dll
 0001:000271f2       _ChangeDisplaySettingsA@8  100281f2 f   user32:USER32.dll
 0001:000271f8       _IsWindowVisible@4         100281f8 f   user32:USER32.dll
 0001:000271fe       _DestroyIcon@4             100281fe f   user32:USER32.dll
 0001:00027204       _SetFocus@4                10028204 f   user32:USER32.dll
 0001:0002720a       _SetCursorPos@8            1002820a f   user32:USER32.dll
 0001:00027210       _GetWindowRect@8           10028210 f   user32:USER32.dll
 0001:00027216       _PostQuitMessage@4         10028216 f   user32:USER32.dll
 0001:0002721c       _EndPaint@8                1002821c f   user32:USER32.dll
 0001:00027222       _BeginPaint@8              10028222 f   user32:USER32.dll
 0001:00027228       _SetCursor@4               10028228 f   user32:USER32.dll
 0001:0002722e       _ClipCursor@4              1002822e f   user32:USER32.dll
 0001:00027234       _ClientToScreen@8          10028234 f   user32:USER32.dll
 0001:0002723a       _GetClientRect@8           1002823a f   user32:USER32.dll
 0001:00027240       _RegisterClassA@4          10028240 f   user32:USER32.dll
 0001:00027246       _LoadImageA@24             10028246 f   user32:USER32.dll
 0001:0002724c       _SetTimer@16               1002824c f   user32:USER32.dll
 0001:00027252       _PostMessageA@16           10028252 f   user32:USER32.dll
 0001:00027258       _KillTimer@8               10028258 f   user32:USER32.dll
 0001:0002725e       _WindowFromPoint@8         1002825e f   user32:USER32.dll
 0001:00027264       _PtInRect@12               10028264 f   user32:USER32.dll
 0001:0002726a       _MapWindowPoints@16        1002826a f   user32:USER32.dll
 0001:00027270       _DestroyCursor@4           10028270 f   user32:USER32.dll
 0001:00027276       _CreateCursor@28           10028276 f   user32:USER32.dll
 0001:0002727c       _SetClassLongA@12          1002827c f   user32:USER32.dll
 0001:00027282       _CreateIconFromResourceEx@28 10028282 f   user32:USER32.dll
 0001:00027288       _SetWindowTextA@8          10028288 f   user32:USER32.dll
 0001:0002728e       _GetDeviceCaps@8           1002828e f   gdi32:GDI32.dll
 0001:00027294       _GetSystemPaletteEntries@16 10028294 f   gdi32:GDI32.dll
 0001:0002729a       _getenv                    1002829a f   MSVCRT:MSVCRT.dll
 0001:000272a0       _strncmp                   100282a0 f   MSVCRT:MSVCRT.dll
 0001:000272a6       _strncpy                   100282a6 f   MSVCRT:MSVCRT.dll
 0001:000272b0       __ftol                     100282b0 f   MSVCRT:MSVCRT.dll
 0001:000272b6       _malloc                    100282b6 f   MSVCRT:MSVCRT.dll
 0001:000272bc       _free                      100282bc f   MSVCRT:MSVCRT.dll
 0001:000272c2       _memmove                   100282c2 f   MSVCRT:MSVCRT.dll
 0001:000272c8       _qsort                     100282c8 f   MSVCRT:MSVCRT.dll
 0001:000272ce       _realloc                   100282ce f   MSVCRT:MSVCRT.dll
 0001:000272d4       _sprintf                   100282d4 f   MSVCRT:MSVCRT.dll
 0001:000272da       _strtol                    100282da f   MSVCRT:MSVCRT.dll
 0001:000272e0       __chkstk                   100282e0 f   MSVCRT:chkstk.obj
 0001:000272e0       __alloca_probe             100282e0 f   MSVCRT:chkstk.obj
 0001:00027310       _fprintf                   10028310 f   MSVCRT:MSVCRT.dll
 0001:00027316       _getc                      10028316 f   MSVCRT:MSVCRT.dll
 0001:0002731c       _fclose                    1002831c f   MSVCRT:MSVCRT.dll
 0001:00027322       _fread                     10028322 f   MSVCRT:MSVCRT.dll
 0001:00027328       _fseek                     10028328 f   MSVCRT:MSVCRT.dll
 0001:0002732e       _fopen                     1002832e f   MSVCRT:MSVCRT.dll
 0001:00027334       __CIpow                    10028334 f   MSVCRT:MSVCRT.dll
 0001:0002733a       _signal                    1002833a f   MSVCRT:MSVCRT.dll
 0001:00027340       _ftell                     10028340 f   MSVCRT:MSVCRT.dll
 0001:00027346       _fwrite                    10028346 f   MSVCRT:MSVCRT.dll
 0001:00027350       __alldiv                   10028350 f   MSVCRT:lldiv.obj
 0001:00027400       __allmul                   10028400 f   MSVCRT:llmul.obj
 0001:00027434       _atoi                      10028434 f   MSVCRT:MSVCRT.dll
 0001:0002743a       __CRT_INIT@12              1002843a f   MSVCRT:crtdll.obj
 0001:000274e5       __DllMainCRTStartup@12     100284e5 f   MSVCRT:crtdll.obj
 0001:00027582       __initterm                 10028582 f   MSVCRT:MSVCRT.dll
 0001:00027588       __onexit                   10028588 f   MSVCRT:atonexit.obj
 0001:000275b4       _atexit                    100285b4 f   MSVCRT:atonexit.obj
 0001:000275c6       ___dllonexit               100285c6 f   MSVCRT:MSVCRT.dll
 0002:00000000       __imp__GetSystemPaletteEntries@16 10029000     gdi32:GDI32.dll
 0002:00000004       __imp__GetDeviceCaps@8     10029004     gdi32:GDI32.dll
 0002:00000008       \177GDI32_NULL_THUNK_DATA  10029008     gdi32:GDI32.dll
 0002:0000000c       __imp__GetModuleHandleA@4  1002900c     kernel32:KERNEL32.dll
 0002:00000010       __imp__WaitForSingleObject@8 10029010     kernel32:KERNEL32.dll
 0002:00000014       __imp__ReleaseMutex@4      10029014     kernel32:KERNEL32.dll
 0002:00000018       __imp__FreeLibrary@4       10029018     kernel32:KERNEL32.dll
 0002:0000001c       __imp__GetProcAddress@8    1002901c     kernel32:KERNEL32.dll
 0002:00000020       __imp__GetVersionExA@4     10029020     kernel32:KERNEL32.dll
 0002:00000024       __imp__LoadLibraryA@4      10029024     kernel32:KERNEL32.dll
 0002:00000028       __imp__SetThreadPriority@8 10029028     kernel32:KERNEL32.dll
 0002:0000002c       __imp__GetCurrentThread@0  1002902c     kernel32:KERNEL32.dll
 0002:00000030       __imp__CloseHandle@4       10029030     kernel32:KERNEL32.dll
 0002:00000034       __imp__CreateEventA@16     10029034     kernel32:KERNEL32.dll
 0002:00000038       __imp__GetCurrentThreadId@0 10029038     kernel32:KERNEL32.dll
 0002:0000003c       __imp__CreateMutexA@12     1002903c     kernel32:KERNEL32.dll
 0002:00000040       __imp__TerminateThread@8   10029040     kernel32:KERNEL32.dll
 0002:00000044       __imp__QueryPerformanceCounter@4 10029044     kernel32:KERNEL32.dll
 0002:00000048       __imp__CreateSemaphoreA@16 10029048     kernel32:KERNEL32.dll
 0002:0000004c       __imp__ReleaseSemaphore@12 1002904c     kernel32:KERNEL32.dll
 0002:00000050       __imp__CreateThread@24     10029050     kernel32:KERNEL32.dll
 0002:00000054       __imp__Sleep@4             10029054     kernel32:KERNEL32.dll
 0002:00000058       __imp__QueryPerformanceFrequency@4 10029058     kernel32:KERNEL32.dll
 0002:0000005c       \177KERNEL32_NULL_THUNK_DATA 1002905c     kernel32:KERNEL32.dll
 0002:00000060       __imp___initterm           10029060     MSVCRT:MSVCRT.dll
 0002:00000064       __imp___adjust_fdiv        10029064     MSVCRT:MSVCRT.dll
 0002:00000068       __imp____dllonexit         10029068     MSVCRT:MSVCRT.dll
 0002:0000006c       __imp___onexit             1002906c     MSVCRT:MSVCRT.dll
 0002:00000070       __imp__ftell               10029070     MSVCRT:MSVCRT.dll
 0002:00000074       __imp___CIpow              10029074     MSVCRT:MSVCRT.dll
 0002:00000078       __imp__fopen               10029078     MSVCRT:MSVCRT.dll
 0002:0000007c       __imp__fseek               1002907c     MSVCRT:MSVCRT.dll
 0002:00000080       __imp__fread               10029080     MSVCRT:MSVCRT.dll
 0002:00000084       __imp__fclose              10029084     MSVCRT:MSVCRT.dll
 0002:00000088       __imp__getc                10029088     MSVCRT:MSVCRT.dll
 0002:0000008c       __imp___iob                1002908c     MSVCRT:MSVCRT.dll
 0002:00000090       __imp__fprintf             10029090     MSVCRT:MSVCRT.dll
 0002:00000094       __imp__strtol              10029094     MSVCRT:MSVCRT.dll
 0002:00000098       __imp__sprintf             10029098     MSVCRT:MSVCRT.dll
 0002:0000009c       __imp__realloc             1002909c     MSVCRT:MSVCRT.dll
 0002:000000a0       __imp__qsort               100290a0     MSVCRT:MSVCRT.dll
 0002:000000a4       __imp__memmove             100290a4     MSVCRT:MSVCRT.dll
 0002:000000a8       __imp__free                100290a8     MSVCRT:MSVCRT.dll
 0002:000000ac       __imp__malloc              100290ac     MSVCRT:MSVCRT.dll
 0002:000000b0       __imp___ftol               100290b0     MSVCRT:MSVCRT.dll
 0002:000000b4       __imp__strncpy             100290b4     MSVCRT:MSVCRT.dll
 0002:000000b8       __imp__strncmp             100290b8     MSVCRT:MSVCRT.dll
 0002:000000bc       __imp__atoi                100290bc     MSVCRT:MSVCRT.dll
 0002:000000c0       __imp__fwrite              100290c0     MSVCRT:MSVCRT.dll
 0002:000000c4       __imp__signal              100290c4     MSVCRT:MSVCRT.dll
 0002:000000c8       __imp__getenv              100290c8     MSVCRT:MSVCRT.dll
 0002:000000cc       \177MSVCRT_NULL_THUNK_DATA 100290cc     MSVCRT:MSVCRT.dll
 0002:000000d0       __imp__ChangeDisplaySettingsA@8 100290d0     user32:USER32.dll
 0002:000000d4       __imp__IsWindowVisible@4   100290d4     user32:USER32.dll
 0002:000000d8       __imp__SetWindowPos@28     100290d8     user32:USER32.dll
 0002:000000dc       __imp__SetForegroundWindow@4 100290dc     user32:USER32.dll
 0002:000000e0       __imp__SetFocus@4          100290e0     user32:USER32.dll
 0002:000000e4       __imp__SetCursorPos@8      100290e4     user32:USER32.dll
 0002:000000e8       __imp__GetWindowRect@8     100290e8     user32:USER32.dll
 0002:000000ec       __imp__PostQuitMessage@4   100290ec     user32:USER32.dll
 0002:000000f0       __imp__EndPaint@8          100290f0     user32:USER32.dll
 0002:000000f4       __imp__BeginPaint@8        100290f4     user32:USER32.dll
 0002:000000f8       __imp__SetCursor@4         100290f8     user32:USER32.dll
 0002:000000fc       __imp__ClipCursor@4        100290fc     user32:USER32.dll
 0002:00000100       __imp__ClientToScreen@8    10029100     user32:USER32.dll
 0002:00000104       __imp__GetDC@4             10029104     user32:USER32.dll
 0002:00000108       __imp__AdjustWindowRect@12 10029108     user32:USER32.dll
 0002:0000010c       __imp__LoadImageA@24       1002910c     user32:USER32.dll
 0002:00000110       __imp__SetTimer@16         10029110     user32:USER32.dll
 0002:00000114       __imp__PostMessageA@16     10029114     user32:USER32.dll
 0002:00000118       __imp__KillTimer@8         10029118     user32:USER32.dll
 0002:0000011c       __imp__WindowFromPoint@8   1002911c     user32:USER32.dll
 0002:00000120       __imp__PtInRect@12         10029120     user32:USER32.dll
 0002:00000124       __imp__MapWindowPoints@16  10029124     user32:USER32.dll
 0002:00000128       __imp__DestroyCursor@4     10029128     user32:USER32.dll
 0002:0000012c       __imp__CreateCursor@28     1002912c     user32:USER32.dll
 0002:00000130       __imp__SetClassLongA@12    10029130     user32:USER32.dll
 0002:00000134       __imp__CreateIconFromResourceEx@28 10029134     user32:USER32.dll
 0002:00000138       __imp__SetWindowTextA@8    10029138     user32:USER32.dll
 0002:0000013c       __imp__SetCapture@4        1002913c     user32:USER32.dll
 0002:00000140       __imp__ReleaseCapture@0    10029140     user32:USER32.dll
 0002:00000144       __imp__GetDesktopWindow@0  10029144     user32:USER32.dll
 0002:00000148       __imp__ReleaseDC@8         10029148     user32:USER32.dll
 0002:0000014c       __imp__DestroyWindow@4     1002914c     user32:USER32.dll
 0002:00000150       __imp__GetWindowLongA@8    10029150     user32:USER32.dll
 0002:00000154       __imp__SetWindowLongA@12   10029154     user32:USER32.dll
 0002:00000158       __imp__CreateWindowExA@48  10029158     user32:USER32.dll
 0002:0000015c       __imp__ShowWindow@8        1002915c     user32:USER32.dll
 0002:00000160       __imp__MapVirtualKeyA@8    10029160     user32:USER32.dll
 0002:00000164       __imp__GetKeyboardState@4  10029164     user32:USER32.dll
 0002:00000168       __imp__ToAscii@20          10029168     user32:USER32.dll
 0002:0000016c       __imp__PeekMessageA@20     1002916c     user32:USER32.dll
 0002:00000170       __imp__GetMessageA@16      10029170     user32:USER32.dll
 0002:00000174       __imp__DispatchMessageA@4  10029174     user32:USER32.dll
 0002:00000178       __imp__MsgWaitForMultipleObjects@20 10029178     user32:USER32.dll
 0002:0000017c       __imp__GetForegroundWindow@0 1002917c     user32:USER32.dll
 0002:00000180       __imp__DefWindowProcA@16   10029180     user32:USER32.dll
 0002:00000184       __imp__GetCursorPos@4      10029184     user32:USER32.dll
 0002:00000188       __imp__ScreenToClient@8    10029188     user32:USER32.dll
 0002:0000018c       __imp__GetClientRect@8     1002918c     user32:USER32.dll
 0002:00000190       __imp__RegisterClassA@4    10029190     user32:USER32.dll
 0002:00000194       __imp__GetSystemMetrics@4  10029194     user32:USER32.dll
 0002:00000198       __imp__IsZoomed@4          10029198     user32:USER32.dll
 0002:0000019c       __imp__DestroyIcon@4       1002919c     user32:USER32.dll
 0002:000001a0       \177USER32_NULL_THUNK_DATA 100291a0     user32:USER32.dll
 0002:000001a4       __imp__timeKillEvent@4     100291a4     winmm:WINMM.dll
 0002:000001a8       __imp__timeEndPeriod@4     100291a8     winmm:WINMM.dll
 0002:000001ac       __imp__timeSetEvent@20     100291ac     winmm:WINMM.dll
 0002:000001b0       __imp__timeBeginPeriod@4   100291b0     winmm:WINMM.dll
 0002:000001b4       __imp__timeGetTime@0       100291b4     winmm:WINMM.dll
 0002:000001b8       \177WINMM_NULL_THUNK_DATA  100291b8     winmm:WINMM.dll
 0002:000001e0       __real@8@3ffe8000000000000000 100291e0     FOX_audiocvt.obj
 0002:000001e8       __real@8@00000000000000000000 100291e8     FOX_audiocvt.obj
 0002:000001f0       __real@8@3fff8000000000000000 100291f0     FOX_audiocvt.obj
 0002:000001f8       __real@8@40008000000000000000 100291f8     FOX_audiocvt.obj
 0002:000023c4       __real@4@3fff8000000000000000 1002b3c4     FOX_draw2d.obj
 0002:000023c8       __real@8@4001c90fdaa2922a8000 1002b3c8     FOX_draw2d.obj
 0002:000023d0       _c_dfDIKeyboard            1002b3d0     FOX_dx8video.obj
 0002:000023e8       _c_dfDIMouse               1002b3e8     FOX_dx8video.obj
 0002:00002400       __real@8@400effff000000000000 1002b400     FOX_gamma.obj
 0002:00002408       __real@8@3ff78000000000000000 1002b408     FOX_gamma.obj
 0002:00002410       __real@8@3fef8000800080008000 1002b410     FOX_gamma.obj
 0002:00002418       __real@4@00000000000000000000 1002b418     FOX_gamma.obj
 0002:00002620       __real@8@3fffe2ff3a018bfce000 1002b620     FOX_yuv_sw.obj
 0002:00002628       __real@8@bffdb0569f52c15a8000 1002b628     FOX_yuv_sw.obj
 0002:00002630       __real@8@bffeb6aebd67415ff000 1002b630     FOX_yuv_sw.obj
 0002:00002638       __real@8@3fffb35f096b05fe4800 1002b638     FOX_yuv_sw.obj
 0002:00002640       _KSDATAFORMAT_SUBTYPE_DIRECTMUSIC 1002b640     dxguid:dxguid.obj
 0002:00002650       _KSDATAFORMAT_SUBTYPE_MIDI 1002b650     dxguid:dxguid.obj
 0002:00002660       _IID_IKsControl            1002b660     dxguid:dxguid.obj
 0002:00002670       _IID_IDirectMusicAudioPath 1002b670     dxguid:dxguid.obj
 0002:00002680       _IID_IDirectMusicSong      1002b680     dxguid:dxguid.obj
 0002:00002690       _IID_IDirectMusicContainer 1002b690     dxguid:dxguid.obj
 0002:000026a0       _IID_IDirectMusicScript    1002b6a0     dxguid:dxguid.obj
 0002:000026b0       _IID_IDirectMusicPatternTrack 1002b6b0     dxguid:dxguid.obj
 0002:000026c0       _IID_IDirectMusicStyle8    1002b6c0     dxguid:dxguid.obj
 0002:000026d0       _IID_IDirectMusicSegmentState8 1002b6d0     dxguid:dxguid.obj
 0002:000026e0       _IID_IDirectMusicSegment8  1002b6e0     dxguid:dxguid.obj
 0002:000026f0       _IID_IDirectMusicPerformance8 1002b6f0     dxguid:dxguid.obj
 0002:00002700       _IID_IDirectMusicLoader8   1002b700     dxguid:dxguid.obj
 0002:00002710       _IID_IDirectMusicSegment2  1002b710     dxguid:dxguid.obj
 0002:00002720       _IID_IDirectMusicPerformance2 1002b720     dxguid:dxguid.obj
 0002:00002730       _IID_IDirectMusicBand      1002b730     dxguid:dxguid.obj
 0002:00002740       _IID_IDirectMusicComposer  1002b740     dxguid:dxguid.obj
 0002:00002750       _IID_IDirectMusicChordMap  1002b750     dxguid:dxguid.obj
 0002:00002760       _IID_IDirectMusicStyle     1002b760     dxguid:dxguid.obj
 0002:00002770       _IID_IDirectMusicGraph     1002b770     dxguid:dxguid.obj
 0002:00002780       _IID_IDirectMusicPerformance 1002b780     dxguid:dxguid.obj
 0002:00002790       _IID_IDirectMusicSegmentState 1002b790     dxguid:dxguid.obj
 0002:000027a0       _IID_IDirectMusicSegment   1002b7a0     dxguid:dxguid.obj
 0002:000027b0       _IID_IDirectMusicObject    1002b7b0     dxguid:dxguid.obj
 0002:000027c0       _IID_IDirectMusicGetLoader 1002b7c0     dxguid:dxguid.obj
 0002:000027d0       _IID_IDirectMusicLoader    1002b7d0     dxguid:dxguid.obj
 0002:000027e0       _GUID_Buffer_Mono          1002b7e0     dxguid:dxguid.obj
 0002:000027f0       _GUID_Buffer_3D_Dry        1002b7f0     dxguid:dxguid.obj
 0002:00002800       _GUID_Buffer_Stereo        1002b800     dxguid:dxguid.obj
 0002:00002810       _GUID_Buffer_EnvReverb     1002b810     dxguid:dxguid.obj
 0002:00002820       _GUID_Buffer_Reverb        1002b820     dxguid:dxguid.obj
 0002:00002830       _GUID_Synth_Default        1002b830     dxguid:dxguid.obj
 0002:00002840       _GUID_DefaultGMCollection  1002b840     dxguid:dxguid.obj
 0002:00002850       _GUID_PerfAutoDownload     1002b850     dxguid:dxguid.obj
 0002:00002860       _GUID_PerfMasterGrooveLevel 1002b860     dxguid:dxguid.obj
 0002:00002870       _GUID_PerfMasterVolume     1002b870     dxguid:dxguid.obj
 0002:00002880       _GUID_PerfMasterTempo      1002b880     dxguid:dxguid.obj
 0002:00002890       _GUID_UnloadFromAudioPath  1002b890     dxguid:dxguid.obj
 0002:000028a0       _GUID_DownloadToAudioPath  1002b8a0     dxguid:dxguid.obj
 0002:000028b0       _GUID_Variations           1002b8b0     dxguid:dxguid.obj
 0002:000028c0       _GUID_Clear_All_MelodyFragments 1002b8c0     dxguid:dxguid.obj
 0002:000028d0       _GUID_MelodyFragment       1002b8d0     dxguid:dxguid.obj
 0002:000028e0       _GUID_SeedVariations       1002b8e0     dxguid:dxguid.obj
 0002:000028f0       _GUID_EnableTempo          1002b8f0     dxguid:dxguid.obj
 0002:00002900       _GUID_DisableTempo         1002b900     dxguid:dxguid.obj
 0002:00002910       _GUID_EnableTimeSig        1002b910     dxguid:dxguid.obj
 0002:00002920       _GUID_DisableTimeSig       1002b920     dxguid:dxguid.obj
 0002:00002930       _GUID_StandardMIDIFile     1002b930     dxguid:dxguid.obj
 0002:00002940       _GUID_Clear_All_Bands      1002b940     dxguid:dxguid.obj
 0002:00002950       _GUID_Disable_Auto_Download 1002b950     dxguid:dxguid.obj
 0002:00002960       _GUID_Enable_Auto_Download 1002b960     dxguid:dxguid.obj
 0002:00002970       _GUID_ConnectToDLSCollection 1002b970     dxguid:dxguid.obj
 0002:00002980       _GUID_Unload               1002b980     dxguid:dxguid.obj
 0002:00002990       _GUID_Download             1002b990     dxguid:dxguid.obj
 0002:000029a0       _GUID_MuteParam            1002b9a0     dxguid:dxguid.obj
 0002:000029b0       _GUID_IDirectMusicChordMap 1002b9b0     dxguid:dxguid.obj
 0002:000029c0       _GUID_IDirectMusicBand     1002b9c0     dxguid:dxguid.obj
 0002:000029d0       _GUID_BandParam            1002b9d0     dxguid:dxguid.obj
 0002:000029e0       _GUID_Play_Marker          1002b9e0     dxguid:dxguid.obj
 0002:000029f0       _GUID_Valid_Start_Time     1002b9f0     dxguid:dxguid.obj
 0002:00002a00       _GUID_TempoParam           1002ba00     dxguid:dxguid.obj
 0002:00002a10       _GUID_TimeSignature        1002ba10     dxguid:dxguid.obj
 0002:00002a20       _GUID_IDirectMusicStyle    1002ba20     dxguid:dxguid.obj
 0002:00002a30       _GUID_RhythmParam          1002ba30     dxguid:dxguid.obj
 0002:00002a40       _GUID_ChordParam           1002ba40     dxguid:dxguid.obj
 0002:00002a50       _GUID_CommandParamNext     1002ba50     dxguid:dxguid.obj
 0002:00002a60       _GUID_CommandParam2        1002ba60     dxguid:dxguid.obj
 0002:00002a70       _GUID_CommandParam         1002ba70     dxguid:dxguid.obj
 0002:00002a80       _GUID_NOTIFICATION_RECOMPOSE 1002ba80     dxguid:dxguid.obj
 0002:00002a90       _GUID_NOTIFICATION_COMMAND 1002ba90     dxguid:dxguid.obj
 0002:00002aa0       _GUID_NOTIFICATION_CHORD   1002baa0     dxguid:dxguid.obj
 0002:00002ab0       _GUID_NOTIFICATION_MEASUREANDBEAT 1002bab0     dxguid:dxguid.obj
 0002:00002ac0       _GUID_NOTIFICATION_PERFORMANCE 1002bac0     dxguid:dxguid.obj
 0002:00002ad0       _GUID_NOTIFICATION_SEGMENT 1002bad0     dxguid:dxguid.obj
 0002:00002ae0       _GUID_DirectMusicAllTypes  1002bae0     dxguid:dxguid.obj
 0002:00002af0       _CLSID_DirectMusicAudioPathConfig 1002baf0     dxguid:dxguid.obj
 0002:00002b00       _CLSID_DirectMusicSong     1002bb00     dxguid:dxguid.obj
 0002:00002b10       _CLSID_DirectSoundWave     1002bb10     dxguid:dxguid.obj
 0002:00002b20       _CLSID_DirectMusicContainer 1002bb20     dxguid:dxguid.obj
 0002:00002b30       _CLSID_DirectMusicScript   1002bb30     dxguid:dxguid.obj
 0002:00002b40       _CLSID_DirectMusicPatternTrack 1002bb40     dxguid:dxguid.obj
 0002:00002b50       _CLSID_DirectMusicBand     1002bb50     dxguid:dxguid.obj
 0002:00002b60       _CLSID_DirectMusicLoader   1002bb60     dxguid:dxguid.obj
 0002:00002b70       _CLSID_DirectMusicComposer 1002bb70     dxguid:dxguid.obj
 0002:00002b80       _CLSID_DirectMusicChordMap 1002bb80     dxguid:dxguid.obj
 0002:00002b90       _CLSID_DirectMusicStyle    1002bb90     dxguid:dxguid.obj
 0002:00002ba0       _CLSID_DirectMusicGraph    1002bba0     dxguid:dxguid.obj
 0002:00002bb0       _CLSID_DirectMusicSegmentState 1002bbb0     dxguid:dxguid.obj
 0002:00002bc0       _CLSID_DirectMusicSegment  1002bbc0     dxguid:dxguid.obj
 0002:00002bd0       _CLSID_DirectMusicPerformance 1002bbd0     dxguid:dxguid.obj
 0002:00002be0       _IID_IDirectMusicTrack8    1002bbe0     dxguid:dxguid.obj
 0002:00002bf0       _IID_IDirectMusicTool8     1002bbf0     dxguid:dxguid.obj
 0002:00002c00       _IID_IDirectMusicTool      1002bc00     dxguid:dxguid.obj
 0002:00002c10       _IID_IDirectMusicTrack     1002bc10     dxguid:dxguid.obj
 0002:00002c20       _CLSID_DirectMusicWaveTrack 1002bc20     dxguid:dxguid.obj
 0002:00002c30       _CLSID_DirectMusicMelodyFormulationTrack 1002bc30     dxguid:dxguid.obj
 0002:00002c40       _CLSID_DirectMusicParamControlTrack 1002bc40     dxguid:dxguid.obj
 0002:00002c50       _CLSID_DirectMusicLyricsTrack 1002bc50     dxguid:dxguid.obj
 0002:00002c60       _CLSID_DirectMusicSegmentTriggerTrack 1002bc60     dxguid:dxguid.obj
 0002:00002c70       _CLSID_DirectMusicMarkerTrack 1002bc70     dxguid:dxguid.obj
 0002:00002c80       _CLSID_DirectMusicScriptTrack 1002bc80     dxguid:dxguid.obj
 0002:00002c90       _CLSID_DirectMusicMuteTrack 1002bc90     dxguid:dxguid.obj
 0002:00002ca0       _CLSID_DirectMusicChordMapTrack 1002bca0     dxguid:dxguid.obj
 0002:00002cb0       _CLSID_DirectMusicBandTrack 1002bcb0     dxguid:dxguid.obj
 0002:00002cc0       _CLSID_DirectMusicSignPostTrack 1002bcc0     dxguid:dxguid.obj
 0002:00002cd0       _CLSID_DirectMusicMotifTrack 1002bcd0     dxguid:dxguid.obj
 0002:00002ce0       _CLSID_DirectMusicStyleTrack 1002bce0     dxguid:dxguid.obj
 0002:00002cf0       _CLSID_DirectMusicCommandTrack 1002bcf0     dxguid:dxguid.obj
 0002:00002d00       _CLSID_DirectMusicChordTrack 1002bd00     dxguid:dxguid.obj
 0002:00002d10       _CLSID_DirectMusicTimeSigTrack 1002bd10     dxguid:dxguid.obj
 0002:00002d20       _CLSID_DirectMusicSysExTrack 1002bd20     dxguid:dxguid.obj
 0002:00002d30       _CLSID_DirectMusicSeqTrack 1002bd30     dxguid:dxguid.obj
 0002:00002d40       _CLSID_DirectMusicTempoTrack 1002bd40     dxguid:dxguid.obj
 0002:00002d50       _GUID_DMUS_PROP_Volume     1002bd50     dxguid:dxguid.obj
 0002:00002d60       _GUID_DMUS_PROP_LegacyCaps 1002bd60     dxguid:dxguid.obj
 0002:00002d70       _GUID_DMUS_PROP_Effects    1002bd70     dxguid:dxguid.obj
 0002:00002d80       _GUID_DMUS_PROP_WavesReverb 1002bd80     dxguid:dxguid.obj
 0002:00002d90       _GUID_DMUS_PROP_MemorySize 1002bd90     dxguid:dxguid.obj
 0002:00002da0       _GUID_DMUS_PROP_WritePeriod 1002bda0     dxguid:dxguid.obj
 0002:00002db0       _GUID_DMUS_PROP_WriteLatency 1002bdb0     dxguid:dxguid.obj
 0002:00002dc0       _GUID_DMUS_PROP_SamplePlaybackRate 1002bdc0     dxguid:dxguid.obj
 0002:00002dd0       _GUID_DMUS_PROP_SampleMemorySize 1002bdd0     dxguid:dxguid.obj
 0002:00002de0       _GUID_DMUS_PROP_SynthSink_WAVE 1002bde0     dxguid:dxguid.obj
 0002:00002df0       _GUID_DMUS_PROP_SynthSink_DSOUND 1002bdf0     dxguid:dxguid.obj
 0002:00002e00       _GUID_DMUS_PROP_INSTRUMENT2 1002be00     dxguid:dxguid.obj
 0002:00002e10       _GUID_DMUS_PROP_DLS2       1002be10     dxguid:dxguid.obj
 0002:00002e20       _GUID_DMUS_PROP_DLS1       1002be20     dxguid:dxguid.obj
 0002:00002e30       _GUID_DMUS_PROP_GS_Capable 1002be30     dxguid:dxguid.obj
 0002:00002e40       _GUID_DMUS_PROP_XG_Capable 1002be40     dxguid:dxguid.obj
 0002:00002e50       _GUID_DMUS_PROP_XG_Hardware 1002be50     dxguid:dxguid.obj
 0002:00002e60       _GUID_DMUS_PROP_GS_Hardware 1002be60     dxguid:dxguid.obj
 0002:00002e70       _GUID_DMUS_PROP_GM_Hardware 1002be70     dxguid:dxguid.obj
 0002:00002e80       _IID_IDirectMusic8         1002be80     dxguid:dxguid.obj
 0002:00002e90       _IID_IDirectMusic2         1002be90     dxguid:dxguid.obj
 0002:00002ea0       _IID_IDirectMusicDownloadedInstrument 1002bea0     dxguid:dxguid.obj
 0002:00002eb0       _IID_IDirectMusicInstrument 1002beb0     dxguid:dxguid.obj
 0002:00002ec0       _IID_IDirectMusicCollection 1002bec0     dxguid:dxguid.obj
 0002:00002ed0       _IID_IDirectMusicDownload  1002bed0     dxguid:dxguid.obj
 0002:00002ee0       _IID_IDirectMusicPortDownload 1002bee0     dxguid:dxguid.obj
 0002:00002ef0       _IID_IDirectMusicThru      1002bef0     dxguid:dxguid.obj
 0002:00002f00       _IID_IDirectMusicPort      1002bf00     dxguid:dxguid.obj
 0002:00002f10       _IID_IDirectMusicBuffer    1002bf10     dxguid:dxguid.obj
 0002:00002f20       _IID_IDirectMusic          1002bf20     dxguid:dxguid.obj
 0002:00002f30       _CLSID_DirectMusicSynth    1002bf30     dxguid:dxguid.obj
 0002:00002f40       _CLSID_DirectMusicCollection 1002bf40     dxguid:dxguid.obj
 0002:00002f50       _CLSID_DirectMusic         1002bf50     dxguid:dxguid.obj
 0002:00002f60       _IID_IDirectPlay8LobbyClient 1002bf60     dxguid:dxguid.obj
 0002:00002f70       _IID_IDirectPlay8LobbiedApplication 1002bf70     dxguid:dxguid.obj
 0002:00002f80       _CLSID_DirectPlay8LobbyClient 1002bf80     dxguid:dxguid.obj
 0002:00002f90       _CLSID_DirectPlay8LobbiedApplication 1002bf90     dxguid:dxguid.obj
 0002:00002fa0       _DPVCTGUID_VR12            1002bfa0     dxguid:dxguid.obj
 0002:00002fb0       _DPVCTGUID_TRUESPEECH      1002bfb0     dxguid:dxguid.obj
 0002:00002fc0       _DPVCTGUID_SC06            1002bfc0     dxguid:dxguid.obj
 0002:00002fd0       _DPVCTGUID_SC03            1002bfd0     dxguid:dxguid.obj
 0002:00002fe0       _DPVCTGUID_NONE            1002bfe0     dxguid:dxguid.obj
 0002:00002ff0       _DPVCTGUID_GSM             1002bff0     dxguid:dxguid.obj
 0002:00003000       _DPVCTGUID_ADPCM           1002c000     dxguid:dxguid.obj
 0002:00003010       _IID_IDirectPlayVoiceTest  1002c010     dxguid:dxguid.obj
 0002:00003020       _IID_IDirectPlayVoiceServer 1002c020     dxguid:dxguid.obj
 0002:00003030       _IID_IDirectPlayVoiceClient 1002c030     dxguid:dxguid.obj
 0002:00003040       _CLSID_DirectPlayVoiceTest 1002c040     dxguid:dxguid.obj
 0002:00003050       _CLSID_DirectPlayVoiceServer 1002c050     dxguid:dxguid.obj
 0002:00003060       _CLSID_DirectPlayVoiceClient 1002c060     dxguid:dxguid.obj
 0002:00003070       _GUID_DSCFX_SYSTEM_NS      1002c070     dxguid:dxguid.obj
 0002:00003080       _GUID_DSCFX_MS_NS          1002c080     dxguid:dxguid.obj
 0002:00003090       _GUID_DSCFX_CLASS_NS       1002c090     dxguid:dxguid.obj
 0002:000030a0       _GUID_DSCFX_SYSTEM_AEC     1002c0a0     dxguid:dxguid.obj
 0002:000030b0       _GUID_DSCFX_MS_AEC         1002c0b0     dxguid:dxguid.obj
 0002:000030c0       _GUID_DSCFX_CLASS_AEC      1002c0c0     dxguid:dxguid.obj
 0002:000030d0       _GUID_DSFX_WAVES_REVERB    1002c0d0     dxguid:dxguid.obj
 0002:000030e0       _GUID_DSFX_STANDARD_I3DL2REVERB 1002c0e0     dxguid:dxguid.obj
 0002:000030f0       _GUID_DSFX_STANDARD_PARAMEQ 1002c0f0     dxguid:dxguid.obj
 0002:00003100       _GUID_DSFX_STANDARD_COMPRESSOR 1002c100     dxguid:dxguid.obj
 0002:00003110       _GUID_DSFX_STANDARD_DISTORTION 1002c110     dxguid:dxguid.obj
 0002:00003120       _GUID_DSFX_STANDARD_ECHO   1002c120     dxguid:dxguid.obj
 0002:00003130       _GUID_DSFX_STANDARD_FLANGER 1002c130     dxguid:dxguid.obj
 0002:00003140       _GUID_DSFX_STANDARD_CHORUS 1002c140     dxguid:dxguid.obj
 0002:00003150       _GUID_DSFX_STANDARD_GARGLE 1002c150     dxguid:dxguid.obj
 0002:00003160       _DS3DALG_HRTF_LIGHT        1002c160     dxguid:dxguid.obj
 0002:00003170       _DS3DALG_HRTF_FULL         1002c170     dxguid:dxguid.obj
 0002:00003180       _DS3DALG_NO_VIRTUALIZATION 1002c180     dxguid:dxguid.obj
 0002:00003190       _IID_IDirectSoundFullDuplex 1002c190     dxguid:dxguid.obj
 0002:000031a0       _IID_IDirectSoundCaptureFXNoiseSuppress 1002c1a0     dxguid:dxguid.obj
 0002:000031b0       _IID_IDirectSoundCaptureFXAec 1002c1b0     dxguid:dxguid.obj
 0002:000031c0       _IID_IDirectSoundFXWavesReverb 1002c1c0     dxguid:dxguid.obj
 0002:000031d0       _IID_IDirectSoundFXI3DL2Reverb 1002c1d0     dxguid:dxguid.obj
 0002:000031e0       _IID_IDirectSoundFXParamEq 1002c1e0     dxguid:dxguid.obj
 0002:000031f0       _IID_IDirectSoundFXCompressor 1002c1f0     dxguid:dxguid.obj
 0002:00003200       _IID_IDirectSoundFXDistortion 1002c200     dxguid:dxguid.obj
 0002:00003210       _IID_IDirectSoundFXEcho    1002c210     dxguid:dxguid.obj
 0002:00003220       _IID_IDirectSoundFXFlanger 1002c220     dxguid:dxguid.obj
 0002:00003230       _IID_IDirectSoundFXChorus  1002c230     dxguid:dxguid.obj
 0002:00003240       _IID_IDirectSoundFXGargle  1002c240     dxguid:dxguid.obj
 0002:00003250       _IID_IKsPropertySet        1002c250     dxguid:dxguid.obj
 0002:00003260       _IID_IDirectSoundNotify    1002c260     dxguid:dxguid.obj
 0002:00003270       _IID_IDirectSoundCaptureBuffer8 1002c270     dxguid:dxguid.obj
 0002:00003280       _IID_IDirectSoundCaptureBuffer 1002c280     dxguid:dxguid.obj
 0002:00003290       _IID_IDirectSoundCapture   1002c290     dxguid:dxguid.obj
 0002:000032a0       _IID_IDirectSound3DBuffer  1002c2a0     dxguid:dxguid.obj
 0002:000032b0       _IID_IDirectSound3DListener 1002c2b0     dxguid:dxguid.obj
 0002:000032c0       _GUID_All_Objects          1002c2c0     dxguid:dxguid.obj
 0002:000032d0       _IID_IDirectSoundBuffer8   1002c2d0     dxguid:dxguid.obj
 0002:000032e0       _IID_IDirectSoundBuffer    1002c2e0     dxguid:dxguid.obj
 0002:000032f0       _IID_IDirectSound8         1002c2f0     dxguid:dxguid.obj
 0002:00003300       _IID_IDirectSound          1002c300     dxguid:dxguid.obj
 0002:00003310       _IID_IReferenceClock       1002c310     dxguid:dxguid.obj
 0002:00003320       _DSDEVID_DefaultVoiceCapture 1002c320     dxguid:dxguid.obj
 0002:00003330       _DSDEVID_DefaultVoicePlayback 1002c330     dxguid:dxguid.obj
 0002:00003340       _DSDEVID_DefaultCapture    1002c340     dxguid:dxguid.obj
 0002:00003350       _DSDEVID_DefaultPlayback   1002c350     dxguid:dxguid.obj
 0002:00003360       _CLSID_DirectSoundFullDuplex 1002c360     dxguid:dxguid.obj
 0002:00003370       _CLSID_DirectSoundCapture8 1002c370     dxguid:dxguid.obj
 0002:00003380       _CLSID_DirectSoundCapture  1002c380     dxguid:dxguid.obj
 0002:00003390       _CLSID_DirectSound8        1002c390     dxguid:dxguid.obj
 0002:000033a0       _CLSID_DirectSound         1002c3a0     dxguid:dxguid.obj
 0002:000033b0       _CLSID_DP8SP_TCPIP         1002c3b0     dxguid:dxguid.obj
 0002:000033c0       _CLSID_DP8SP_SERIAL        1002c3c0     dxguid:dxguid.obj
 0002:000033d0       _CLSID_DP8SP_MODEM         1002c3d0     dxguid:dxguid.obj
 0002:000033e0       _CLSID_DP8SP_IPX           1002c3e0     dxguid:dxguid.obj
 0002:000033f0       _IID_IDirectPlay8Server    1002c3f0     dxguid:dxguid.obj
 0002:00003400       _IID_IDirectPlay8Peer      1002c400     dxguid:dxguid.obj
 0002:00003410       _IID_IDirectPlay8Client    1002c410     dxguid:dxguid.obj
 0002:00003420       _CLSID_DirectPlay8Server   1002c420     dxguid:dxguid.obj
 0002:00003430       _CLSID_DirectPlay8Peer     1002c430     dxguid:dxguid.obj
 0002:00003440       _CLSID_DirectPlay8Client   1002c440     dxguid:dxguid.obj
 0002:00003450       _IID_IDirectPlay8AddressIP 1002c450     dxguid:dxguid.obj
 0002:00003460       _IID_IDirectPlay8Address   1002c460     dxguid:dxguid.obj
 0002:00003470       _CLSID_DirectPlay8Address  1002c470     dxguid:dxguid.obj
 0002:00003480       _DPAID_ComPort             1002c480     dxguid:dxguid.obj
 0002:00003490       _DPAID_INetPort            1002c490     dxguid:dxguid.obj
 0002:000034a0       _DPAID_INetW               1002c4a0     dxguid:dxguid.obj
 0002:000034b0       _DPAID_INet                1002c4b0     dxguid:dxguid.obj
 0002:000034c0       _DPAID_ModemW              1002c4c0     dxguid:dxguid.obj
 0002:000034d0       _DPAID_Modem               1002c4d0     dxguid:dxguid.obj
 0002:000034e0       _DPAID_PhoneW              1002c4e0     dxguid:dxguid.obj
 0002:000034f0       _DPAID_Phone               1002c4f0     dxguid:dxguid.obj
 0002:00003500       _DPAID_LobbyProvider       1002c500     dxguid:dxguid.obj
 0002:00003510       _DPAID_ServiceProvider     1002c510     dxguid:dxguid.obj
 0002:00003520       _DPAID_TotalSize           1002c520     dxguid:dxguid.obj
 0002:00003530       _DPLPROPERTY_PlayerScore   1002c530     dxguid:dxguid.obj
 0002:00003540       _DPLPROPERTY_PlayerGuid    1002c540     dxguid:dxguid.obj
 0002:00003550       _DPLPROPERTY_LobbyGuid     1002c550     dxguid:dxguid.obj
 0002:00003560       _DPLPROPERTY_MessagesSupported 1002c560     dxguid:dxguid.obj
 0002:00003570       _CLSID_DirectPlayLobby     1002c570     dxguid:dxguid.obj
 0002:00003580       _IID_IDirectPlayLobby3A    1002c580     dxguid:dxguid.obj
 0002:00003590       _IID_IDirectPlayLobby3     1002c590     dxguid:dxguid.obj
 0002:000035a0       _IID_IDirectPlayLobby2A    1002c5a0     dxguid:dxguid.obj
 0002:000035b0       _IID_IDirectPlayLobby2     1002c5b0     dxguid:dxguid.obj
 0002:000035c0       _IID_IDirectPlayLobbyA     1002c5c0     dxguid:dxguid.obj
 0002:000035d0       _IID_IDirectPlayLobby      1002c5d0     dxguid:dxguid.obj
 0002:000035e0       _IID_IDirectPlay           1002c5e0     dxguid:dxguid.obj
 0002:000035f0       _DPSPGUID_MODEM            1002c5f0     dxguid:dxguid.obj
 0002:00003600       _DPSPGUID_SERIAL           1002c600     dxguid:dxguid.obj
 0002:00003610       _DPSPGUID_TCPIP            1002c610     dxguid:dxguid.obj
 0002:00003620       _DPSPGUID_IPX              1002c620     dxguid:dxguid.obj
 0002:00003630       _CLSID_DirectPlay          1002c630     dxguid:dxguid.obj
 0002:00003640       _IID_IDirectPlay4A         1002c640     dxguid:dxguid.obj
 0002:00003650       _IID_IDirectPlay4          1002c650     dxguid:dxguid.obj
 0002:00003660       _IID_IDirectPlay3A         1002c660     dxguid:dxguid.obj
 0002:00003670       _IID_IDirectPlay3          1002c670     dxguid:dxguid.obj
 0002:00003680       _IID_IDirectPlay2A         1002c680     dxguid:dxguid.obj
 0002:00003690       _IID_IDirectPlay2          1002c690     dxguid:dxguid.obj
 0002:000036a0       _GUID_HIDClass             1002c6a0     dxguid:dxguid.obj
 0002:000036b0       _GUID_MouseClass           1002c6b0     dxguid:dxguid.obj
 0002:000036c0       _GUID_MediaClass           1002c6c0     dxguid:dxguid.obj
 0002:000036d0       _GUID_KeyboardClass        1002c6d0     dxguid:dxguid.obj
 0002:000036e0       _IID_IDirectInputJoyConfig8 1002c6e0     dxguid:dxguid.obj
 0002:000036f0       _IID_IDirectInputPIDDriver 1002c6f0     dxguid:dxguid.obj
 0002:00003700       _IID_IDirectInputJoyConfig 1002c700     dxguid:dxguid.obj
 0002:00003710       _IID_IDirectInputEffectDriver 1002c710     dxguid:dxguid.obj
 0002:00003720       _GUID_CustomForce          1002c720     dxguid:dxguid.obj
 0002:00003730       _GUID_Friction             1002c730     dxguid:dxguid.obj
 0002:00003740       _GUID_Inertia              1002c740     dxguid:dxguid.obj
 0002:00003750       _GUID_Damper               1002c750     dxguid:dxguid.obj
 0002:00003760       _GUID_Spring               1002c760     dxguid:dxguid.obj
 0002:00003770       _GUID_SawtoothDown         1002c770     dxguid:dxguid.obj
 0002:00003780       _GUID_SawtoothUp           1002c780     dxguid:dxguid.obj
 0002:00003790       _GUID_Triangle             1002c790     dxguid:dxguid.obj
 0002:000037a0       _GUID_Sine                 1002c7a0     dxguid:dxguid.obj
 0002:000037b0       _GUID_Square               1002c7b0     dxguid:dxguid.obj
 0002:000037c0       _GUID_RampForce            1002c7c0     dxguid:dxguid.obj
 0002:000037d0       _GUID_ConstantForce        1002c7d0     dxguid:dxguid.obj
 0002:000037e0       _GUID_SysKeyboardEm2       1002c7e0     dxguid:dxguid.obj
 0002:000037f0       _GUID_SysKeyboardEm        1002c7f0     dxguid:dxguid.obj
 0002:00003800       _GUID_SysMouseEm2          1002c800     dxguid:dxguid.obj
 0002:00003810       _GUID_SysMouseEm           1002c810     dxguid:dxguid.obj
 0002:00003820       _GUID_Joystick             1002c820     dxguid:dxguid.obj
 0002:00003830       _GUID_SysKeyboard          1002c830     dxguid:dxguid.obj
 0002:00003840       _GUID_SysMouse             1002c840     dxguid:dxguid.obj
 0002:00003850       _GUID_Unknown              1002c850     dxguid:dxguid.obj
 0002:00003860       _GUID_POV                  1002c860     dxguid:dxguid.obj
 0002:00003870       _GUID_Key                  1002c870     dxguid:dxguid.obj
 0002:00003880       _GUID_Button               1002c880     dxguid:dxguid.obj
 0002:00003890       _GUID_Slider               1002c890     dxguid:dxguid.obj
 0002:000038a0       _GUID_RzAxis               1002c8a0     dxguid:dxguid.obj
 0002:000038b0       _GUID_RyAxis               1002c8b0     dxguid:dxguid.obj
 0002:000038c0       _GUID_RxAxis               1002c8c0     dxguid:dxguid.obj
 0002:000038d0       _GUID_ZAxis                1002c8d0     dxguid:dxguid.obj
 0002:000038e0       _GUID_YAxis                1002c8e0     dxguid:dxguid.obj
 0002:000038f0       _GUID_XAxis                1002c8f0     dxguid:dxguid.obj
 0002:00003900       _IID_IDirectInputEffect    1002c900     dxguid:dxguid.obj
 0002:00003910       _IID_IDirectInputDevice8W  1002c910     dxguid:dxguid.obj
 0002:00003920       _IID_IDirectInputDevice8A  1002c920     dxguid:dxguid.obj
 0002:00003930       _IID_IDirectInputDevice7W  1002c930     dxguid:dxguid.obj
 0002:00003940       _IID_IDirectInputDevice7A  1002c940     dxguid:dxguid.obj
 0002:00003950       _IID_IDirectInputDevice2W  1002c950     dxguid:dxguid.obj
 0002:00003960       _IID_IDirectInputDevice2A  1002c960     dxguid:dxguid.obj
 0002:00003970       _IID_IDirectInputDeviceW   1002c970     dxguid:dxguid.obj
 0002:00003980       _IID_IDirectInputDeviceA   1002c980     dxguid:dxguid.obj
 0002:00003990       _IID_IDirectInput8W        1002c990     dxguid:dxguid.obj
 0002:000039a0       _IID_IDirectInput8A        1002c9a0     dxguid:dxguid.obj
 0002:000039b0       _IID_IDirectInput7W        1002c9b0     dxguid:dxguid.obj
 0002:000039c0       _IID_IDirectInput7A        1002c9c0     dxguid:dxguid.obj
 0002:000039d0       _IID_IDirectInput2W        1002c9d0     dxguid:dxguid.obj
 0002:000039e0       _IID_IDirectInput2A        1002c9e0     dxguid:dxguid.obj
 0002:000039f0       _IID_IDirectInputW         1002c9f0     dxguid:dxguid.obj
 0002:00003a00       _IID_IDirectInputA         1002ca00     dxguid:dxguid.obj
 0002:00003a10       _CLSID_DirectInputDevice8  1002ca10     dxguid:dxguid.obj
 0002:00003a20       _CLSID_DirectInput8        1002ca20     dxguid:dxguid.obj
 0002:00003a30       _CLSID_DirectInputDevice   1002ca30     dxguid:dxguid.obj
 0002:00003a40       _CLSID_DirectInput         1002ca40     dxguid:dxguid.obj
 0002:00003a50       _TID_DXFILEHeader          1002ca50     dxguid:dxguid.obj
 0002:00003a60       _IID_IDirectXFileBinary    1002ca60     dxguid:dxguid.obj
 0002:00003a70       _IID_IDirectXFileDataReference 1002ca70     dxguid:dxguid.obj
 0002:00003a80       _IID_IDirectXFileData      1002ca80     dxguid:dxguid.obj
 0002:00003a90       _IID_IDirectXFileObject    1002ca90     dxguid:dxguid.obj
 0002:00003aa0       _IID_IDirectXFileSaveObject 1002caa0     dxguid:dxguid.obj
 0002:00003ab0       _IID_IDirectXFileEnumObject 1002cab0     dxguid:dxguid.obj
 0002:00003ac0       _IID_IDirectXFile          1002cac0     dxguid:dxguid.obj
 0002:00003ad0       _CLSID_CDirectXFile        1002cad0     dxguid:dxguid.obj
 0002:00003ae0       _TID_D3DRMRightHanded      1002cae0     dxguid:dxguid.obj
 0002:00003af0       _TID_D3DRMPropertyBag      1002caf0     dxguid:dxguid.obj
 0002:00003b00       _TID_D3DRMStringProperty   1002cb00     dxguid:dxguid.obj
 0002:00003b10       _TID_D3DRMExternalVisual   1002cb10     dxguid:dxguid.obj
 0002:00003b20       _TID_D3DRMProgressiveMesh  1002cb20     dxguid:dxguid.obj
 0002:00003b30       _TID_D3DRMUrl              1002cb30     dxguid:dxguid.obj
 0002:00003b40       _TID_D3DRMInlineData       1002cb40     dxguid:dxguid.obj
 0002:00003b50       _TID_D3DRMLightAttenuation 1002cb50     dxguid:dxguid.obj
 0002:00003b60       _TID_D3DRMLightPenumbra    1002cb60     dxguid:dxguid.obj
 0002:00003b70       _TID_D3DRMLightRange       1002cb70     dxguid:dxguid.obj
 0002:00003b80       _TID_D3DRMLightUmbra       1002cb80     dxguid:dxguid.obj
 0002:00003b90       _TID_D3DRMAppData          1002cb90     dxguid:dxguid.obj
 0002:00003ba0       _TID_D3DRMCamera           1002cba0     dxguid:dxguid.obj
 0002:00003bb0       _TID_D3DRMLight            1002cbb0     dxguid:dxguid.obj
 0002:00003bc0       _TID_D3DRMFrameRotation    1002cbc0     dxguid:dxguid.obj
 0002:00003bd0       _TID_D3DRMFrameVelocity    1002cbd0     dxguid:dxguid.obj
 0002:00003be0       _TID_D3DRMFramePosition    1002cbe0     dxguid:dxguid.obj
 0002:00003bf0       _TID_D3DRMAnimationOptions 1002cbf0     dxguid:dxguid.obj
 0002:00003c00       _TID_D3DRMTimedFloatKeys   1002cc00     dxguid:dxguid.obj
 0002:00003c10       _TID_D3DRMBoolean2d        1002cc10     dxguid:dxguid.obj
 0002:00003c20       _TID_D3DRMMeshFaceWraps    1002cc20     dxguid:dxguid.obj
 0002:00003c30       _TID_D3DRMBoolean          1002cc30     dxguid:dxguid.obj
 0002:00003c40       _TID_D3DRMMaterialWrap     1002cc40     dxguid:dxguid.obj
 0002:00003c50       _TID_D3DRMMeshVertexColors 1002cc50     dxguid:dxguid.obj
 0002:00003c60       _TID_D3DRMIndexedColor     1002cc60     dxguid:dxguid.obj
 0002:00003c70       _TID_D3DRMTextureReference 1002cc70     dxguid:dxguid.obj
 0002:00003c80       _TID_D3DRMTextureFilename  1002cc80     dxguid:dxguid.obj
 0002:00003c90       _TID_D3DRMGuid             1002cc90     dxguid:dxguid.obj
 0002:00003ca0       _TID_D3DRMColorRGB         1002cca0     dxguid:dxguid.obj
 0002:00003cb0       _TID_D3DRMColorRGBA        1002ccb0     dxguid:dxguid.obj
 0002:00003cc0       _TID_D3DRMMaterialPower    1002ccc0     dxguid:dxguid.obj
 0002:00003cd0       _TID_D3DRMMaterialEmissiveColor 1002ccd0     dxguid:dxguid.obj
 0002:00003ce0       _TID_D3DRMMaterialSpecularColor 1002cce0     dxguid:dxguid.obj
 0002:00003cf0       _TID_D3DRMMaterialDiffuseColor 1002ccf0     dxguid:dxguid.obj
 0002:00003d00       _TID_D3DRMMaterialAmbientColor 1002cd00     dxguid:dxguid.obj
 0002:00003d10       _TID_D3DRMFloatKeys        1002cd10     dxguid:dxguid.obj
 0002:00003d20       _TID_D3DRMAnimationKey     1002cd20     dxguid:dxguid.obj
 0002:00003d30       _TID_D3DRMAnimationSet     1002cd30     dxguid:dxguid.obj
 0002:00003d40       _TID_D3DRMAnimation        1002cd40     dxguid:dxguid.obj
 0002:00003d50       _TID_D3DRMMatrix4x4        1002cd50     dxguid:dxguid.obj
 0002:00003d60       _TID_D3DRMCoords2d         1002cd60     dxguid:dxguid.obj
 0002:00003d70       _TID_D3DRMMeshNormals      1002cd70     dxguid:dxguid.obj
 0002:00003d80       _TID_D3DRMMeshTextureCoords 1002cd80     dxguid:dxguid.obj
 0002:00003d90       _TID_D3DRMMeshMaterialList 1002cd90     dxguid:dxguid.obj
 0002:00003da0       _TID_D3DRMFrameTransformMatrix 1002cda0     dxguid:dxguid.obj
 0002:00003db0       _TID_D3DRMFrame            1002cdb0     dxguid:dxguid.obj
 0002:00003dc0       _TID_D3DRMMaterialArray    1002cdc0     dxguid:dxguid.obj
 0002:00003dd0       _TID_D3DRMMaterial         1002cdd0     dxguid:dxguid.obj
 0002:00003de0       _TID_D3DRMMeshFace         1002cde0     dxguid:dxguid.obj
 0002:00003df0       _TID_D3DRMVector           1002cdf0     dxguid:dxguid.obj
 0002:00003e00       _TID_D3DRMMesh             1002ce00     dxguid:dxguid.obj
 0002:00003e10       _TID_D3DRMInfo             1002ce10     dxguid:dxguid.obj
 0002:00003e20       _IID_IDirect3DRMWinDevice  1002ce20     dxguid:dxguid.obj
 0002:00003e30       _CLSID_CDirect3DRM         1002ce30     dxguid:dxguid.obj
 0002:00003e40       _IID_IDirect3DRM3          1002ce40     dxguid:dxguid.obj
 0002:00003e50       _IID_IDirect3DRM2          1002ce50     dxguid:dxguid.obj
 0002:00003e60       _IID_IDirect3DRM           1002ce60     dxguid:dxguid.obj
 0002:00003e70       _IID_IDirect3DRMClippedVisual 1002ce70     dxguid:dxguid.obj
 0002:00003e80       _IID_IDirect3DRMPicked2Array 1002ce80     dxguid:dxguid.obj
 0002:00003e90       _IID_IDirect3DRMProgressiveMesh 1002ce90     dxguid:dxguid.obj
 0002:00003ea0       _IID_IDirect3DRMInterpolator 1002cea0     dxguid:dxguid.obj
 0002:00003eb0       _IID_IDirect3DRMShadow2    1002ceb0     dxguid:dxguid.obj
 0002:00003ec0       _IID_IDirect3DRMShadow     1002cec0     dxguid:dxguid.obj
 0002:00003ed0       _IID_IDirect3DRMUserVisual 1002ced0     dxguid:dxguid.obj
 0002:00003ee0       _IID_IDirect3DRMAnimationArray 1002cee0     dxguid:dxguid.obj
 0002:00003ef0       _IID_IDirect3DRMFaceArray  1002cef0     dxguid:dxguid.obj
 0002:00003f00       _IID_IDirect3DRMPickedArray 1002cf00     dxguid:dxguid.obj
 0002:00003f10       _IID_IDirect3DRMLightArray 1002cf10     dxguid:dxguid.obj
 0002:00003f20       _IID_IDirect3DRMVisualArray 1002cf20     dxguid:dxguid.obj
 0002:00003f30       _IID_IDirect3DRMFrameArray 1002cf30     dxguid:dxguid.obj
 0002:00003f40       _IID_IDirect3DRMViewportArray 1002cf40     dxguid:dxguid.obj
 0002:00003f50       _IID_IDirect3DRMDeviceArray 1002cf50     dxguid:dxguid.obj
 0002:00003f60       _IID_IDirect3DRMObjectArray 1002cf60     dxguid:dxguid.obj
 0002:00003f70       _IID_IDirect3DRMAnimationSet2 1002cf70     dxguid:dxguid.obj
 0002:00003f80       _IID_IDirect3DRMAnimationSet 1002cf80     dxguid:dxguid.obj
 0002:00003f90       _IID_IDirect3DRMAnimation2 1002cf90     dxguid:dxguid.obj
 0002:00003fa0       _IID_IDirect3DRMAnimation  1002cfa0     dxguid:dxguid.obj
 0002:00003fb0       _IID_IDirect3DRMMaterial2  1002cfb0     dxguid:dxguid.obj
 0002:00003fc0       _IID_IDirect3DRMMaterial   1002cfc0     dxguid:dxguid.obj
 0002:00003fd0       _IID_IDirect3DRMWrap       1002cfd0     dxguid:dxguid.obj
 0002:00003fe0       _IID_IDirect3DRMTexture3   1002cfe0     dxguid:dxguid.obj
 0002:00003ff0       _IID_IDirect3DRMTexture2   1002cff0     dxguid:dxguid.obj
 0002:00004000       _IID_IDirect3DRMTexture    1002d000     dxguid:dxguid.obj
 0002:00004010       _IID_IDirect3DRMLight      1002d010     dxguid:dxguid.obj
 0002:00004020       _IID_IDirect3DRMFace2      1002d020     dxguid:dxguid.obj
 0002:00004030       _IID_IDirect3DRMFace       1002d030     dxguid:dxguid.obj
 0002:00004040       _IID_IDirect3DRMMeshBuilder3 1002d040     dxguid:dxguid.obj
 0002:00004050       _IID_IDirect3DRMMeshBuilder2 1002d050     dxguid:dxguid.obj
 0002:00004060       _IID_IDirect3DRMMeshBuilder 1002d060     dxguid:dxguid.obj
 0002:00004070       _IID_IDirect3DRMMesh       1002d070     dxguid:dxguid.obj
 0002:00004080       _IID_IDirect3DRMVisual     1002d080     dxguid:dxguid.obj
 0002:00004090       _IID_IDirect3DRMFrame3     1002d090     dxguid:dxguid.obj
 0002:000040a0       _IID_IDirect3DRMFrame2     1002d0a0     dxguid:dxguid.obj
 0002:000040b0       _IID_IDirect3DRMFrame      1002d0b0     dxguid:dxguid.obj
 0002:000040c0       _IID_IDirect3DRMViewport2  1002d0c0     dxguid:dxguid.obj
 0002:000040d0       _IID_IDirect3DRMViewport   1002d0d0     dxguid:dxguid.obj
 0002:000040e0       _IID_IDirect3DRMDevice3    1002d0e0     dxguid:dxguid.obj
 0002:000040f0       _IID_IDirect3DRMDevice2    1002d0f0     dxguid:dxguid.obj
 0002:00004100       _IID_IDirect3DRMDevice     1002d100     dxguid:dxguid.obj
 0002:00004110       _IID_IDirect3DRMObject2    1002d110     dxguid:dxguid.obj
 0002:00004120       _IID_IDirect3DRMObject     1002d120     dxguid:dxguid.obj
[...]
 0003:0000331c       ??_C@_0BF@LMDF@FOX_VIDEO_YUV_DIRECT?$AA@ 1003331c     FOX_yuv.obj
 0003:00003348       ??_C@_0BH@HBLL@Unsupported?5YUV?5format?$AA@ 10033348     FOX_yuv_sw.obj
 0003:00003360       ??_C@_0DA@DEPE@Can?8t?5use?5YUV?5data?5on?5non?516?124?1@ 10033360     FOX_yuv_sw.obj
 0003:00003390       ??_C@_0CC@EKGF@Unsupported?5YUV?5format?5in?5blit?5?$CI@ 10033390     FOX_yuv_sw.obj
 0003:000033d4       _current_audio             100333d4     FOX_audio.obj
 0003:000033e0       _FOX_cursor                100333e0     FOX_cursor.obj
 0003:000033e8       _FOX_cursorlock            100333e8     FOX_cursor.obj
 0003:00005720       _FOX_EventOK               10035720     FOX_events.obj
 0003:00005d80       _FOX_TranslateUNICODE      10035d80     FOX_keyboard.obj
 0003:00005da0       _FOX_Appname               10035da0     FOX_sysevents.obj
 0003:00005da4       _FOX_Instance              10035da4     FOX_sysevents.obj
 0003:00005da8       _FOX_Window                10035da8     FOX_sysevents.obj
 0003:00005db0       _FOX_bounds                10035db0     FOX_sysevents.obj
 0003:00005dc0       _FOX_resizing              10035dc0     FOX_sysevents.obj
 0003:00005dc4       _mouse_relative            10035dc4     FOX_sysevents.obj
 0003:00005dc8       _posted                    10035dc8     FOX_sysevents.obj
 0003:00005dcc       _HandleMessage             10035dcc     FOX_sysevents.obj
 0003:00005de0       _FOX_windowid              10035de0     FOX_sysevents.obj
 0003:00005de8       _FOX_hcursor               10035de8     FOX_sysmouse.obj
 0003:00005e0c       _screen_icn                10035e0c     FOX_syswm.obj
 0003:00006128       __creating_thread_lock     10036128     FOX_thread.obj
 0003:00006130       _FOX_timer_started         10036130     FOX_timer.obj
 0003:00006134       _FOX_timer_running         10036134     FOX_timer.obj
 0003:00006138       _FOX_alarm_interval        10036138     FOX_timer.obj
 0003:0000614c       _current_video             1003614c     FOX_video.obj
 0003:000061b8       _FOX_alarm_callback        100361b8     <common>
 0003:000061bc       _WIN_SwapGamma             100361bc     <common>
 0003:000061c0       _WIN_WinPAINT              100361c0     <common>
 0003:000061c4       _WIN_PaletteChanged        100361c4     <common>
 0003:000061c8       _WIN_RealizePalette        100361c8     <common>
 0003:000061e0       _FOX_KeyRepeat             100361e0     <common>
 0003:00006204       _high                      10036204     <common>
 0003:00006208       _value                     10036208     <common>
 0003:00006220       _char_to_sym               10036220     <common>
 0003:00006720       _FOX_filesys_indexblock    10036720     <common>
 0003:00006740       _from_buffer               10036740     <common>
 0003:00006744       _from_max                  10036744     <common>
 0003:00006748       _low                       10036748     <common>
 0003:0000674c       _textsize                  1003674c     <common>
 0003:00006760       _position_cum              10036760     <common>
 0003:0000a764       _lz_fptr                   1003a764     <common>
 0003:0000a768       _to_pointer                1003a768     <common>
 0003:0000a780       _sym_freq                  1003a780     <common>
 0003:0000ac6c       _codesize                  1003ac6c     <common>
 0003:0000ac80       _sym_cum                   1003ac80     <common>
 0003:0000b16c       _from_pointer              1003b16c     <common>
 0003:0000b170       _GB_buffer                 1003b170     <common>
 0003:0000b174       _archive_name              1003b174     <common>
 0003:0000b178       _PB_buffer                 1003b178     <common>
 0003:0000b180       _FOX_filesys_header        1003b180     <common>
 0003:0000b1a0       _text_buf                  1003b1a0     <common>
 0003:0000c1e0       _sym_to_char               1003c1e0     <common>
 0003:0000c6cc       _PB_mask                   1003c6cc     <common>
 0003:0000c6d0       _shifts                    1003c6d0     <common>
 0003:0000c6d4       _to_buffer                 1003c6d4     <common>
 0003:0000c6d8       _GB_mask                   1003c6d8     <common>
 0003:0000c6e0       _FOX_ProcessEvents         1003c6e0     <common>
 0003:0000c700       _DInputCreate              1003c700     <common>
 0003:0000c704       _DDrawCreate               1003c704     <common>
 0003:0000c708       _DSoundCreate              1003c708     <common>
 0003:0000c70c       __adjust_fdiv              1003c70c     <common>
 0003:0000c710       ___onexitend               1003c710     <common>
 0003:0000c714       ___onexitbegin             1003c714     <common>
 0003:0000c718       __pRawDllMain              1003c718     <common>

 entry point at        0001:000274e5

 Static symbols

 0001:000258a0       _Color16DitherYV12Mod1X    100268a0 f   FOX_yuv_sw.obj
 0001:00025a80       _Color24DitherYV12Mod1X    10026a80 f   FOX_yuv_sw.obj
 0001:00025ca0       _Color32DitherYV12Mod1X    10026ca0 f   FOX_yuv_sw.obj
 0001:00025e70       _Color16DitherYV12Mod2X    10026e70 f   FOX_yuv_sw.obj
 0001:00026080       _Color24DitherYV12Mod2X    10027080 f   FOX_yuv_sw.obj
 0001:00026340       _Color32DitherYV12Mod2X    10027340 f   FOX_yuv_sw.obj
 0001:00026580       _Color16DitherYUY2Mod1X    10027580 f   FOX_yuv_sw.obj
 0001:000266b0       _Color24DitherYUY2Mod1X    100276b0 f   FOX_yuv_sw.obj
 0001:00026800       _Color32DitherYUY2Mod1X    10027800 f   FOX_yuv_sw.obj
 0001:00026930       _Color16DitherYUY2Mod2X    10027930 f   FOX_yuv_sw.obj
 0001:00026a80       _Color24DitherYUY2Mod2X    10027a80 f   FOX_yuv_sw.obj
 0001:00026c20       _Color32DitherYUY2Mod2X    10027c20 f   FOX_yuv_sw.obj
 0001:00026d90       _number_of_bits_set        10027d90 f   FOX_yuv_sw.obj
 0001:00026db0       _free_bits_at_bottom       10027db0 f   FOX_yuv_sw.obj
 0001:00024600       _InitMS_ADPCM              10025600 f   FOX_wave.obj
 0001:000246c0       _MS_ADPCM_decode           100256c0 f   FOX_wave.obj
 0001:00024910       _MS_ADPCM_nibble           10025910 f   FOX_wave.obj
 0001:00024a20       _InitIMA_ADPCM             10025a20 f   FOX_wave.obj
 0001:00024a80       _IMA_ADPCM_decode          10025a80 f   FOX_wave.obj
 0001:00024c00       _Fill_IMA_ADPCM_block      10025c00 f   FOX_wave.obj
 0001:00024c80       _IMA_ADPCM_nibble          10025c80 f   FOX_wave.obj
 0001:00025150       _ReadChunk                 10026150 f   FOX_wave.obj
 0001:000231d0       _FOX_GetVideoMode          100241d0 f   FOX_video.obj
 0001:00023370       _FOX_ClearSurface          10024370 f   FOX_video.obj
 0001:000233c0       _FOX_CreateShadowSurface   100243c0 f   FOX_video.obj
 0001:00023aa0       _SetPalette_logical        10024aa0 f   FOX_video.obj
 0001:00023b10       _SetPalette_physical       10024b10 f   FOX_video.obj
 0001:00023f70       _CreateMaskFromColorKey    10024f70 f   FOX_video.obj
 0001:000241b0       _FOX_WM_GrabInputRaw       100251b0 f   FOX_video.obj
 0001:00024220       _FOX_WM_GrabInputOff       10025220 f   FOX_video.obj
 0001:000229c0       _FOX_RemoveAllTimers       100239c0 f   FOX_timer.obj
 0001:000229f0       _callback_wrapper          100239f0 f   FOX_timer.obj
 0001:00022430       _FOX_AddThread             10023430 f   FOX_thread.obj
 0001:00022500       _FOX_DelThread             10023500 f   FOX_thread.obj
 0001:00021d30       _HandleAlarm@20            10022d30 f   FOX_systimer.obj
 0001:00021b80       _RunThread@4               10022b80 f   FOX_systhread.obj
 0001:00021530       _memnot                    10022530 f   FOX_sysmouse.obj
 0001:00021560       _memxor                    10022560 f   FOX_sysmouse.obj
 0001:00021020       _WIN_GetKeyboardState      10022020 f   FOX_sysevents.obj
 0001:000211f0       _WIN_TrackMouseEvent@4     100221f0 f   FOX_sysevents.obj
 0001:00021220       _TrackMouseTimerProc@16    10022220 f   FOX_sysevents.obj
 0001:0001f2f0       _stdio_seek                100202f0 f   FOX_rwops.obj
 0001:0001f330       _stdio_read                10020330 f   FOX_rwops.obj
 0001:0001f370       _stdio_write               10020370 f   FOX_rwops.obj
 0001:0001f3b0       _stdio_close               100203b0 f   FOX_rwops.obj
 0001:0001f420       _mem_seek                  10020420 f   FOX_rwops.obj
 0001:0001f480       _mem_read                  10020480 f   FOX_rwops.obj
 0001:0001f4d0       _mem_write                 100204d0 f   FOX_rwops.obj
 0001:0001f520       _mem_close                 10020520 f   FOX_rwops.obj
 0001:0001c250       _RLEClipBlit               1001d250 f   FOX_RLEaccel.obj
 0001:0001daf0       _RLEAlphaClipBlit          1001eaf0 f   FOX_RLEaccel.obj
 0001:0001e030       _getpix_8                  1001f030 f   FOX_RLEaccel.obj
 0001:0001e040       _getpix_16                 1001f040 f   FOX_RLEaccel.obj
 0001:0001e050       _getpix_24                 1001f050 f   FOX_RLEaccel.obj
 0001:0001e070       _getpix_32                 1001f070 f   FOX_RLEaccel.obj
 0001:0001e140       _RLEAlphaSurface           1001f140 f   FOX_RLEaccel.obj
 0001:0001e6f0       _copy_opaque_16            1001f6f0 f   FOX_RLEaccel.obj
 0001:0001e7a0       _copy_transl_565           1001f7a0 f   FOX_RLEaccel.obj
 0001:0001e870       _copy_transl_555           1001f870 f   FOX_RLEaccel.obj
 0001:0001e940       _copy_32                   1001f940 f   FOX_RLEaccel.obj
 0001:0001e9f0       _RLEColorkeySurface        1001f9f0 f   FOX_RLEaccel.obj
 0001:0001eea0       _UnRLEAlpha                1001fea0 f   FOX_RLEaccel.obj
 0001:0001eff0       _uncopy_opaque_16          1001fff0 f   FOX_RLEaccel.obj
 0001:0001f0c0       _uncopy_transl_16          100200c0 f   FOX_RLEaccel.obj
 0001:0001f1a0       _uncopy_32                 100201a0 f   FOX_RLEaccel.obj
 0001:0001aff0       _FOX_HandleSIG             1001bff0 f   FOX_quit.obj
 0001:0001acf0       _Map1to1                   1001bcf0 f   FOX_pixels.obj
 0001:0001ad90       _Map1toN                   1001bd90 f   FOX_pixels.obj
 0001:0001af30       _MapNto1                   1001bf30 f   FOX_pixels.obj
 0001:0001a040       _ClipOffset                1001b040 f   FOX_mouse.obj
 0001:00018ab0       _CalculateGammaRamp        10019ab0 f   FOX_gamma.obj
 0001:00018c30       _CalculateGammaFromRamp    10019c30 f   FOX_gamma.obj
 0001:00018320       _Output                    10019320 f   FOX_filesys.obj
 0001:00017790       _FOX_StopEventThread       10018790 f   FOX_events.obj
 0001:00017860       _FOX_StartEventThread      10018860 f   FOX_events.obj
 0001:000178f0       _FOX_GobbleEvents          100188f0 f   FOX_events.obj
 0001:00017ab0       _FOX_AddEvent              10018ab0 f   FOX_events.obj
 0001:00017b50       _FOX_CutEvent              10018b50 f   FOX_events.obj
 0001:00017430       _FOX_LookupString          10018430 f   FOX_error.obj
 0001:00017470       _PrintInt                  10018470 f   FOX_error.obj
 0001:000174e0       _PrintDouble               100184e0 f   FOX_error.obj
 0001:00017560       _PrintPointer              10018560 f   FOX_error.obj
 0001:000169b0       _CreateYUVSurface          100179b0 f   FOX_dx8yuv.obj
 0001:00014400       _DX8_Available             10015400 f   FOX_dx8video.obj
 0001:00014510       _DX8_CreateDevice          10015510 f   FOX_dx8video.obj
 0001:000146b0       _DX8_Load                  100156b0 f   FOX_dx8video.obj
 0001:00014740       _DX8_Unload                10015740 f   FOX_dx8video.obj
 0001:00014780       _DX8_DeleteDevice          10015780 f   FOX_dx8video.obj
 0001:00014cb0       _DX8_VideoInit             10015cb0 f   FOX_dx8video.obj
 0001:00014ef0       _EnumModes2@8              10015ef0 f   FOX_dx8video.obj
 0001:00014fc0       _DX8_UpdateVideoInfo       10015fc0 f   FOX_dx8video.obj
 0001:00015110       _DX8_ListModes             10016110 f   FOX_dx8video.obj
 0001:000151b0       _DX8_SetVideoMode          100161b0 f   FOX_dx8video.obj
 0001:00015ae0       _DX8_AllocDDSurface        10016ae0 f   FOX_dx8video.obj
 0001:00015e80       _DX8_AllocHWSurface        10016e80 f   FOX_dx8video.obj
 0001:00015ec0       _DX8_CheckHWBlit           10016ec0 f   FOX_dx8video.obj
 0001:00015f70       _DX8_HWAccelBlit           10016f70 f   FOX_dx8video.obj
 0001:00016050       _DX8_FillHWRect            10017050 f   FOX_dx8video.obj
 0001:00016100       _DX8_SetHWColorKey         10017100 f   FOX_dx8video.obj
 0001:00016150       _DX8_SetHWAlpha            10017150 f   FOX_dx8video.obj
 0001:00016160       _DX8_LockHWSurface         10017160 f   FOX_dx8video.obj
 0001:00016230       _DX8_UnlockHWSurface       10017230 f   FOX_dx8video.obj
 0001:00016250       _DX8_FlipHWSurface         10017250 f   FOX_dx8video.obj
 0001:000162a0       _DX8_FreeHWSurface         100172a0 f   FOX_dx8video.obj
 0001:000162e0       _DX8_WindowUpdate          100172e0 f   FOX_dx8video.obj
 0001:000163e0       _DX8_DirectUpdate          100173e0 f   FOX_dx8video.obj
 0001:000163f0       _DX8_SetColors             100173f0 f   FOX_dx8video.obj
 0001:000164e0       _DX8_CompressPalette       100174e0 f   FOX_dx8video.obj
 0001:00016550       _DX8_SwapGamma             10017550 f   FOX_dx8video.obj
 0001:00016560       _DX8_VideoQuit             10017560 f   FOX_dx8video.obj
 0001:00016640       _DX8_RealizePalette        10017640 f   FOX_dx8video.obj
 0001:00016660       _DX8_PaletteChanged        10017660 f   FOX_dx8video.obj
 0001:00016810       _DX8_Recolor8Bit           10017810 f   FOX_dx8video.obj
 0001:000168b0       _DX8_WinPAINT              100178b0 f   FOX_dx8video.obj
 0001:00013250       _SetDIerror                10014250 f   FOX_dx8events.obj
 0001:00013340       _handle_keyboard           10014340 f   FOX_dx8events.obj
 0001:000133a0       _handle_mouse              100143a0 f   FOX_dx8events.obj
 0001:000138f0       _DX8_CheckInput            100148f0 f   FOX_dx8events.obj
 0001:00013fb0       _TranslateKey              10014fb0 f   FOX_dx8events.obj
 0001:00014120       _DX8_DInputInit            10015120 f   FOX_dx8events.obj
 0001:00014380       _DX8_DInputQuit            10015380 f   FOX_dx8events.obj
 0001:000126b0       _Audio_Available           100136b0 f   FOX_dx8audio.obj
 0001:00012720       _Audio_CreateDevice        10013720 f   FOX_dx8audio.obj
 0001:000127d0       _DX8_Load                  100137d0 f   FOX_dx8audio.obj
 0001:00012820       _DX8_Unload                10013820 f   FOX_dx8audio.obj
 0001:00012850       _Audio_DeleteDevice        10013850 f   FOX_dx8audio.obj
 0001:00012890       _DX8_ThreadInit            10013890 f   FOX_dx8audio.obj
 0001:000128a0       _DX8_WaitAudio_BusyWait    100138a0 f   FOX_dx8audio.obj
 0001:000129d0       _SetDSerror                100139d0 f   FOX_dx8audio.obj
 0001:00012ba0       _DX8_PlayAudio             10013ba0 f   FOX_dx8audio.obj
 0001:00012bd0       _DX8_GetAudioBuf           10013bd0 f   FOX_dx8audio.obj
 0001:00012d10       _DX8_WaitDone              10013d10 f   FOX_dx8audio.obj
 0001:00012d70       _DX8_CloseAudio            10013d70 f   FOX_dx8audio.obj
 0001:00012de0       _DX8_OpenAudio             10013de0 f   FOX_dx8audio.obj
 0001:00012f60       _CreatePrimary             10013f60 f   FOX_dx8audio.obj
 0001:00013070       _CreateSecondary           10014070 f   FOX_dx8audio.obj
 0001:000101a0       _FOX_clipLine              100111a0 f   FOX_draw2d.obj
 0001:000103a0       _FOX_clipEncode            100113a0 f   FOX_draw2d.obj
 0001:0000e000       _FOX_DrawCursorFast        1000f000 f   FOX_cursor.obj
 0001:0000e390       _FOX_DrawCursorSlow        1000f390 f   FOX_cursor.obj
 0001:0000e830       _FOX_ConvertCursorSave     1000f830 f   FOX_cursor.obj
 0001:00008cc0       _Blit_RGB888_RGB555        10009cc0 f   FOX_blit_N.obj
 0001:00008ed0       _Blit_RGB888_RGB565        10009ed0 f   FOX_blit_N.obj
 0001:000090e0       _Blit_RGB565_ARGB8888      1000a0e0 f   FOX_blit_N.obj
 0001:00009100       _Blit_RGB565_32            1000a100 f   FOX_blit_N.obj
 0001:00009280       _Blit_RGB565_ABGR8888      1000a280 f   FOX_blit_N.obj
 0001:000092a0       _Blit_RGB565_RGBA8888      1000a2a0 f   FOX_blit_N.obj
 0001:000092c0       _Blit_RGB565_BGRA8888      1000a2c0 f   FOX_blit_N.obj
 0001:000092e0       _BlitNtoN                  1000a2e0 f   FOX_blit_N.obj
 0001:00009f20       _Blit_RGB888_index8        1000af20 f   FOX_blit_N.obj
 0001:0000a2e0       _Blit_RGB888_index8_map    1000b2e0 f   FOX_blit_N.obj
 0001:0000a520       _BlitNto1                  1000b520 f   FOX_blit_N.obj
 0001:0000af20       _BlitNtoNCopyAlpha         1000bf20 f   FOX_blit_N.obj
 0001:0000b100       _BlitNto1Key               1000c100 f   FOX_blit_N.obj
 0001:0000bc40       _Blit2to2Key               1000cc40 f   FOX_blit_N.obj
 0001:0000bde0       _BlitNtoNKey               1000cde0 f   FOX_blit_N.obj
 0001:0000c8e0       _BlitNtoNKeyCopyAlpha      1000d8e0 f   FOX_blit_N.obj
 0001:00004810       _BlitNto1SurfaceAlpha      10005810 f   FOX_blit_A.obj
 0001:00004d60       _BlitNto1PixelAlpha        10005d60 f   FOX_blit_A.obj
 0001:000052f0       _BlitNto1SurfaceAlphaKey   100062f0 f   FOX_blit_A.obj
 0001:00005d60       _BlitRGBtoRGBSurfaceAlpha  10006d60 f   FOX_blit_A.obj
 0001:00005f70       _BlitRGBtoRGBSurfaceAlpha128 10006f70 f   FOX_blit_A.obj
 0001:000060d0       _BlitRGBtoRGBPixelAlpha    100070d0 f   FOX_blit_A.obj
 0001:00006360       _Blit565to565SurfaceAlpha  10007360 f   FOX_blit_A.obj
 0001:00006560       _Blit16to16SurfaceAlpha128 10007560 f   FOX_blit_A.obj
 0001:000067e0       _Blit555to555SurfaceAlpha  100077e0 f   FOX_blit_A.obj
 0001:000069e0       _BlitARGBto565PixelAlpha   100079e0 f   FOX_blit_A.obj
 0001:00006cb0       _BlitARGBto555PixelAlpha   10007cb0 f   FOX_blit_A.obj
 0001:00006f80       _BlitNtoNSurfaceAlpha      10007f80 f   FOX_blit_A.obj
 0001:00007900       _BlitNtoNSurfaceAlphaKey   10008900 f   FOX_blit_A.obj
 0001:00008260       _BlitNtoNPixelAlpha        10009260 f   FOX_blit_A.obj
 0001:00002580       _Blit1to1                  10003580 f   FOX_blit_1.obj
 0001:00002670       _Blit1to2                  10003670 f   FOX_blit_1.obj
 0001:00002790       _Blit1to3                  10003790 f   FOX_blit_1.obj
 0001:00002930       _Blit1to4                  10003930 f   FOX_blit_1.obj
 0001:00002a40       _Blit1to1Key               10003a40 f   FOX_blit_1.obj
 0001:00002c70       _Blit1to2Key               10003c70 f   FOX_blit_1.obj
 0001:00002dd0       _Blit1to3Key               10003dd0 f   FOX_blit_1.obj
 0001:00002f90       _Blit1to4Key               10003f90 f   FOX_blit_1.obj
 0001:00003160       _Blit1toNAlpha             10004160 f   FOX_blit_1.obj
 0001:000038a0       _Blit1toNAlphaKey          100048a0 f   FOX_blit_1.obj
 0001:000018f0       _BlitBto1                  100028f0 f   FOX_blit_0.obj
 0001:000019e0       _BlitBto2                  100029e0 f   FOX_blit_0.obj
 0001:00001aa0       _BlitBto3                  10002aa0 f   FOX_blit_0.obj
 0001:00001b60       _BlitBto4                  10002b60 f   FOX_blit_0.obj
 0001:00001c20       _BlitBto1Key               10002c20 f   FOX_blit_0.obj
 0001:00001d40       _BlitBto2Key               10002d40 f   FOX_blit_0.obj
 0001:00001e10       _BlitBto3Key               10002e10 f   FOX_blit_0.obj
 0001:00001ee0       _BlitBto4Key               10002ee0 f   FOX_blit_0.obj
 0001:00002030       _BlitBtoNAlpha             10003030 f   FOX_blit_0.obj
 0001:000022d0       _BlitBtoNAlphaKey          100032d0 f   FOX_blit_0.obj
 0001:000015e0       _FOX_SoftBlit              100025e0 f   FOX_blit.obj
 0001:000017c0       _FOX_BlitCopy              100027c0 f   FOX_blit.obj
 0001:00001830       _FOX_BlitCopyOverlap       10002830 f   FOX_blit.obj
