 FOX

 Timestamp is 3d33cc05 (Tue Jul 16 09:32:21 2002)

 Preferred load address is 10000000

 Start         Length     Name                   Class
 0001:00000000 00029572H .text                   CODE
 0002:00000000 0000020cH .idata$5                DATA
 0002:00000210 000024e0H .rdata                  DATA
 0002:000026f0 00000064H .idata$2                DATA
 0002:00002754 00000014H .idata$3                DATA
 0002:00002768 0000020cH .idata$4                DATA
 0002:00002974 0000080eH .idata$6                DATA
 0002:00003190 000011f2H .edata                  DATA
 0003:00000000 00000004H .CRT$XCA                DATA
 0003:00000004 00000004H .CRT$XCZ                DATA
 0003:00000008 00000004H .CRT$XIA                DATA
 0003:0000000c 00000004H .CRT$XIZ                DATA
 0003:00000010 00003740H .data                   DATA
 0003:00003750 0000986cH .bss                    DATA

  Address         Publics by Value              Rva+Base     Lib:Object

 0001:00000000       _FOX_AppActiveInit         10001000 f   active.obj
 0001:00000010       _FOX_GetAppState           10001010 f   active.obj
 0001:00000020       _FOX_PrivateAppActive      10001020 f   active.obj
 0001:000000d0       _FOX_RunAudio              100010d0 f   audio.obj
 0001:00000270       _FOX_AudioInit             10001270 f   audio.obj
 0001:00000370       _FOX_AudioDriverName       10001370 f   audio.obj
 0001:000003b0       _FOX_OpenAudio             100013b0 f   audio.obj
 0001:000005d0       _FOX_GetAudioStatus        100015d0 f   audio.obj
 0001:00000600       _FOX_PauseAudio            10001600 f   audio.obj
 0001:00000620       _FOX_LockAudio             10001620 f   audio.obj
 0001:00000660       _FOX_UnlockAudio           10001660 f   audio.obj
 0001:000006a0       _FOX_CloseAudio            100016a0 f   audio.obj
 0001:000006b0       _FOX_AudioQuit             100016b0 f   audio.obj
 0001:00000750       _FOX_CalculateAudioSpec    10001750 f   audio.obj
 0001:00000790       _FOX_ConvertMono           10001790 f   audiocvt.obj
 0001:00000a00       _FOX_ConvertStereo         10001a00 f   audiocvt.obj
 0001:00000a90       _FOX_Convert16LSB          10001a90 f   audiocvt.obj
 0001:00000af0       _FOX_Convert16MSB          10001af0 f   audiocvt.obj
 0001:00000b50       _FOX_Convert8              10001b50 f   audiocvt.obj
 0001:00000bc0       _FOX_ConvertSign           10001bc0 f   audiocvt.obj
 0001:00000c30       _FOX_ConvertEndian         10001c30 f   audiocvt.obj
 0001:00000c80       _FOX_RateMUL2              10001c80 f   audiocvt.obj
 0001:00000d10       _FOX_RateDIV2              10001d10 f   audiocvt.obj
 0001:00000d90       _FOX_ConvertAudio          10001d90 f   audiocvt.obj
 0001:00000dd0       _FOX_BuildAudioCVT         10001dd0 f   audiocvt.obj
 0001:00001070       _FOX_AllocAudioMem         10002070 f   audiomem.obj
 0001:00001080       _FOX_CalculateBlit         10002080 f   blit.obj
 0001:000015c0       _FOX_CursorQuit            100025c0 f   cursor.obj
 0001:00001630       _FOX_CursorInit            10002630 f   cursor.obj
 0001:00001680       _FOX_LockCursor            10002680 f   cursor.obj
 0001:000016a0       _FOX_UnlockCursor          100026a0 f   cursor.obj
 0001:000016c0       _FOX_CreateCursor          100026c0 f   cursor.obj
 0001:00001870       _FOX_SetCursor             10002870 f   cursor.obj
 0001:000019e0       _FOX_GetCursor             100029e0 f   cursor.obj
 0001:000019f0       _FOX_FreeCursor            100029f0 f   cursor.obj
 0001:00001a70       _FOX_ShowCursor            10002a70 f   cursor.obj
 0001:00001b10       _FOX_WarpMouse             10002b10 f   cursor.obj
 0001:00001b80       _FOX_MoveCursor            10002b80 f   cursor.obj
 0001:00001c00       _FOX_CursorPaletteChanged  10002c00 f   cursor.obj
 0001:00001c10       _FOX_MouseRect             10002c10 f   cursor.obj
 0001:00001cb0       _FOX_DrawCursorNoLock      10002cb0 f   cursor.obj
 0001:00002480       _FOX_DrawCursor            10003480 f   cursor.obj
 0001:00002510       _FOX_EraseCursorNoLock     10003510 f   cursor.obj
 0001:000026d0       _FOX_EraseCursor           100036d0 f   cursor.obj
 0001:00002760       _FOX_ResetCursor           10003760 f   cursor.obj
 0001:000027b0       _FOX_InitSubSystem         100037b0 f   fox.obj
 0001:00002880       _FOX_Init                  10003880 f   fox.obj
 0001:000028a0       _FOX_QuitSubSystem         100038a0 f   fox.obj
 0001:00002900       _FOX_WasInit               10003900 f   fox.obj
 0001:00002920       _FOX_Quit                  10003920 f   fox.obj
 0001:00002930       _DllMain@12                10003930 f   fox.obj
 0001:00003000       _FOX_CalculateBlit0        10004000 f   FOX_blit_0.obj
 0001:00004130       _FOX_CalculateBlit1        10005130 f   FOX_blit_1.obj
 0001:000056e0       _FOX_CalculateAlphaBlit    100066e0 f   FOX_blit_A.obj
 0001:0000add0       _FOX_CalculateBlitN        1000bdd0 f   FOX_blit_N.obj
 0001:0000ed40       _DIB_HandleMessage         1000fd40 f   FOX_dibevents.obj
 0001:0000eee0       _DIB_PumpEvents            1000fee0 f   FOX_dibevents.obj
 0001:0000ef50       _DIB_InitOSKeymap          1000ff50 f   FOX_dibevents.obj
 0001:0000f440       _DIB_CreateWindow          10010440 f   FOX_dibevents.obj
 0001:0000f4f0       _DIB_DestroyWindow         100104f0 f   FOX_dibevents.obj
 0001:0000fbc0       _DIB_SetVideoMode          10010bc0 f   FOX_dibvideo.obj
 0001:000106e0       _FOX_fastPixelColorNolock  100116e0 f   FOX_draw2d.obj
 0001:000107b0       _FOX_fastPixelColor        100117b0 f   FOX_draw2d.obj
 0001:00010810       _FOX__putPixelAlpha        10011810 f   FOX_draw2d.obj
 0001:00010d80       _FOX_pixelColor            10011d80 f   FOX_draw2d.obj
 0001:00010e00       _FOX__filledRectAlpha      10011e00 f   FOX_draw2d.obj
 0001:00011460       _FOX_filledRectAlpha       10012460 f   FOX_draw2d.obj
 0001:000114f0       _FOX_HLineAlpha            100124f0 f   FOX_draw2d.obj
 0001:00011520       _FOX_VLineAlpha            10012520 f   FOX_draw2d.obj
 0001:00011550       _FOX_pixelColorWeight      10012550 f   FOX_draw2d.obj
 0001:00011590       _FOX_pixelRGBA             10012590 f   FOX_draw2d.obj
 0001:00011610       _FOX_hlineColor            10012610 f   FOX_draw2d.obj
 0001:000117a0       _FOX_hlineRGBA             100127a0 f   FOX_draw2d.obj
 0001:000117f0       _FOX_vlineColor            100127f0 f   FOX_draw2d.obj
 0001:00011980       _FOX_vlineRGBA             10012980 f   FOX_draw2d.obj
 0001:000119d0       _FOX_rectangleColor        100129d0 f   FOX_draw2d.obj
 0001:00011af0       _FOX_rectangleRGBA         10012af0 f   FOX_draw2d.obj
 0001:00011b40       _FOX_boxColor              10012b40 f   FOX_draw2d.obj
 0001:00012010       _FOX_boxRGBA               10013010 f   FOX_draw2d.obj
 0001:00012060       _FOX_lineColor             10013060 f   FOX_draw2d.obj
 0001:00012400       _FOX_lineRGBA              10013400 f   FOX_draw2d.obj
 0001:00012450       _FOX_aalineColorInt        10013450 f   FOX_draw2d.obj
 0001:000126c0       _FOX_aalineColor           100136c0 f   FOX_draw2d.obj
 0001:000126f0       _FOX_aalineRGBA            100136f0 f   FOX_draw2d.obj
 0001:00012740       _FOX_circleColor           10013740 f   FOX_draw2d.obj
 0001:00012c40       _FOX_circleRGBA            10013c40 f   FOX_draw2d.obj
 0001:00012c90       _FOX_aacircleColor         10013c90 f   FOX_draw2d.obj
 0001:00012cc0       _FOX_aacircleRGBA          10013cc0 f   FOX_draw2d.obj
 0001:00012d10       _FOX_filledCircleColor     10013d10 f   FOX_draw2d.obj
 0001:00012f60       _FOX_filledCircleRGBA      10013f60 f   FOX_draw2d.obj
 0001:00012fb0       _FOX_ellipseColor          10013fb0 f   FOX_draw2d.obj
 0001:00013910       _FOX_ellipseRGBA           10014910 f   FOX_draw2d.obj
 0001:00013960       _FOX_aaellipseColor        10014960 f   FOX_draw2d.obj
 0001:00013b10       _FOX_aaellipseRGBA         10014b10 f   FOX_draw2d.obj
 0001:00013b60       _FOX_filledEllipseColor    10014b60 f   FOX_draw2d.obj
 0001:00013f50       _FOX_filledEllipseRGBA     10014f50 f   FOX_draw2d.obj
 0001:00013fa0       _FOX_polygonColor          10014fa0 f   FOX_draw2d.obj
 0001:00014050       _FOX_polygonRGBA           10015050 f   FOX_draw2d.obj
 0001:000140a0       _FOX_filledPolygonColor    100150a0 f   FOX_draw2d.obj
 0001:00014280       _FOX_filledPolygonRGBA     10015280 f   FOX_draw2d.obj
 0001:000142d0       _FOX_gfxPrimitivesCompareInt 100152d0 f   FOX_draw2d.obj
 0001:000144b0       _DX8_SoundFocus            100154b0 f   FOX_dx8audio.obj
 0001:00014df0       _DX8_DInputReset           10015df0 f   FOX_dx8events.obj
 0001:000152b0       _DX8_HandleMessage         100162b0 f   FOX_dx8events.obj
 0001:000154e0       _DX8_PumpEvents            100164e0 f   FOX_dx8events.obj
 0001:00015790       _DX8_InitOSKeymap          10016790 f   FOX_dx8events.obj
 0001:00015c60       _DX8_CreateWindow          10016c60 f   FOX_dx8events.obj
 0001:00015f80       _DX8_DestroyWindow         10016f80 f   FOX_dx8events.obj
 0001:00016410       _SetDDerror                10017410 f   FOX_dx8video.obj
 0001:000184f0       _DX8_CreateYUVOverlay      100194f0 f   FOX_dx8yuv.obj
 0001:00018760       _DX8_LockYUVOverlay        10019760 f   FOX_dx8yuv.obj
 0001:00018850       _DX8_UnlockYUVOverlay      10019850 f   FOX_dx8yuv.obj
 0001:00018870       _DX8_DisplayYUVOverlay     10019870 f   FOX_dx8yuv.obj
 0001:00018920       _DX8_FreeYUVOverlay        10019920 f   FOX_dx8yuv.obj
 0001:00018950       _FOX_ReadLE16              10019950 f   FOX_endian.obj
 0001:00018970       _FOX_ReadBE16              10019970 f   FOX_endian.obj
 0001:000189a0       _FOX_ReadLE32              100199a0 f   FOX_endian.obj
 0001:000189c0       _FOX_ReadBE32              100199c0 f   FOX_endian.obj
 0001:00018a00       _FOX_ReadLE64              10019a00 f   FOX_endian.obj
 0001:00018a20       _FOX_ReadBE64              10019a20 f   FOX_endian.obj
 0001:00018aa0       _FOX_WriteLE16             10019aa0 f   FOX_endian.obj
 0001:00018ac0       _FOX_WriteBE16             10019ac0 f   FOX_endian.obj
 0001:00018af0       _FOX_WriteLE32             10019af0 f   FOX_endian.obj
 0001:00018b10       _FOX_WriteBE32             10019b10 f   FOX_endian.obj
 0001:00018b60       _FOX_WriteLE64             10019b60 f   FOX_endian.obj
 0001:00018b80       _FOX_WriteBE64             10019b80 f   FOX_endian.obj
 0001:00018c00       _FOX_SetError              10019c00 f   FOX_error.obj
 0001:00018df0       _FOX_GetErrorMsgUNICODE    10019df0 f   FOX_error.obj
 0001:000191f0       _FOX_GetErrorMsg           1001a1f0 f   FOX_error.obj
 0001:00019260       _FOX_GetError              1001a260 f   FOX_error.obj
 0001:00019280       _FOX_ClearError            1001a280 f   FOX_error.obj
 0001:00019290       _FOX_Error                 1001a290 f   FOX_error.obj
 0001:00019300       _FOX_StopEventLoop         1001a300 f   FOX_events.obj
 0001:00019370       _FOX_StartEventLoop        1001a370 f   FOX_events.obj
 0001:00019520       _FOX_PeepEvents            1001a520 f   FOX_events.obj
 0001:00019780       _FOX_PumpEvents            1001a780 f   FOX_events.obj
 0001:000197b0       _FOX_PollEvent             1001a7b0 f   FOX_events.obj
 0001:000197d0       _FOX_WaitEvent             1001a7d0 f   FOX_events.obj
 0001:00019820       _FOX_PushEvent             1001a820 f   FOX_events.obj
 0001:00019840       _FOX_SetEventFilter        1001a840 f   FOX_events.obj
 0001:00019880       _FOX_GetEventFilter        1001a880 f   FOX_events.obj
 0001:00019890       _FOX_EventState            1001a890 f   FOX_events.obj
 0001:00019990       _FOX_PrivateSysWMEvent     1001a990 f   FOX_events.obj
 0001:00019a00       _FOX_PrivateExpose         1001aa00 f   FOX_expose.obj
 0001:00019a60       _putc_buffer               1001aa60 f   FOX_filesys.obj
 0001:00019a90       _getc_lz                   1001aa90 f   FOX_filesys.obj
 0001:00019ac0       _lzss_decode               1001aac0 f   FOX_filesys.obj
 0001:00019bb0       _lzss_decompress           1001abb0 f   FOX_filesys.obj
 0001:00019be0       _GetBit                    1001abe0 f   FOX_filesys.obj
 0001:00019c20       _StartModel                1001ac20 f   FOX_filesys.obj
 0001:00019ca0       _UpdateModel               1001aca0 f   FOX_filesys.obj
 0001:00019d60       _BinarySearchSym           1001ad60 f   FOX_filesys.obj
 0001:00019da0       _BinarySearchPos           1001ada0 f   FOX_filesys.obj
 0001:00019de0       _StartDecode               1001ade0 f   FOX_filesys.obj
 0001:00019e00       _DecodeChar                1001ae00 f   FOX_filesys.obj
 0001:00019f00       _DecodePosition            1001af00 f   FOX_filesys.obj
 0001:00019ff0       _lzari_Decode              1001aff0 f   FOX_filesys.obj
 0001:0001a130       _lzari_decompress          1001b130 f   FOX_filesys.obj
 0001:0001a1a0       _FOX_filesys_archive       1001b1a0 f   FOX_filesys.obj
 0001:0001a200       _FOX_filesys_search        1001b200 f   FOX_filesys.obj
 0001:0001a310       _FOX_filesys_load_in       1001b310 f   FOX_filesys.obj
 0001:0001a3b0       _FOX_filesys_load          1001b3b0 f   FOX_filesys.obj
 0001:0001a3e0       _FOX_SetGamma              1001b3e0 f   FOX_gamma.obj
 0001:0001a540       _FOX_SetGammaRamp          1001b540 f   FOX_gamma.obj
 0001:0001a640       _FOX_GetGammaRamp          1001b640 f   FOX_gamma.obj
 0001:0001a710       _FOX_KeyboardInit          1001b710 f   FOX_keyboard.obj
 0001:0001b070       _FOX_ResetKeyboard         1001c070 f   FOX_keyboard.obj
 0001:0001b0c0       _FOX_EnableUNICODE         1001c0c0 f   FOX_keyboard.obj
 0001:0001b0e0       _FOX_GetKeyState           1001c0e0 f   FOX_keyboard.obj
 0001:0001b100       _FOX_GetModState           1001c100 f   FOX_keyboard.obj
 0001:0001b110       _FOX_SetModState           1001c110 f   FOX_keyboard.obj
 0001:0001b120       _FOX_GetKeyName            1001c120 f   FOX_keyboard.obj
 0001:0001b140       _FOX_PrivateKeyboard       1001c140 f   FOX_keyboard.obj
 0001:0001b3d0       _FOX_CheckKeyRepeat        1001c3d0 f   FOX_keyboard.obj
 0001:0001b440       _FOX_EnableKeyRepeat       1001c440 f   FOX_keyboard.obj
 0001:0001b480       _FOX_MixAudio              1001c480 f   FOX_mixer.obj
 0001:0001b690       _FOX_MouseInit             1001c690 f   FOX_mouse.obj
 0001:0001b6b0       _FOX_GetMouseState         1001c6b0 f   FOX_mouse.obj
 0001:0001b6e0       _FOX_GetRelativeMouseState 1001c6e0 f   FOX_mouse.obj
 0001:0001b720       _FOX_PrivateMouseMotion    1001c720 f   FOX_mouse.obj
 0001:0001b910       _FOX_PrivateMouseButton    1001c910 f   FOX_mouse.obj
 0001:0001bac0       _FOX_AllocFormat           1001cac0 f   FOX_pixels.obj
 0001:0001be30       _FOX_FormatChanged         1001ce30 f   FOX_pixels.obj
 0001:0001be50       _FOX_FreeFormat            1001ce50 f   FOX_pixels.obj
 0001:0001be90       _FOX_DitherColors          1001ce90 f   FOX_pixels.obj
 0001:0001bf00       _FOX_CalculatePitch        1001cf00 f   FOX_pixels.obj
 0001:0001bf50       _FOX_FindColor             1001cf50 f   FOX_pixels.obj
 0001:0001c010       _FOX_MapRGB                1001d010 f   FOX_pixels.obj
 0001:0001c080       _FOX_MapRGBA               1001d080 f   FOX_pixels.obj
 0001:0001c110       _FOX_GetRGBA               1001d110 f   FOX_pixels.obj
 0001:0001c210       _FOX_GetRGB                1001d210 f   FOX_pixels.obj
 0001:0001c2e0       _FOX_ApplyGamma            1001d2e0 f   FOX_pixels.obj
 0001:0001c340       _FOX_AllocBlitMap          1001d340 f   FOX_pixels.obj
 0001:0001c3a0       _FOX_InvalidateMap         1001d3a0 f   FOX_pixels.obj
 0001:0001c3d0       _FOX_MapSurface            1001d3d0 f   FOX_pixels.obj
 0001:0001c7a0       _FOX_FreeBlitMap           1001d7a0 f   FOX_pixels.obj
 0001:0001c7d0       _FOX_QuitInit              1001d7d0 f   FOX_quit.obj
 0001:0001c830       _FOX_PrivateQuit           1001d830 f   FOX_quit.obj
 0001:0001c880       _FOX_PrivateResize         1001d880 f   FOX_resize.obj
 0001:0001c950       _FOX_RLEBlit               1001d950 f   FOX_RLEaccel.obj
 0001:0001ee60       _FOX_RLEAlphaBlit          1001fe60 f   FOX_RLEaccel.obj
 0001:0001f8a0       _FOX_RLESurface            100208a0 f   FOX_RLEaccel.obj
 0001:000205b0       _FOX_UnRLESurface          100215b0 f   FOX_RLEaccel.obj
 0001:00020a80       _FOX_RWFromFile            10021a80 f   FOX_rwops.obj
 0001:00020ad0       _FOX_RWFromFP              10021ad0 f   FOX_rwops.obj
 0001:00020c10       _FOX_RWFromMem             10021c10 f   FOX_rwops.obj
 0001:00020d70       _FOX_AllocRW               10021d70 f   FOX_rwops.obj
 0001:00020d90       _FOX_FreeRW                10021d90 f   FOX_rwops.obj
 0001:00020d90       _FOX_FreeAudioMem          10021d90 f   FOX_rwops.obj
 0001:00020da0       _copy_row1                 10021da0 f   FOX_stretch.obj
 0001:00020df0       _copy_row2                 10021df0 f   FOX_stretch.obj
 0001:00020e50       _copy_row4                 10021e50 f   FOX_stretch.obj
 0001:00020eb0       _copy_row3                 10021eb0 f   FOX_stretch.obj
 0001:00020f30       _FOX_SoftStretch           10021f30 f   FOX_stretch.obj
 0001:000211c0       _FOX_CreateRGBSurface      100221c0 f   FOX_surface.obj
 0001:000213b0       _FOX_CreateRGBSurfaceFrom  100223b0 f   FOX_surface.obj
 0001:00021420       _FOX_SetColorKey           10022420 f   FOX_surface.obj
 0001:00021520       _FOX_SetAlpha              10022520 f   FOX_surface.obj
 0001:00021650       _FOX_SetClipRect           10022650 f   FOX_surface.obj
 0001:00021730       _FOX_GetClipRect           10022730 f   FOX_surface.obj
 0001:00021750       _FOX_LowerBlit             10022750 f   FOX_surface.obj
 0001:000217d0       _FOX_UpperBlit             100227d0 f   FOX_surface.obj
 0001:00021980       _FOX_FillRect              10022980 f   FOX_surface.obj
 0001:00021d40       _FOX_LockSurface           10022d40 f   FOX_surface.obj
 0001:00021da0       _FOX_UnlockSurface         10022da0 f   FOX_surface.obj
 0001:00021df0       _FOX_ConvertSurface        10022df0 f   FOX_surface.obj
 0001:00022020       _FOX_FreeSurface           10023020 f   FOX_surface.obj
 0001:000220e0       _WinMessage@16             100230e0 f   FOX_sysevents.obj
 0001:000228f0       _FOX_SetModuleHandle       100238f0 f   FOX_sysevents.obj
 0001:00022900       _FOX_GetModuleHandle       10023900 f   FOX_sysevents.obj
 0001:00022920       _FOX_RegisterApp           10023920 f   FOX_sysevents.obj
 0001:00022ad0       _WIN_FreeWMCursor          10023ad0 f   FOX_sysmouse.obj
 0001:00022ae0       _WIN_CreateWMCursor        10023ae0 f   FOX_sysmouse.obj
 0001:00022b10       _WIN_ShowWMCursor          10023b10 f   FOX_sysmouse.obj
 0001:00022be0       _WIN_WarpWMCursor          10023be0 f   FOX_sysmouse.obj
 0001:00022d00       _WIN_UpdateMouse           10023d00 f   FOX_sysmouse.obj
 0001:00022e10       _WIN_CheckMouseMode        10023e10 f   FOX_sysmouse.obj
 0001:00022e40       _FOX_CreateMutex           10023e40 f   FOX_sysmutex.obj
 0001:00022e90       _FOX_DestroyMutex          10023e90 f   FOX_sysmutex.obj
 0001:00022e90       _FOX_DestroySemaphore      10023e90 f   FOX_sysmutex.obj
 0001:00022ec0       _FOX_mutexP                10023ec0 f   FOX_sysmutex.obj
 0001:00022f00       _FOX_mutexV                10023f00 f   FOX_sysmutex.obj
 0001:00022f40       _FOX_CreateSemaphore       10023f40 f   FOX_syssem.obj
 0001:00022fa0       _FOX_SemWaitTimeout        10023fa0 f   FOX_syssem.obj
 0001:00023000       _FOX_SemTryWait            10024000 f   FOX_syssem.obj
 0001:00023010       _FOX_SemWait               10024010 f   FOX_syssem.obj
 0001:00023020       _FOX_SemValue              10024020 f   FOX_syssem.obj
 0001:00023040       _FOX_SemPost               10024040 f   FOX_syssem.obj
 0001:00023090       _FOX_SYS_CreateThread      10024090 f   FOX_systhread.obj
 0001:000230f0       _FOX_ThreadID              100240f0 f   FOX_systhread.obj
 0001:00023100       _FOX_SYS_WaitThread        10024100 f   FOX_systhread.obj
 0001:00023120       _FOX_SYS_KillThread        10024120 f   FOX_systhread.obj
 0001:00023140       _FOX_StartTicks            10024140 f   FOX_systimer.obj
 0001:00023180       _FOX_GetTicks              10024180 f   FOX_systimer.obj
 0001:00023200       _FOX_Delay                 10024200 f   FOX_systimer.obj
 0001:00023210       _FOX_SYS_TimerInit         10024210 f   FOX_systimer.obj
 0001:00023280       _FOX_SYS_TimerQuit         10024280 f   FOX_systimer.obj
 0001:000232a0       _FOX_SYS_StartTimer        100242a0 f   FOX_systimer.obj
 0001:000232c0       _WIN_SetWMIcon             100242c0 f   FOX_syswm.obj
 0001:00023630       _WIN_SetWMCaption          10024630 f   FOX_syswm.obj
 0001:00023650       _WIN_IconifyWindow         10024650 f   FOX_syswm.obj
 0001:00023670       _WIN_GrabInput             10024670 f   FOX_syswm.obj
 0001:00023750       _WIN_GetWMInfo             10024750 f   FOX_syswm.obj
 0001:00023780       _FOX_ThreadsInit           10024780 f   FOX_thread.obj
 0001:000237b0       _FOX_GetErrBuf             100247b0 f   FOX_thread.obj
 0001:00023820       _FOX_RunThread             10024820 f   FOX_thread.obj
 0001:00023860       _FOX_CreateThread          10024860 f   FOX_thread.obj
 0001:00023aa0       _FOX_WaitThread            10024aa0 f   FOX_thread.obj
 0001:00023ae0       _FOX_GetThreadID           10024ae0 f   FOX_thread.obj
 0001:00023af0       _FOX_KillThread            10024af0 f   FOX_thread.obj
 0001:00023b10       _FOX_SetTimerThreaded      10024b10 f   FOX_timer.obj
 0001:00023b40       _FOX_TimerInit             10024b40 f   FOX_timer.obj
 0001:00023b90       _FOX_TimerQuit             10024b90 f   FOX_timer.obj
 0001:00023bd0       _FOX_ThreadedTimerCheck    10024bd0 f   FOX_timer.obj
 0001:00023cd0       _FOX_AddTimer              10024cd0 f   FOX_timer.obj
 0001:00023da0       _FOX_RemoveTimer           10024da0 f   FOX_timer.obj
 0001:00023e30       _FOX_SetTimer              10024e30 f   FOX_timer.obj
 0001:00023f10       _FOX_VideoInit             10024f10 f   FOX_video.obj
 0001:000241a0       _FOX_VideoDriverName       100251a0 f   FOX_video.obj
 0001:000241e0       _FOX_GetVideoSurface       100251e0 f   FOX_video.obj
 0001:00024200       _FOX_GetVideoInfo          10025200 f   FOX_video.obj
 0001:00024210       _FOX_ListModes             10025210 f   FOX_video.obj
 0001:00024240       _FOX_VideoModeOK           10025240 f   FOX_video.obj
 0001:00024350       _FOX_SetVideoMode          10025350 f   FOX_video.obj
 0001:00025110       _FOX_DisplayFormat         10026110 f   FOX_video.obj
 0001:00025160       _FOX_DisplayFormatAlpha    10026160 f   FOX_video.obj
 0001:00025220       _FOX_UpdateRect            10026220 f   FOX_video.obj
 0001:00025290       _FOX_UpdateRects           10026290 f   FOX_video.obj
 0001:00025450       _FOX_Flip                  10026450 f   FOX_video.obj
 0001:00025540       _FOX_SetPalette            10026540 f   FOX_video.obj
 0001:00025840       _FOX_SetColors             10026840 f   FOX_video.obj
 0001:00025860       _FOX_VideoQuit             10026860 f   FOX_video.obj
 0001:00025970       _FOX_GL_LoadLibrary        10026970 f   FOX_video.obj
 0001:000259b0       _FOX_GL_GetProcAddress     100269b0 f   FOX_video.obj
 0001:00025a00       _FOX_GL_SetAttribute       10026a00 f   FOX_video.obj
 0001:00025af0       _FOX_GL_GetAttribute       10026af0 f   FOX_video.obj
 0001:00025b30       _FOX_GL_SwapBuffers        10026b30 f   FOX_video.obj
 0001:00025b50       _FOX_GL_UpdateRectsLock    10026b50 f   FOX_video.obj
 0001:00025b70       _FOX_GL_UpdateRects        10026b70 f   FOX_video.obj
 0001:00025db0       _FOX_GL_Lock               10026db0 f   FOX_video.obj
 0001:00025f80       _FOX_GL_Unlock             10026f80 f   FOX_video.obj
 0001:00025fc0       _FOX_WM_SetCaption         10026fc0 f   FOX_video.obj
 0001:000260d0       _FOX_WM_GetCaption         100270d0 f   FOX_video.obj
 0001:00026100       _FOX_WM_SetIcon            10027100 f   FOX_video.obj
 0001:00026390       _FOX_WM_GrabInput          10027390 f   FOX_video.obj
 0001:00026470       _FOX_WM_IconifyWindow      10027470 f   FOX_video.obj
 0001:00026490       _FOX_WM_ToggleFullScreen   10027490 f   FOX_video.obj
 0001:00026550       _FOX_GetWMInfo             10027550 f   FOX_video.obj
 0001:00026580       _FOX_LoadWAV_RW            10027580 f   FOX_wave.obj
 0001:00027360       _FOX_FreeWAV               10028360 f   FOX_wave.obj
 0001:000273f0       _FOX_CreateYUVOverlay      100283f0 f   FOX_yuv.obj
 0001:000274c0       _FOX_LockYUVOverlay        100284c0 f   FOX_yuv.obj
 0001:000274e0       _FOX_UnlockYUVOverlay      100284e0 f   FOX_yuv.obj
 0001:00027500       _FOX_DisplayYUVOverlay     10028500 f   FOX_yuv.obj
 0001:00027520       _FOX_FreeYUVOverlay        10028520 f   FOX_yuv.obj
 0001:00027550       _FOX_CreateYUV_SW          10028550 f   FOX_yuv_sw.obj
 0001:00029010       _FOX_LockYUV_SW            1002a010 f   FOX_yuv_sw.obj
 0001:00029020       _FOX_SYS_StopTimer         1002a020 f   FOX_yuv_sw.obj
 0001:00029020       _FOX_UnlockYUV_SW          1002a020 f   FOX_yuv_sw.obj
 0001:00029020       _FOX_SYS_SetupThread       1002a020 f   FOX_yuv_sw.obj
 0001:00029030       _FOX_DisplayYUV_SW         1002a030 f   FOX_yuv_sw.obj
 0001:00029290       _FOX_FreeYUV_SW            1002a290 f   FOX_yuv_sw.obj
 0001:000292f0       __ftol                     1002a2f0 f   MSVCRT:MSVCRT.dll
 0001:00029300       __chkstk                   1002a300 f   MSVCRT:chkstk.obj
 0001:00029300       __alloca_probe             1002a300 f   MSVCRT:chkstk.obj
 0001:00029330       __CIpow                    1002a330 f   MSVCRT:MSVCRT.dll
 0001:00029340       __alldiv                   1002a340 f   MSVCRT:lldiv.obj
 0001:000293f0       __allmul                   1002a3f0 f   MSVCRT:llmul.obj
 0001:00029424       __CRT_INIT@12              1002a424 f   MSVCRT:crtdll.obj
 0001:000294cf       __DllMainCRTStartup@12     1002a4cf f   MSVCRT:crtdll.obj
 0001:0002956c       __initterm                 1002a56c f   MSVCRT:MSVCRT.dll
 0002:00000000       __imp__SetPaletteEntries@16 1002b000     gdi32:GDI32.dll
 0002:00000004       __imp__GetSystemPaletteEntries@16 1002b004     gdi32:GDI32.dll
 0002:00000008       __imp__DeleteObject@4      1002b008     gdi32:GDI32.dll
 0002:0000000c       __imp__GetDIBits@28        1002b00c     gdi32:GDI32.dll
 0002:00000010       __imp__CreateCompatibleBitmap@12 1002b010     gdi32:GDI32.dll
 0002:00000014       __imp__CreateDIBSection@24 1002b014     gdi32:GDI32.dll
 0002:00000018       __imp__DeleteDC@4          1002b018     gdi32:GDI32.dll
 0002:0000001c       __imp__BitBlt@36           1002b01c     gdi32:GDI32.dll
 0002:00000020       __imp__SelectObject@8      1002b020     gdi32:GDI32.dll
 0002:00000024       __imp__CreateCompatibleDC@4 1002b024     gdi32:GDI32.dll
 0002:00000028       __imp__SelectPalette@12    1002b028     gdi32:GDI32.dll
 0002:0000002c       __imp__SetDIBColorTable@16 1002b02c     gdi32:GDI32.dll
 0002:00000030       __imp__SetDeviceGammaRamp@8 1002b030     gdi32:GDI32.dll
 0002:00000034       __imp__GetDeviceCaps@8     1002b034     gdi32:GDI32.dll
 0002:00000038       __imp__CreatePalette@4     1002b038     gdi32:GDI32.dll
 0002:0000003c       __imp__GetDeviceGammaRamp@8 1002b03c     gdi32:GDI32.dll
 0002:00000040       __imp__RealizePalette@4    1002b040     gdi32:GDI32.dll
 0002:00000044       \177GDI32_NULL_THUNK_DATA  1002b044     gdi32:GDI32.dll
 0002:00000048       __imp__GetModuleHandleA@4  1002b048     kernel32:KERNEL32.dll
 0002:0000004c       __imp__CreateMutexA@12     1002b04c     kernel32:KERNEL32.dll
 0002:00000050       __imp__GetProcAddress@8    1002b050     kernel32:KERNEL32.dll
 0002:00000054       __imp__CreateEventA@16     1002b054     kernel32:KERNEL32.dll
 0002:00000058       __imp__FreeLibrary@4       1002b058     kernel32:KERNEL32.dll
 0002:0000005c       __imp__ReleaseSemaphore@12 1002b05c     kernel32:KERNEL32.dll
 0002:00000060       __imp__TerminateThread@8   1002b060     kernel32:KERNEL32.dll
 0002:00000064       __imp__QueryPerformanceCounter@4 1002b064     kernel32:KERNEL32.dll
 0002:00000068       __imp__QueryPerformanceFrequency@4 1002b068     kernel32:KERNEL32.dll
 0002:0000006c       __imp__Sleep@4             1002b06c     kernel32:KERNEL32.dll
 0002:00000070       __imp__CreateSemaphoreA@16 1002b070     kernel32:KERNEL32.dll
 0002:00000074       __imp__CloseHandle@4       1002b074     kernel32:KERNEL32.dll
 0002:00000078       __imp__WaitForSingleObject@8 1002b078     kernel32:KERNEL32.dll
 0002:0000007c       __imp__GetCurrentThread@0  1002b07c     kernel32:KERNEL32.dll
 0002:00000080       __imp__SetThreadPriority@8 1002b080     kernel32:KERNEL32.dll
 0002:00000084       __imp__ReleaseMutex@4      1002b084     kernel32:KERNEL32.dll
 0002:00000088       __imp__CreateThread@24     1002b088     kernel32:KERNEL32.dll
 0002:0000008c       __imp__GetVersionExA@4     1002b08c     kernel32:KERNEL32.dll
 0002:00000090       __imp__LoadLibraryA@4      1002b090     kernel32:KERNEL32.dll
 0002:00000094       __imp__GetCurrentThreadId@0 1002b094     kernel32:KERNEL32.dll
 0002:00000098       \177KERNEL32_NULL_THUNK_DATA 1002b098     kernel32:KERNEL32.dll
 0002:0000009c       __imp__atoi                1002b09c     MSVCRT:MSVCRT.dll
 0002:000000a0       __imp__fopen               1002b0a0     MSVCRT:MSVCRT.dll
 0002:000000a4       __imp___CIpow              1002b0a4     MSVCRT:MSVCRT.dll
 0002:000000a8       __imp__ftell               1002b0a8     MSVCRT:MSVCRT.dll
 0002:000000ac       __imp__fwrite              1002b0ac     MSVCRT:MSVCRT.dll
 0002:000000b0       __imp__fseek               1002b0b0     MSVCRT:MSVCRT.dll
 0002:000000b4       __imp___initterm           1002b0b4     MSVCRT:MSVCRT.dll
 0002:000000b8       __imp___adjust_fdiv        1002b0b8     MSVCRT:MSVCRT.dll
 0002:000000bc       __imp__fclose              1002b0bc     MSVCRT:MSVCRT.dll
 0002:000000c0       __imp__signal              1002b0c0     MSVCRT:MSVCRT.dll
 0002:000000c4       __imp__realloc             1002b0c4     MSVCRT:MSVCRT.dll
 0002:000000c8       __imp__strtol              1002b0c8     MSVCRT:MSVCRT.dll
 0002:000000cc       __imp__sprintf             1002b0cc     MSVCRT:MSVCRT.dll
 0002:000000d0       __imp__qsort               1002b0d0     MSVCRT:MSVCRT.dll
 0002:000000d4       __imp__memmove             1002b0d4     MSVCRT:MSVCRT.dll
 0002:000000d8       __imp__getc                1002b0d8     MSVCRT:MSVCRT.dll
 0002:000000dc       __imp__getenv              1002b0dc     MSVCRT:MSVCRT.dll
 0002:000000e0       __imp__free                1002b0e0     MSVCRT:MSVCRT.dll
 0002:000000e4       __imp__malloc              1002b0e4     MSVCRT:MSVCRT.dll
 0002:000000e8       __imp___iob                1002b0e8     MSVCRT:MSVCRT.dll
 0002:000000ec       __imp__fprintf             1002b0ec     MSVCRT:MSVCRT.dll
 0002:000000f0       __imp___ftol               1002b0f0     MSVCRT:MSVCRT.dll
 0002:000000f4       __imp__fread               1002b0f4     MSVCRT:MSVCRT.dll
 0002:000000f8       __imp__strncpy             1002b0f8     MSVCRT:MSVCRT.dll
 0002:000000fc       __imp__strncmp             1002b0fc     MSVCRT:MSVCRT.dll
 0002:00000100       \177MSVCRT_NULL_THUNK_DATA 1002b100     MSVCRT:MSVCRT.dll
 0002:00000104       __imp__GetClientRect@8     1002b104     user32:USER32.dll
 0002:00000108       __imp__RegisterClassA@4    1002b108     user32:USER32.dll
 0002:0000010c       __imp__LoadImageA@24       1002b10c     user32:USER32.dll
 0002:00000110       __imp__SetTimer@16         1002b110     user32:USER32.dll
 0002:00000114       __imp__PostMessageA@16     1002b114     user32:USER32.dll
 0002:00000118       __imp__KillTimer@8         1002b118     user32:USER32.dll
 0002:0000011c       __imp__ClientToScreen@8    1002b11c     user32:USER32.dll
 0002:00000120       __imp__WindowFromPoint@8   1002b120     user32:USER32.dll
 0002:00000124       __imp__PtInRect@12         1002b124     user32:USER32.dll
 0002:00000128       __imp__MapWindowPoints@16  1002b128     user32:USER32.dll
 0002:0000012c       __imp__LoadCursorA@8       1002b12c     user32:USER32.dll
 0002:00000130       __imp__SetClassLongA@12    1002b130     user32:USER32.dll
 0002:00000134       __imp__CreateIconFromResourceEx@28 1002b134     user32:USER32.dll
 0002:00000138       __imp__SetWindowTextA@8    1002b138     user32:USER32.dll
 0002:0000013c       __imp__DestroyIcon@4       1002b13c     user32:USER32.dll
 0002:00000140       __imp__IsZoomed@4          1002b140     user32:USER32.dll
 0002:00000144       __imp__SetCursor@4         1002b144     user32:USER32.dll
 0002:00000148       __imp__ClipCursor@4        1002b148     user32:USER32.dll
 0002:0000014c       __imp__AdjustWindowRect@12 1002b14c     user32:USER32.dll
 0002:00000150       __imp__GetSystemMetrics@4  1002b150     user32:USER32.dll
 0002:00000154       __imp__SetWindowPos@28     1002b154     user32:USER32.dll
 0002:00000158       __imp__SetForegroundWindow@4 1002b158     user32:USER32.dll
 0002:0000015c       __imp__GetDC@4             1002b15c     user32:USER32.dll
 0002:00000160       __imp__ReleaseDC@8         1002b160     user32:USER32.dll
 0002:00000164       __imp__EnumDisplaySettingsA@12 1002b164     user32:USER32.dll
 0002:00000168       __imp__DestroyWindow@4     1002b168     user32:USER32.dll
 0002:0000016c       __imp__GetWindowLongA@8    1002b16c     user32:USER32.dll
 0002:00000170       __imp__SetWindowLongA@12   1002b170     user32:USER32.dll
 0002:00000174       __imp__CreateWindowExA@48  1002b174     user32:USER32.dll
 0002:00000178       __imp__ShowWindow@8        1002b178     user32:USER32.dll
 0002:0000017c       __imp__GetKeyboardState@4  1002b17c     user32:USER32.dll
 0002:00000180       __imp__ToAscii@20          1002b180     user32:USER32.dll
 0002:00000184       __imp__PeekMessageA@20     1002b184     user32:USER32.dll
 0002:00000188       __imp__DispatchMessageA@4  1002b188     user32:USER32.dll
 0002:0000018c       __imp__GetMessageA@16      1002b18c     user32:USER32.dll
 0002:00000190       __imp__DefWindowProcA@16   1002b190     user32:USER32.dll
 0002:00000194       __imp__EndPaint@8          1002b194     user32:USER32.dll
 0002:00000198       __imp__PostQuitMessage@4   1002b198     user32:USER32.dll
 0002:0000019c       __imp__GetWindowRect@8     1002b19c     user32:USER32.dll
 0002:000001a0       __imp__SetCursorPos@8      1002b1a0     user32:USER32.dll
 0002:000001a4       __imp__SetFocus@4          1002b1a4     user32:USER32.dll
 0002:000001a8       __imp__MapVirtualKeyA@8    1002b1a8     user32:USER32.dll
 0002:000001ac       __imp__ScreenToClient@8    1002b1ac     user32:USER32.dll
 0002:000001b0       __imp__GetForegroundWindow@0 1002b1b0     user32:USER32.dll
 0002:000001b4       __imp__GetCursorPos@4      1002b1b4     user32:USER32.dll
 0002:000001b8       __imp__GetDesktopWindow@0  1002b1b8     user32:USER32.dll
 0002:000001bc       __imp__SetCapture@4        1002b1bc     user32:USER32.dll
 0002:000001c0       __imp__ReleaseCapture@0    1002b1c0     user32:USER32.dll
 0002:000001c4       __imp__IsWindowVisible@4   1002b1c4     user32:USER32.dll
 0002:000001c8       __imp__InvalidateRect@12   1002b1c8     user32:USER32.dll
 0002:000001cc       __imp__ChangeDisplaySettingsA@8 1002b1cc     user32:USER32.dll
 0002:000001d0       __imp__MsgWaitForMultipleObjects@20 1002b1d0     user32:USER32.dll
 0002:000001d4       __imp__BeginPaint@8        1002b1d4     user32:USER32.dll
 0002:000001d8       \177USER32_NULL_THUNK_DATA 1002b1d8     user32:USER32.dll
 0002:000001dc       __imp__timeGetTime@0       1002b1dc     winmm:WINMM.dll
 0002:000001e0       __imp__timeKillEvent@4     1002b1e0     winmm:WINMM.dll
 0002:000001e4       __imp__timeEndPeriod@4     1002b1e4     winmm:WINMM.dll
 0002:000001e8       __imp__timeSetEvent@20     1002b1e8     winmm:WINMM.dll
 0002:000001ec       __imp__timeBeginPeriod@4   1002b1ec     winmm:WINMM.dll
 0002:000001f0       __imp__waveOutWrite@12     1002b1f0     winmm:WINMM.dll
 0002:000001f4       __imp__waveOutGetErrorTextA@12 1002b1f4     winmm:WINMM.dll
 0002:000001f8       __imp__waveOutOpen@24      1002b1f8     winmm:WINMM.dll
 0002:000001fc       __imp__waveOutPrepareHeader@12 1002b1fc     winmm:WINMM.dll
 0002:00000200       __imp__waveOutClose@4      1002b200     winmm:WINMM.dll
 0002:00000204       __imp__waveOutUnprepareHeader@12 1002b204     winmm:WINMM.dll
 0002:00000208       \177WINMM_NULL_THUNK_DATA  1002b208     winmm:WINMM.dll
 0002:00000210       __real@8@3ffe8000000000000000 1002b210     audiocvt.obj
 0002:00000218       __real@8@00000000000000000000 1002b218     audiocvt.obj
 0002:00000220       __real@8@3fff8000000000000000 1002b220     audiocvt.obj
 0002:00000228       __real@8@40008000000000000000 1002b228     audiocvt.obj
 0002:000023f4       __real@4@3fff8000000000000000 1002d3f4     FOX_draw2d.obj
 0002:000023f8       __real@8@4001c90fdaa2922a8000 1002d3f8     FOX_draw2d.obj
 0002:00002400       _c_dfDIKeyboard            1002d400     FOX_dx8video.obj
 0002:00002418       _c_dfDIMouse               1002d418     FOX_dx8video.obj
 0002:00002430       __real@8@400effff000000000000 1002d430     FOX_gamma.obj
 0002:00002438       __real@8@3ff78000000000000000 1002d438     FOX_gamma.obj
 0002:00002640       __real@8@3fffe2ff3a018bfce000 1002d640     FOX_yuv_sw.obj
 0002:00002648       __real@8@bffdb0569f52c15a8000 1002d648     FOX_yuv_sw.obj
 0002:00002650       __real@8@bffeb6aebd67415ff000 1002d650     FOX_yuv_sw.obj
 0002:00002658       __real@8@3fffb35f096b05fe4800 1002d658     FOX_yuv_sw.obj
 0002:00002660       _GUID_SysKeyboard          1002d660     dxguid:dxguid.obj
 0002:00002670       _GUID_SysMouse             1002d670     dxguid:dxguid.obj
 0002:00002680       _GUID_Key                  1002d680     dxguid:dxguid.obj
 0002:00002690       _GUID_ZAxis                1002d690     dxguid:dxguid.obj
 0002:000026a0       _GUID_YAxis                1002d6a0     dxguid:dxguid.obj
 0002:000026b0       _GUID_XAxis                1002d6b0     dxguid:dxguid.obj
 0002:000026c0       _IID_IDirectInputDevice2A  1002d6c0     dxguid:dxguid.obj
 0002:000026d0       _IID_IDirectDrawSurface3   1002d6d0     dxguid:dxguid.obj
 0002:000026e0       _IID_IDirectDraw2          1002d6e0     dxguid:dxguid.obj
 0002:000026f0       __IMPORT_DESCRIPTOR_WINMM  1002d6f0     winmm:WINMM.dll
 0002:00002704       __IMPORT_DESCRIPTOR_KERNEL32 1002d704     kernel32:KERNEL32.dll
 0002:00002718       __IMPORT_DESCRIPTOR_USER32 1002d718     user32:USER32.dll
 0002:0000272c       __IMPORT_DESCRIPTOR_GDI32  1002d72c     gdi32:GDI32.dll
 0002:00002740       __IMPORT_DESCRIPTOR_MSVCRT 1002d740     MSVCRT:MSVCRT.dll
 0002:00002754       __NULL_IMPORT_DESCRIPTOR   1002d754     winmm:WINMM.dll
 0003:00000000       ___xc_a                    10030000     MSVCRT:cinitexe.obj
 0003:00000004       ___xc_z                    10030004     MSVCRT:cinitexe.obj
 0003:00000008       ___xi_a                    10030008     MSVCRT:cinitexe.obj
 0003:0000000c       ___xi_z                    1003000c     MSVCRT:cinitexe.obj
 0003:00000060       ??_C@_0CL@CDHM@?$FLFOX?$FN?3?5brak?5dostepnego?5urzadzeni@ 10030060     audio.obj
 0003:0000008c       ??_C@_0DF@EHPL@?$FLFOX?$FN?3?5obslugiwane?5zarowno?51?5?$CImo@ 1003008c     audio.obj
 0003:000000c4       ??_C@_0DI@JLOO@?$FLFOX?$FN?3?5nie?5mozna?5stworzyc?5watku?5@ 100300c4     audio.obj
 0003:000000fc       ??_C@_0DE@KLAO@?$FLFOX?$FN?3?5nie?5mozna?5stworzyc?5blokad@ 100300fc     audio.obj
 0003:00000130       ??_C@_0CD@EGC@?$FLFOX?$FN?3?5FOX_OpenAudio?$CI?$CJ?5zwraca?5NU@ 10030130     audio.obj
 0003:00000154       ??_C@_0DB@GPP@?$FLFOX?$FN?3?5brak?5zaalokowanego?5bufora@ 10030154     audiocvt.obj
 0003:00000188       ??_C@_0DI@PHFE@?$FLFOX?$FN?3?5po?5konwersji?5audio?5src_ch@ 10030188     audiocvt.obj
 0003:000001c0       ??_C@_0DF@GFDO@?$FLFOX?$FN?3?5kombinacja?5przy?5blitowani@ 100301c0     blit.obj
 0003:00000238       _FOX_cursorstate           10030238     cursor.obj
 0003:00000240       ??_C@_0DC@KPBF@?$FLFOX?$FN?3?5goracy?5punkt?5kursora?5mysz@ 10030240     cursor.obj
 0003:00000274       ??_C@_0BP@OODJ@?$FLFOX?$FN?3?5showcursor?$CB?5toggle?5?$DM?50?5?$AA@ 10030274     cursor.obj
 0003:00000294       ??_C@_0BA@PBEA@FOX_AUDIODRIVER?$AA@ 10030294     fox.obj
 0003:000002a4       ??_C@_0BA@BAOC@FOX_VIDEODRIVER?$AA@ 100302a4     fox.obj
 0003:00000318       _WAVEOUT_bootstrap         10030318     FOX_dibaudio.obj
 0003:00000328       ??_C@_0BJ@GHJ@Win95?198?1NT?12000?5WaveOut?$AA@ 10030328     FOX_dibaudio.obj
 0003:00000344       ??_C@_07NLJD@waveout?$AA@  10030344     FOX_dibaudio.obj
 0003:0000034c       ??_C@_0BH@MKGM@waveOutPrepareHeader?$CI?$CJ?$AA@ 1003034c     FOX_dibaudio.obj
 0003:00000364       ??_C@_0DF@PNDG@?$FLFOX?$FN?3?5za?5malo?5pamieci?5w?5trakcie@ 10030364     FOX_dibaudio.obj
 0003:0000039c       ??_C@_0CC@LAGG@?$FLFOX?$FN?3?5nie?5moge?5stworzyc?5semafor@ 1003039c     FOX_dibaudio.obj
 0003:000003c0       ??_C@_0O@PFMG@waveOutOpen?$CI?$CJ?$AA@ 100303c0     FOX_dibaudio.obj
 0003:000003d0       ??_C@_0CG@JEGH@?$FLFOX?$FN?3?5format?5dzwieku?5nie?5obslug@ 100303d0     FOX_dibaudio.obj
 0003:000003f8       ??_C@_09BBNH@?$FLFOX?$FN?3?5?$CFs?$AA@ 100303f8     FOX_dibaudio.obj
 0003:00000404       ??_C@_0M@IKK@?$FLFOX?$FN?3?5?$CFs?3?5?$AA@ 10030404     FOX_dibaudio.obj
 0003:00000410       ??_C@_0BP@CEBN@?$FLFOX?$FN?3?5nie?5mozna?5stworzyc?5okna?$AA@ 10030410     FOX_dibevents.obj
 0003:00000430       ??_C@_07GKLL@FOX_app?$AA@  10030430     FOX_dibevents.obj
 0003:00000438       _WINDIB_bootstrap          10030438     FOX_dibvideo.obj
 0003:00000448       ??_C@_0BF@NAOO@Win95?198?1NT?12000?5GDI?$AA@ 10030448     FOX_dibvideo.obj
 0003:00000460       ??_C@_06DIAH@windib?$AA@   10030460     FOX_dibvideo.obj
 0003:00000468       ??_C@_0BN@IPCH@?$FLFOX?$FN?3?5nie?5moge?5stworzyc?5dib?$AA@ 10030468     FOX_dibvideo.obj
 0003:00000488       _DSOUND_bootstrap          10030488     FOX_dx8audio.obj
 0003:00000498       ??_C@_0BK@JHAH@Win95?198?12000?5DirectSound?$AA@ 10030498     FOX_dx8audio.obj
 0003:000004b4       ??_C@_06FHNJ@dsound?$AA@   100304b4     FOX_dx8audio.obj
 0003:000004bc       ??_C@_0BJ@OOLH@DirectSoundCaptureCreate?$AA@ 100304bc     FOX_dx8audio.obj
 0003:000004d8       ??_C@_0L@OIJL@DSOUND?4DLL?$AA@ 100304d8     FOX_dx8audio.obj
 0003:000004e4       ??_C@_0BC@OJFH@DirectSoundCreate?$AA@ 100304e4     FOX_dx8audio.obj
 0003:000004f8       ??_C@_0CG@LPCL@?$FLFOX?$FN?3?5DirectSound?5GetCurrentPos@ 100304f8     FOX_dx8audio.obj
 0003:00000520       ??_C@_02DILL@?$CFs?$AA@    10030520     FOX_dx8audio.obj
 0003:00000524       ??_C@_0O@KFPL@?$FLFOX?$FN?3?5?$CFs?3?5?$CFs?$AA@ 10030524     FOX_dx8audio.obj
 0003:00000534       ??_C@_0CL@LHFH@?$FLFOX?$FN?3?5?$CFs?3?5nieznany?5blad?5DirectS@ 10030534     FOX_dx8audio.obj
 0003:00000560       ??_C@_0CL@DOH@?$FLFOX?$FN?3?5za?5maly?5priorytet?5dla?5fun@ 10030560     FOX_dx8audio.obj
 0003:0000058c       ??_C@_0BN@GBLN@?$FLFOX?$FN?3?5brak?5urzadzenia?5audio?$AA@ 1003058c     FOX_dx8audio.obj
 0003:000005ac       ??_C@_0DC@EABH@?$FLFOX?$FN?3?5niewlasciwe?5wywolanie?5dla@ 100305ac     FOX_dx8audio.obj
 0003:000005e0       ??_C@_0CO@ODNC@?$FLFOX?$FN?3?5utrata?5kontroli?5nad?5bufor@ 100305e0     FOX_dx8audio.obj
 0003:00000610       ??_C@_0CG@MEMK@?$FLFOX?$FN?3?5nie?5obslugiwany?5format?5dz@ 10030610     FOX_dx8audio.obj
 0003:00000638       ??_C@_0CO@EFCM@?$FLFOX?$FN?3?5nie?5mozna?5kontrolowac?5urz@ 10030638     FOX_dx8audio.obj
 0003:00000668       ??_C@_0CJ@OCA@?$FLFOX?$FN?3?5zly?5parametr?5dla?5urzadzen@ 10030668     FOX_dx8audio.obj
 0003:00000694       ??_C@_0CJ@LOOF@?$FLFOX?$FN?3?5urzadzenie?5audio?5jest?5juz@ 10030694     FOX_dx8audio.obj
 0003:000006c0       ??_C@_0DE@ELKO@?$FLFOX?$FN?3?5za?5malo?5pamieci?5by?5obsluz@ 100306c0     FOX_dx8audio.obj
 0003:000006f4       ??_C@_0CF@EIAH@?$FLFOX?$FN?3?5funkcja?5audio?5nie?5obslugi@ 100306f4     FOX_dx8audio.obj
 0003:0000071c       ??_C@_0BI@OGEO@?$FLFOX?$FN?3?5nieznany?5DirectX?$AA@ 1003071c     FOX_dx8audio.obj
 0003:00000734       ??_C@_0BB@OKHO@DirectSound?5Lock?$AA@ 10030734     FOX_dx8audio.obj
 0003:00000748       ??_C@_0FH@CELJ@?$FLFOX?$FN?3?5pierwszy?5bufor?5ma?5rozmiar@ 10030748     FOX_dx8audio.obj
 0003:000007a0       ??_C@_0DD@LLB@?$FLFOX?$FN?3?5Sound?5buffer?5size?5must?5be@ 100307a0     FOX_dx8audio.obj
 0003:000007d4       ??_C@_0CF@OBBF@?$FLFOX?$FN?3?5DirectSound?5CreateSoundBu@ 100307d4     FOX_dx8audio.obj
 0003:00000800       _inputs                    10030800     FOX_dx8events.obj
 0003:00000848       ??_C@_05CHJO@mouse?$AA@    10030848     FOX_dx8events.obj
 0003:00000850       ??_C@_08FJIC@keyboard?$AA@ 10030850     FOX_dx8events.obj
 0003:0000085c       ??_C@_0CH@FAJM@DirectInputDevice?3?3SetCooperativ@ 1003085c     FOX_dx8events.obj
 0003:00000884       ??_C@_0CA@EDGF@urzadzenie?5nie?5zainicjalizowane?$AA@ 10030884     FOX_dx8events.obj
 0003:000008a4       ??_C@_0BI@KJCP@nieprawidlowe?5parametry?$AA@ 100308a4     FOX_dx8events.obj
 0003:000008bc       ??_C@_0CE@DGJG@twoja?5wersja?5DirectInput?5ma?5prob@ 100308bc     FOX_dx8events.obj
 0003:000008e0       ??_C@_06HNNJ@?$CFs?3?5?$CFs?$AA@ 100308e0     FOX_dx8events.obj
 0003:000008e8       ??_C@_0CE@JPIE@?$CFs?3?5nieznany?5blad?5DirectInput?3?50@ 100308e8     FOX_dx8events.obj
 0003:0000090c       ??_C@_0BA@OPHJ@za?5malo?5pamieci?$AA@ 1003090c     FOX_dx8events.obj
 0003:0000091c       ??_C@_0BK@NMAG@interfejs?5nie?5obslugiwany?$AA@ 1003091c     FOX_dx8events.obj
 0003:00000938       ??_C@_0P@DDEM@nieznany?5blad?$CB?$AA@ 10030938     FOX_dx8events.obj
 0003:00000948       ??_C@_0BO@KJJC@urzadzenie?5nie?5zarejestrowane?$AA@ 10030948     FOX_dx8events.obj
 0003:00000968       ??_C@_0CE@DAHG@IDirectInputDevice2?3?3GetDeviceSt@ 10030968     FOX_dx8events.obj
 0003:0000098c       ??_C@_0BO@IBIN@?$FLFOX?$FN?3?5nie?5moge?5stworzyc?5okna?$AA@ 1003098c     FOX_dx8events.obj
 0003:000009ac       ??_C@_0CI@OFAH@DirectInputDevice?3?3SetEventNotif@ 100309ac     FOX_dx8events.obj
 0003:000009d4       ??_C@_0CP@KCEN@?$FLFOX?$FN?3?5nie?5moge?5utworzyc?5zdarzen@ 100309d4     FOX_dx8events.obj
 0003:00000a04       ??_C@_0BP@DGKF@DirectInputDevice?3?3SetProperty?$AA@ 10030a04     FOX_dx8events.obj
 0003:00000a24       ??_C@_0CB@NLHK@DirectInputDevice?3?3SetDataFormat@ 10030a24     FOX_dx8events.obj
 0003:00000a48       ??_C@_0CC@OKBB@DirectInputDevice?3?3QueryInterfac@ 10030a48     FOX_dx8events.obj
 0003:00000a6c       ??_C@_0BK@EOJF@DirectInput?3?3CreateDevice?$AA@ 10030a6c     FOX_dx8events.obj
 0003:00000a88       ??_C@_0BC@HGNE@DirectInputCreate?$AA@ 10030a88     FOX_dx8events.obj
 0003:00001b10       _DIRECTX_bootstrap         10031b10     FOX_dx8video.obj
 0003:00001b20       ??_C@_0BG@KFIH@Win95?198?12000?5DirectX?$AA@ 10031b20     FOX_dx8video.obj
 0003:00001b38       ??_C@_07FMEC@directx?$AA@  10031b38     FOX_dx8video.obj
 0003:00001b40       ??_C@_0BB@DLNE@DirectDrawCreate?$AA@ 10031b40     FOX_dx8video.obj
 0003:00001b54       ??_C@_09LLMO@DDRAW?4DLL?$AA@ 10031b54     FOX_dx8video.obj
 0003:00001b60       ??_C@_0L@MNJD@DINPUT?4DLL?$AA@ 10031b60     FOX_dx8video.obj
 0003:00001b6c       ??_C@_0BD@NJCB@DirectInputCreateA?$AA@ 10031b6c     FOX_dx8video.obj
 0003:00001b80       ??_C@_0CD@NAPF@?$CFs?3?5nieznany?5blad?5DirectDraw?3?50x@ 10031b80     FOX_dx8video.obj
 0003:00001ba4       ??_C@_0CJ@CHAG@directx?5surface?5stworzony?5w?5inny@ 10031ba4     FOX_dx8video.obj
 0003:00001bd0       ??_C@_0BF@FPIH@nie?5obslugiwany?5tryb?$AA@ 10031bd0     FOX_dx8video.obj
 0003:00001be8       ??_C@_0CP@KNHC@pierwszoplanowy?5surface?5w?5direct@ 10031be8     FOX_dx8video.obj
 0003:00001c18       ??_C@_0CJ@HOIL@nie?5mozna?5kopiowac?5surface?5w?5dir@ 10031c18     FOX_dx8video.obj
 0003:00001c44       ??_C@_0CE@EHGN@nie?5ma?5dostepnej?5emulacji?5w?5dire@ 10031c44     FOX_dx8video.obj
 0003:00001c68       ??_C@_0BM@BACC@brak?5sprzetowego?5DirectDraw?$AA@ 10031c68     FOX_dx8video.obj
 0003:00001c84       ??_C@_0CC@GLN@surface?5zostal?5stworzony?5z?5blede@ 10031c84     FOX_dx8video.obj
 0003:00001ca8       ??_C@_0DA@MHOP@nie?5ma?5sprzetowego?5wyswietlania?5@ 10031ca8     FOX_dx8video.obj
 0003:00001cd8       ??_C@_0BP@BGPC@okno?5juz?5przydzielone?5do?5klasy?$AA@ 10031cd8     FOX_dx8video.obj
 0003:00001cf8       ??_C@_0BP@BDCA@handler?5dla?5okna?5juz?5ustawiony?$AA@ 10031cf8     FOX_dx8video.obj
 0003:00001d18       ??_C@_0CE@OIGF@tryb?5ekskluzywny?5jest?5juz?5ustawi@ 10031d18     FOX_dx8video.obj
 0003:00001d3c       ??_C@_0BH@NKOG@brak?5sprzetowej?5palety?$AA@ 10031d3c     FOX_dx8video.obj
 0003:00001d54       ??_C@_0BH@BNHG@brak?5dolaczonej?5palety?$AA@ 10031d54     FOX_dx8video.obj
 0003:00001d6c       ??_C@_0CA@MIAF@niewlasciwy?5typ?5directx?5surface?$AA@ 10031d6c     FOX_dx8video.obj
 0003:00001d8c       ??_C@_0CC@GKJ@DirectDraw?5nadal?5wykonuje?5funkcj@ 10031d8c     FOX_dx8video.obj
 0003:00001db0       ??_C@_0BB@OBAB@stracono?5surface?$AA@ 10031db0     FOX_dx8video.obj
 0003:00001dc4       ??_C@_0BH@GNGF@directx?5surface?5zajety?$AA@ 10031dc4     FOX_dx8video.obj
 0003:00001ddc       ??_C@_0CG@KGAG@brak?5sprzetowego?5kopiowania?5w?5di@ 10031ddc     FOX_dx8video.obj
 0003:00001e04       ??_C@_0BJ@NAI@brak?5ustawionego?5poziomu?$AA@ 10031e04     FOX_dx8video.obj
 0003:00001e20       ??_C@_0BM@LOGG@tryb?5graficzny?5bez?5colorkey?$AA@ 10031e20     FOX_dx8video.obj
 0003:00001e3c       ??_C@_0BK@DFAB@nie?5mozna?5uzyskac?5dostepu?$AA@ 10031e3c     FOX_dx8video.obj
 0003:00001e58       ??_C@_0CF@JNGC@za?5malo?5pamieci?5na?5karcie?5grafic@ 10031e58     FOX_dx8video.obj
 0003:00001e80       ??_C@_0BK@FICF@niewlasciwy?5format?5obrazu?$AA@ 10031e80     FOX_dx8video.obj
 0003:00001e9c       ??_C@_0BG@LBJE@niewlasciwy?5rectangle?$AA@ 10031e9c     FOX_dx8video.obj
 0003:00001eb4       ??_C@_0BG@FFNK@obiekt?5nie?5znaleziony?$AA@ 10031eb4     FOX_dx8video.obj
 0003:00001ecc       ??_C@_0BD@IHGC@niewlasciwy?5obiekt?$AA@ 10031ecc     FOX_dx8video.obj
 0003:00001ee0       ??_C@_0BJ@IGEI@wystapil?5wyjatek?5directx?$AA@ 10031ee0     FOX_dx8video.obj
 0003:00001efc       ??_C@_0CH@HPIH@nie?5prawidlowy?5pierwszoplanowy?5s@ 10031efc     FOX_dx8video.obj
 0003:00001f24       ??_C@_0BI@DKCJ@niewlasciwy?5caps?5member?$AA@ 10031f24     FOX_dx8video.obj
 0003:00001f3c       ??_C@_0BG@PBPA@niewlasciwe?5parametry?$AA@ 10031f3c     FOX_dx8video.obj
 0003:00001f54       ??_C@_0BM@FMHD@za?5malo?5pamieci?5dla?5directx?$AA@ 10031f54     FOX_dx8video.obj
 0003:00001f70       ??_C@_0CD@HKIM@operacja?5w?5directx?5nie?5obslugiwa@ 10031f70     FOX_dx8video.obj
 0003:00001f94       ??_C@_0CB@BOKP@interfejs?5w?5directx?5nie?5dostepny@ 10031f94     FOX_dx8video.obj
 0003:00001fb8       ??_C@_0BO@DACP@DirectDraw2?3?3EnumDisplayModes?$AA@ 10031fb8     FOX_dx8video.obj
 0003:00001fd8       ??_C@_0BL@NBEE@DirectDraw?3?3QueryInterface?$AA@ 10031fd8     FOX_dx8video.obj
 0003:00001ff4       ??_C@_0BF@DCOB@DirectDraw2?3?3GetCaps?$AA@ 10031ff4     FOX_dx8video.obj
 0003:0000200c       ??_C@_0BP@HLPE@DirectDrawSurface3?3?3SetClipper?$AA@ 1003200c     FOX_dx8video.obj
 0003:0000202c       ??_C@_0BL@CBAE@DirectDrawClipper?3?3SetHWnd?$AA@ 1003202c     FOX_dx8video.obj
 0003:00002048       ??_C@_0BL@OJMN@DirectDraw2?3?3CreateClipper?$AA@ 10032048     FOX_dx8video.obj
 0003:00002064       ??_C@_0BP@ICHG@DirectDrawSurface3?3?3SetPalette?$AA@ 10032064     FOX_dx8video.obj
 0003:00002084       ??_C@_0BL@BAEP@DirectDraw2?3?3CreatePalette?$AA@ 10032084     FOX_dx8video.obj
 0003:000020a0       ??_C@_0CN@BGEB@?$FLFOX?$FN?3?5podstawowy?5surface?5ddraw?5@ 100320a0     FOX_dx8video.obj
 0003:000020d0       ??_C@_0BL@OCNM@DirectDrawSurface?3?3Release?$AA@ 100320d0     FOX_dx8video.obj
 0003:000020ec       ??_C@_0CC@GENO@DirectDrawSurface?3?3QueryInterfac@ 100320ec     FOX_dx8video.obj
 0003:00002110       ??_C@_0CE@MCD@DirectDraw2?3?3CreateSurface?$CIPRIMA@ 10032110     FOX_dx8video.obj
 0003:00002134       ??_C@_0CB@ONAC@DirectDraw2?3?3SetCooperativeLevel@ 10032134     FOX_dx8video.obj
 0003:00002158       ??_C@_0CD@EMMA@?$FLFOX?$FN?3?5DDraw?5nie?5uzywa?5FOX?5surfa@ 10032158     FOX_dx8video.obj
 0003:0000217c       ??_C@_0CP@DJJH@?$FLFOX?$FN?3?5DDraw?5stworzyl?5surface?5o?5@ 1003217c     FOX_dx8video.obj
 0003:000021ac       ??_C@_0CH@KPGL@DirectDrawSurface3?3?3GetAttachedS@ 100321ac     FOX_dx8video.obj
 0003:000021d4       ??_C@_0CO@IOPF@?$FLFOX?$FN?3?5DDraw?5stworzyl?5surface?5w?5@ 100321d4     FOX_dx8video.obj
 0003:00002204       ??_C@_0CL@EFL@?$FLFOX?$FN?3?5DDraw?5nie?5uzywa?5pamieci?5F@ 10032204     FOX_dx8video.obj
 0003:00002230       ??_C@_0BJ@IPNF@DirectDrawSurface3?3?3Lock?$AA@ 10032230     FOX_dx8video.obj
 0003:0000224c       ??_C@_0BM@KFFF@DirectDraw2?3?3SetSurfaceDesc?$AA@ 1003224c     FOX_dx8video.obj
 0003:00002268       ??_C@_0CM@CJNF@?$FLFOX?$FN?3?5za?5malo?5pamieci?5na?5karcie@ 10032268     FOX_dx8video.obj
 0003:00002294       ??_C@_0BM@LLJO@DirectDrawSurface3?3?3GetCaps?$AA@ 10032294     FOX_dx8video.obj
 0003:000022b0       ??_C@_0BL@PDPP@DirectDraw2?3?3CreateSurface?$AA@ 100322b0     FOX_dx8video.obj
 0003:000022cc       ??_C@_0CP@FPKI@?$FLFOX?$FN?3?5musisz?5najpierw?5ustawic?5t@ 100322cc     FOX_dx8video.obj
 0003:000022fc       ??_C@_0BN@JNEE@IDirectDrawSurface3?3?3BltFast?$AA@ 100322fc     FOX_dx8video.obj
 0003:0000231c       ??_C@_0BI@CEEH@?$FLFOX?$FN?3?5surface?5stracony?$AA@ 1003231c     FOX_dx8video.obj
 0003:00002334       ??_C@_0BJ@PCNN@IDirectDrawSurface3?3?3Blt?$AA@ 10032334     FOX_dx8video.obj
 0003:00002350       ??_C@_0CB@EIHK@IDirectDrawSurface3?3?3SetColorKey@ 10032350     FOX_dx8video.obj
 0003:00002374       ??_C@_0BJ@IDKK@DirectDrawSurface3?3?3Flip?$AA@ 10032374     FOX_dx8video.obj
 0003:000023a0       ??_C@_0DK@FNCJ@?$FLFOX?$FN?3?5DDraw?5nie?5moze?5ustawic?5wl@ 100323a0     FOX_dx8yuv.obj
 0003:000023dc       ??_C@_0CC@GMPA@DirectDrawSurface3?3?3UpdateOverla@ 100323dc     FOX_dx8yuv.obj
 0003:00002400       ??_C@_0BC@MHGP@FOX_SetError?3?5?$CFs?6?$AA@ 10032400     FOX_error.obj
 0003:00002414       ??_C@_09NCKG@FOX_DEBUG?$AA@ 10032414     FOX_error.obj
 0003:00002420       ??_C@_02MECO@?$CFd?$AA@    10032420     FOX_error.obj
 0003:00002424       ??_C@_02JBAA@?$CFf?$AA@    10032424     FOX_error.obj
 0003:00002428       ??_C@_02MHAC@?$CFp?$AA@    10032428     FOX_error.obj
 0003:0000242c       ??_C@_0O@MNOP@Out?5of?5memory?$AA@ 1003242c     FOX_error.obj
 0003:0000243c       ??_C@_0BF@NBIK@?$FLFOX?$FN?3?5nieznany?5blad?$AA@ 1003243c     FOX_error.obj
 0003:00002454       ??_C@_0CL@HBOM@?$FLFOX?$FN?3?5blad?5w?5otwieraniu?5strumie@ 10032454     FOX_error.obj
 0003:00002480       ??_C@_0CE@OIGP@?$FLFOX?$FN?3?5blad?5w?5zapisie?5do?5strumie@ 10032480     FOX_error.obj
 0003:000024a4       ??_C@_0CF@JCKC@?$FLFOX?$FN?3?5blad?5w?5odczycie?5ze?5strumi@ 100324a4     FOX_error.obj
 0003:000024cc       ??_C@_0BH@OPNI@?$FLFOX?$FN?3?5za?5malo?5pamieci?$AA@ 100324cc     FOX_error.obj
 0003:000024e4       ??_C@_0CM@JHH@?$FLFOX?$FN?3?5nie?5mozna?5zablokowac?5kole@ 100324e4     FOX_events.obj
 0003:0000251c       ??_C@_02JKAF@rb?$AA@       1003251c     FOX_filesys.obj
 0003:00002520       ??_C@_0CN@HMFB@?$FLFOX?$FN?3?5nie?5mozna?5sprzetowo?5manip@ 10032520     FOX_gamma.obj
 0003:00002550       ??_C@_0BI@HJDL@?$FLFOX?$FN?3?5niewlasciwy?5tryb?$AA@ 10032550     FOX_gamma.obj
 0003:00002568       ??_C@_04HDGB@undo?$AA@     10032568     FOX_keyboard.obj
 0003:00002570       ??_C@_04HMPC@euro?$AA@     10032570     FOX_keyboard.obj
 0003:00002578       ??_C@_05EBLP@power?$AA@    10032578     FOX_keyboard.obj
 0003:00002580       ??_C@_04FKLJ@menu?$AA@     10032580     FOX_keyboard.obj
 0003:00002588       ??_C@_05EELJ@break?$AA@    10032588     FOX_keyboard.obj
 0003:00002590       ??_C@_07JDBI@sys?5req?$AA@ 10032590     FOX_keyboard.obj
 0003:00002598       ??_C@_0N@NDMH@print?5screen?$AA@ 10032598     FOX_keyboard.obj
 0003:000025a8       ??_C@_04MHDN@help?$AA@     100325a8     FOX_keyboard.obj
 0003:000025b0       ??_C@_07CKGN@compose?$AA@  100325b0     FOX_keyboard.obj
 0003:000025b8       ??_C@_06KMEL@alt?5gr?$AA@  100325b8     FOX_keyboard.obj
 0003:000025c0       ??_C@_0M@BHGF@right?5super?$AA@ 100325c0     FOX_keyboard.obj
 0003:000025cc       ??_C@_0L@FNEG@left?5super?$AA@ 100325cc     FOX_keyboard.obj
 0003:000025d8       ??_C@_09EJDF@left?5meta?$AA@ 100325d8     FOX_keyboard.obj
 0003:000025e4       ??_C@_0L@GKKL@right?5meta?$AA@ 100325e4     FOX_keyboard.obj
 0003:000025f0       ??_C@_08PJHL@left?5alt?$AA@ 100325f0     FOX_keyboard.obj
 0003:000025fc       ??_C@_09GHBJ@right?5alt?$AA@ 100325fc     FOX_keyboard.obj
 0003:00002608       ??_C@_09OMLJ@left?5ctrl?$AA@ 10032608     FOX_keyboard.obj
 0003:00002614       ??_C@_0L@MPCH@right?5ctrl?$AA@ 10032614     FOX_keyboard.obj
 0003:00002620       ??_C@_0L@LFKJ@left?5shift?$AA@ 10032620     FOX_keyboard.obj
 0003:0000262c       ??_C@_0M@PPIK@right?5shift?$AA@ 1003262c     FOX_keyboard.obj
 0003:00002638       ??_C@_0M@BLLD@scroll?5lock?$AA@ 10032638     FOX_keyboard.obj
 0003:00002644       ??_C@_09MJNB@caps?5lock?$AA@ 10032644     FOX_keyboard.obj
 0003:00002650       ??_C@_07DNNK@numlock?$AA@  10032650     FOX_keyboard.obj
 0003:00002658       ??_C@_03HJAC@f15?$AA@      10032658     FOX_keyboard.obj
 0003:0000265c       ??_C@_03NDJF@f14?$AA@      1003265c     FOX_keyboard.obj
 0003:00002660       ??_C@_03IGHA@f13?$AA@      10032660     FOX_keyboard.obj
 0003:00002664       ??_C@_03CMOH@f12?$AA@      10032664     FOX_keyboard.obj
 0003:00002668       ??_C@_03NDFO@f11?$AA@      10032668     FOX_keyboard.obj
 0003:0000266c       ??_C@_03HJMJ@f10?$AA@      1003266c     FOX_keyboard.obj
 0003:00002670       ??_C@_02NLH@f9?$AA@        10032670     FOX_keyboard.obj
 0003:00002674       ??_C@_02KHCA@f8?$AA@       10032674     FOX_keyboard.obj
 0003:00002678       ??_C@_02KGHN@f7?$AA@       10032678     FOX_keyboard.obj
 0003:0000267c       ??_C@_02MOK@f6?$AA@        1003267c     FOX_keyboard.obj
 0003:00002680       ??_C@_02PDFD@f5?$AA@       10032680     FOX_keyboard.obj
 0003:00002684       ??_C@_02FJME@f4?$AA@       10032684     FOX_keyboard.obj
 0003:00002688       ??_C@_02MCB@f3?$AA@        10032688     FOX_keyboard.obj
 0003:0000268c       ??_C@_02KGLG@f2?$AA@       1003268c     FOX_keyboard.obj
 0003:00002690       ??_C@_02FJAP@f1?$AA@       10032690     FOX_keyboard.obj
 0003:00002694       ??_C@_09LGKD@page?5down?$AA@ 10032694     FOX_keyboard.obj
 0003:000026a0       ??_C@_07LBCJ@page?5up?$AA@ 100326a0     FOX_keyboard.obj
 0003:000026a8       ??_C@_03DNBD@end?$AA@      100326a8     FOX_keyboard.obj
 0003:000026ac       ??_C@_04EMLE@home?$AA@     100326ac     FOX_keyboard.obj
 0003:000026b4       ??_C@_06PNID@insert?$AA@   100326b4     FOX_keyboard.obj
 0003:000026bc       ??_C@_04KKMF@down?$AA@     100326bc     FOX_keyboard.obj
 0003:000026c4       ??_C@_04GACI@left?$AA@     100326c4     FOX_keyboard.obj
 0003:000026cc       ??_C@_05PJFF@right?$AA@    100326cc     FOX_keyboard.obj
 0003:000026d4       ??_C@_02HAO@up?$AA@        100326d4     FOX_keyboard.obj
 0003:000026d8       ??_C@_06PNG@equals?$AA@    100326d8     FOX_keyboard.obj
 0003:000026e0       ??_C@_05LADD@enter?$AA@    100326e0     FOX_keyboard.obj
 0003:000026e8       ??_C@_03MBHE@?$FL?$CL?$FN?$AA@ 100326e8     FOX_keyboard.obj
 0003:000026ec       ??_C@_03LGIL@?$FL?9?$FN?$AA@ 100326ec     FOX_keyboard.obj
 0003:000026f0       ??_C@_03NHNO@?$FL?$CK?$FN?$AA@ 100326f0     FOX_keyboard.obj
 0003:000026f4       ??_C@_03JLNO@?$FL?1?$FN?$AA@ 100326f4     FOX_keyboard.obj
 0003:000026f8       ??_C@_03INHE@?$FL?4?$FN?$AA@ 100326f8     FOX_keyboard.obj
 0003:000026fc       ??_C@_03IGII@?$FL9?$FN?$AA@ 100326fc     FOX_keyboard.obj
 0003:00002700       ??_C@_03JACC@?$FL8?$FN?$AA@ 10032700     FOX_keyboard.obj
 0003:00002704       ??_C@_03EECD@?$FL7?$FN?$AA@ 10032704     FOX_keyboard.obj
 0003:00002708       ??_C@_03FCIJ@?$FL6?$FN?$AA@ 10032708     FOX_keyboard.obj
 0003:0000270c       ??_C@_03GJHG@?$FL5?$FN?$AA@ 1003270c     FOX_keyboard.obj
 0003:00002710       ??_C@_03HPNM@?$FL4?$FN?$AA@ 10032710     FOX_keyboard.obj
 0003:00002714       ??_C@_03BOIJ@?$FL3?$FN?$AA@ 10032714     FOX_keyboard.obj
 0003:00002718       ??_C@_03ICD@?$FL2?$FN?$AA@ 10032718     FOX_keyboard.obj
 0003:0000271c       ??_C@_03DDNM@?$FL1?$FN?$AA@ 1003271c     FOX_keyboard.obj
 0003:00002720       ??_C@_03CFHG@?$FL0?$FN?$AA@ 10032720     FOX_keyboard.obj
 0003:00002724       ??_C@_08FBME@world?595?$AA@ 10032724     FOX_keyboard.obj
 0003:00002730       ??_C@_08PLFD@world?594?$AA@ 10032730     FOX_keyboard.obj
 0003:0000273c       ??_C@_08KOLG@world?593?$AA@ 1003273c     FOX_keyboard.obj
 0003:00002748       ??_C@_08ECB@world?592?$AA@ 10032748     FOX_keyboard.obj
 0003:00002754       ??_C@_08PLJI@world?591?$AA@ 10032754     FOX_keyboard.obj
 0003:00002760       ??_C@_08FBAP@world?590?$AA@ 10032760     FOX_keyboard.obj
 0003:0000276c       ??_C@_08LJIK@world?589?$AA@ 1003276c     FOX_keyboard.obj
 0003:00002778       ??_C@_08BDBN@world?588?$AA@ 10032778     FOX_keyboard.obj
 0003:00002784       ??_C@_08BCEA@world?587?$AA@ 10032784     FOX_keyboard.obj
 0003:00002790       ??_C@_08LINH@world?586?$AA@ 10032790     FOX_keyboard.obj
 0003:0000279c       ??_C@_08EHGO@world?585?$AA@ 1003279c     FOX_keyboard.obj
 0003:000027a8       ??_C@_08ONPJ@world?584?$AA@ 100327a8     FOX_keyboard.obj
 0003:000027b4       ??_C@_08LIBM@world?583?$AA@ 100327b4     FOX_keyboard.obj
 0003:000027c0       ??_C@_08BCIL@world?582?$AA@ 100327c0     FOX_keyboard.obj
 0003:000027cc       ??_C@_08ONDC@world?581?$AA@ 100327cc     FOX_keyboard.obj
 0003:000027d8       ??_C@_08EHKF@world?580?$AA@ 100327d8     FOX_keyboard.obj
 0003:000027e4       ??_C@_08GNIL@world?579?$AA@ 100327e4     FOX_keyboard.obj
 0003:000027f0       ??_C@_08MHBM@world?578?$AA@ 100327f0     FOX_keyboard.obj
 0003:000027fc       ??_C@_08MGEB@world?577?$AA@ 100327fc     FOX_keyboard.obj
 0003:00002808       ??_C@_08GMNG@world?576?$AA@ 10032808     FOX_keyboard.obj
 0003:00002814       ??_C@_08JDGP@world?575?$AA@ 10032814     FOX_keyboard.obj
 0003:00002820       ??_C@_08DJPI@world?574?$AA@ 10032820     FOX_keyboard.obj
 0003:0000282c       ??_C@_08GMBN@world?573?$AA@ 1003282c     FOX_keyboard.obj
 0003:00002838       ??_C@_08MGIK@world?572?$AA@ 10032838     FOX_keyboard.obj
 0003:00002844       ??_C@_08DJDD@world?571?$AA@ 10032844     FOX_keyboard.obj
 0003:00002850       ??_C@_08JDKE@world?570?$AA@ 10032850     FOX_keyboard.obj
 0003:0000285c       ??_C@_08HLCB@world?569?$AA@ 1003285c     FOX_keyboard.obj
 0003:00002868       ??_C@_08NBLG@world?568?$AA@ 10032868     FOX_keyboard.obj
 0003:00002874       ??_C@_08NAOL@world?567?$AA@ 10032874     FOX_keyboard.obj
 0003:00002880       ??_C@_08HKHM@world?566?$AA@ 10032880     FOX_keyboard.obj
 0003:0000288c       ??_C@_08IFMF@world?565?$AA@ 1003288c     FOX_keyboard.obj
 0003:00002898       ??_C@_08CPFC@world?564?$AA@ 10032898     FOX_keyboard.obj
 0003:000028a4       ??_C@_08HKLH@world?563?$AA@ 100328a4     FOX_keyboard.obj
 0003:000028b0       ??_C@_08NACA@world?562?$AA@ 100328b0     FOX_keyboard.obj
 0003:000028bc       ??_C@_08CPJJ@world?561?$AA@ 100328bc     FOX_keyboard.obj
 0003:000028c8       ??_C@_08IFAO@world?560?$AA@ 100328c8     FOX_keyboard.obj
 0003:000028d4       ??_C@_08EANO@world?559?$AA@ 100328d4     FOX_keyboard.obj
 0003:000028e0       ??_C@_08OKEJ@world?558?$AA@ 100328e0     FOX_keyboard.obj
 0003:000028ec       ??_C@_08OLBE@world?557?$AA@ 100328ec     FOX_keyboard.obj
 0003:000028f8       ??_C@_08EBID@world?556?$AA@ 100328f8     FOX_keyboard.obj
 0003:00002904       ??_C@_08LODK@world?555?$AA@ 10032904     FOX_keyboard.obj
 0003:00002910       ??_C@_08BEKN@world?554?$AA@ 10032910     FOX_keyboard.obj
 0003:0000291c       ??_C@_08EBEI@world?553?$AA@ 1003291c     FOX_keyboard.obj
 0003:00002928       ??_C@_08OLNP@world?552?$AA@ 10032928     FOX_keyboard.obj
 0003:00002934       ??_C@_08BEGG@world?551?$AA@ 10032934     FOX_keyboard.obj
 0003:00002940       ??_C@_08LOPB@world?550?$AA@ 10032940     FOX_keyboard.obj
 0003:0000294c       ??_C@_08FGHE@world?549?$AA@ 1003294c     FOX_keyboard.obj
 0003:00002958       ??_C@_08PMOD@world?548?$AA@ 10032958     FOX_keyboard.obj
 0003:00002964       ??_C@_08PNLO@world?547?$AA@ 10032964     FOX_keyboard.obj
 0003:00002970       ??_C@_08FHCJ@world?546?$AA@ 10032970     FOX_keyboard.obj
 0003:0000297c       ??_C@_08KIJA@world?545?$AA@ 1003297c     FOX_keyboard.obj
 0003:00002988       ??_C@_08CAH@world?544?$AA@ 10032988     FOX_keyboard.obj
 0003:00002994       ??_C@_08FHOC@world?543?$AA@ 10032994     FOX_keyboard.obj
 0003:000029a0       ??_C@_08PNHF@world?542?$AA@ 100329a0     FOX_keyboard.obj
 0003:000029ac       ??_C@_08CMM@world?541?$AA@ 100329ac     FOX_keyboard.obj
 0003:000029b8       ??_C@_08KIFL@world?540?$AA@ 100329b8     FOX_keyboard.obj
 0003:000029c4       ??_C@_08DHCB@world?539?$AA@ 100329c4     FOX_keyboard.obj
 0003:000029d0       ??_C@_08JNLG@world?538?$AA@ 100329d0     FOX_keyboard.obj
 0003:000029dc       ??_C@_08JMOL@world?537?$AA@ 100329dc     FOX_keyboard.obj
 0003:000029e8       ??_C@_08DGHM@world?536?$AA@ 100329e8     FOX_keyboard.obj
 0003:000029f4       ??_C@_08MJMF@world?535?$AA@ 100329f4     FOX_keyboard.obj
 0003:00002a00       ??_C@_08GDFC@world?534?$AA@ 10032a00     FOX_keyboard.obj
 0003:00002a0c       ??_C@_08DGLH@world?533?$AA@ 10032a0c     FOX_keyboard.obj
 0003:00002a18       ??_C@_08JMCA@world?532?$AA@ 10032a18     FOX_keyboard.obj
 0003:00002a24       ??_C@_08GDJJ@world?531?$AA@ 10032a24     FOX_keyboard.obj
 0003:00002a30       ??_C@_08MJAO@world?530?$AA@ 10032a30     FOX_keyboard.obj
 0003:00002a3c       ??_C@_08CBIL@world?529?$AA@ 10032a3c     FOX_keyboard.obj
 0003:00002a48       ??_C@_08ILBM@world?528?$AA@ 10032a48     FOX_keyboard.obj
 0003:00002a54       ??_C@_08IKEB@world?527?$AA@ 10032a54     FOX_keyboard.obj
 0003:00002a60       ??_C@_08CANG@world?526?$AA@ 10032a60     FOX_keyboard.obj
 0003:00002a6c       ??_C@_08NPGP@world?525?$AA@ 10032a6c     FOX_keyboard.obj
 0003:00002a78       ??_C@_08HFPI@world?524?$AA@ 10032a78     FOX_keyboard.obj
 0003:00002a84       ??_C@_08CABN@world?523?$AA@ 10032a84     FOX_keyboard.obj
 0003:00002a90       ??_C@_08IKIK@world?522?$AA@ 10032a90     FOX_keyboard.obj
 0003:00002a9c       ??_C@_08HFDD@world?521?$AA@ 10032a9c     FOX_keyboard.obj
 0003:00002aa8       ??_C@_08NPKE@world?520?$AA@ 10032aa8     FOX_keyboard.obj
 0003:00002ab4       ??_C@_08BKHE@world?519?$AA@ 10032ab4     FOX_keyboard.obj
 0003:00002ac0       ??_C@_08LAOD@world?518?$AA@ 10032ac0     FOX_keyboard.obj
 0003:00002acc       ??_C@_08LBLO@world?517?$AA@ 10032acc     FOX_keyboard.obj
 0003:00002ad8       ??_C@_08BLCJ@world?516?$AA@ 10032ad8     FOX_keyboard.obj
 0003:00002ae4       ??_C@_08OEJA@world?515?$AA@ 10032ae4     FOX_keyboard.obj
 0003:00002af0       ??_C@_08EOAH@world?514?$AA@ 10032af0     FOX_keyboard.obj
 0003:00002afc       ??_C@_08BLOC@world?513?$AA@ 10032afc     FOX_keyboard.obj
 0003:00002b08       ??_C@_08LBHF@world?512?$AA@ 10032b08     FOX_keyboard.obj
 0003:00002b14       ??_C@_08EOMM@world?511?$AA@ 10032b14     FOX_keyboard.obj
 0003:00002b20       ??_C@_08OEFL@world?510?$AA@ 10032b20     FOX_keyboard.obj
 0003:00002b2c       ??_C@_07JPDE@world?59?$AA@ 10032b2c     FOX_keyboard.obj
 0003:00002b34       ??_C@_07DFKD@world?58?$AA@ 10032b34     FOX_keyboard.obj
 0003:00002b3c       ??_C@_07DEPO@world?57?$AA@ 10032b3c     FOX_keyboard.obj
 0003:00002b44       ??_C@_07JOGJ@world?56?$AA@ 10032b44     FOX_keyboard.obj
 0003:00002b4c       ??_C@_07GBNA@world?55?$AA@ 10032b4c     FOX_keyboard.obj
 0003:00002b54       ??_C@_07MLEH@world?54?$AA@ 10032b54     FOX_keyboard.obj
 0003:00002b5c       ??_C@_07JOKC@world?53?$AA@ 10032b5c     FOX_keyboard.obj
 0003:00002b64       ??_C@_07DEDF@world?52?$AA@ 10032b64     FOX_keyboard.obj
 0003:00002b6c       ??_C@_07MLIM@world?51?$AA@ 10032b6c     FOX_keyboard.obj
 0003:00002b74       ??_C@_07GBBL@world?50?$AA@ 10032b74     FOX_keyboard.obj
 0003:00002b7c       ??_C@_06IDPA@delete?$AA@   10032b7c     FOX_keyboard.obj
 0003:00002b84       ??_C@_01FPMG@z?$AA@        10032b84     FOX_keyboard.obj
 0003:00002b88       ??_C@_01KAHP@y?$AA@        10032b88     FOX_keyboard.obj
 0003:00002b8c       ??_C@_01KOI@x?$AA@         10032b8c     FOX_keyboard.obj
 0003:00002b90       ??_C@_01LLF@w?$AA@         10032b90     FOX_keyboard.obj
 0003:00002b94       ??_C@_01KBCC@v?$AA@        10032b94     FOX_keyboard.obj
 0003:00002b98       ??_C@_01FOJL@u?$AA@        10032b98     FOX_keyboard.obj
 0003:00002b9c       ??_C@_01PEAM@t?$AA@        10032b9c     FOX_keyboard.obj
 0003:00002ba0       ??_C@_01KBOJ@s?$AA@        10032ba0     FOX_keyboard.obj
 0003:00002ba4       ??_C@_01LHO@r?$AA@         10032ba4     FOX_keyboard.obj
 0003:00002ba8       ??_C@_01PEMH@q?$AA@        10032ba8     FOX_keyboard.obj
 0003:00002bac       ??_C@_01FOFA@p?$AA@        10032bac     FOX_keyboard.obj
 0003:00002bb0       ??_C@_01PGHN@o?$AA@        10032bb0     FOX_keyboard.obj
 0003:00002bb4       ??_C@_01FMOK@n?$AA@        10032bb4     FOX_keyboard.obj
 0003:00002bb8       ??_C@_01KDFD@m?$AA@        10032bb8     FOX_keyboard.obj
 0003:00002bbc       ??_C@_01JME@l?$AA@         10032bbc     FOX_keyboard.obj
 0003:00002bc0       ??_C@_01FMCB@k?$AA@        10032bc0     FOX_keyboard.obj
 0003:00002bc4       ??_C@_01PGLG@j?$AA@        10032bc4     FOX_keyboard.obj
 0003:00002bc8       ??_C@_01JAP@i?$AA@         10032bc8     FOX_keyboard.obj
 0003:00002bcc       ??_C@_01KDJI@h?$AA@        10032bcc     FOX_keyboard.obj
 0003:00002bd0       ??_C@_01KCMF@g?$AA@        10032bd0     FOX_keyboard.obj
 0003:00002bd4       ??_C@_01IFC@f?$AA@         10032bd4     FOX_keyboard.obj
 0003:00002bd8       ??_C@_01PHOL@e?$AA@        10032bd8     FOX_keyboard.obj
 0003:00002bdc       ??_C@_01FNHM@d?$AA@        10032bdc     FOX_keyboard.obj
 0003:00002be0       ??_C@_01IJJ@c?$AA@         10032be0     FOX_keyboard.obj
 0003:00002be4       ??_C@_01KCAO@b?$AA@        10032be4     FOX_keyboard.obj
 0003:00002be8       ??_C@_01FNLH@a?$AA@        10032be8     FOX_keyboard.obj
 0003:00002bec       ??_C@_01PHCA@?$GA?$AA@     10032bec     FOX_keyboard.obj
 0003:00002bf0       ??_C@_01NON@_?$AA@         10032bf0     FOX_keyboard.obj
 0003:00002bf4       ??_C@_01KHHK@?$FO?$AA@     10032bf4     FOX_keyboard.obj
 0003:00002bf8       ??_C@_01FIMD@?$FN?$AA@     10032bf8     FOX_keyboard.obj
 0003:00002bfc       ??_C@_01PCFE@?2?$AA@       10032bfc     FOX_keyboard.obj
 0003:00002c00       ??_C@_01KHLB@?$FL?$AA@     10032c00     FOX_keyboard.obj
 0003:00002c04       ??_C@_01KFMA@?$EA?$AA@     10032c04     FOX_keyboard.obj
 0003:00002c08       ??_C@_01PKMN@?$DP?$AA@     10032c08     FOX_keyboard.obj
 0003:00002c0c       ??_C@_01FAFK@?$DO?$AA@     10032c0c     FOX_keyboard.obj
 0003:00002c10       ??_C@_01KPOD@?$DN?$AA@     10032c10     FOX_keyboard.obj
 0003:00002c14       ??_C@_01FHE@?$DM?$AA@      10032c14     FOX_keyboard.obj
 0003:00002c18       ??_C@_01FAJB@?$DL?$AA@     10032c18     FOX_keyboard.obj
 0003:00002c1c       ??_C@_01PKAG@?3?$AA@       10032c1c     FOX_keyboard.obj
 0003:00002c20       ??_C@_01FLP@9?$AA@         10032c20     FOX_keyboard.obj
 0003:00002c24       ??_C@_01KPCI@8?$AA@        10032c24     FOX_keyboard.obj
 0003:00002c28       ??_C@_01KOHF@7?$AA@        10032c28     FOX_keyboard.obj
 0003:00002c2c       ??_C@_01EOC@6?$AA@         10032c2c     FOX_keyboard.obj
 0003:00002c30       ??_C@_01PLFL@5?$AA@        10032c30     FOX_keyboard.obj
 0003:00002c34       ??_C@_01FBMM@4?$AA@        10032c34     FOX_keyboard.obj
 0003:00002c38       ??_C@_01ECJ@3?$AA@         10032c38     FOX_keyboard.obj
 0003:00002c3c       ??_C@_01KOLO@2?$AA@        10032c3c     FOX_keyboard.obj
 0003:00002c40       ??_C@_01FBAH@1?$AA@        10032c40     FOX_keyboard.obj
 0003:00002c44       ??_C@_01PLJA@0?$AA@        10032c44     FOX_keyboard.obj
 0003:00002c48       ??_C@_01FDLN@?1?$AA@       10032c48     FOX_keyboard.obj
 0003:00002c4c       ??_C@_01PJCK@?4?$AA@       10032c4c     FOX_keyboard.obj
 0003:00002c50       ??_C@_01GJD@?9?$AA@        10032c50     FOX_keyboard.obj
 0003:00002c54       ??_C@_01KMAE@?0?$AA@       10032c54     FOX_keyboard.obj
 0003:00002c58       ??_C@_01PJOB@?$CL?$AA@     10032c58     FOX_keyboard.obj
 0003:00002c5c       ??_C@_01FDHG@?$CK?$AA@     10032c5c     FOX_keyboard.obj
 0003:00002c60       ??_C@_01KMMP@?$CJ?$AA@     10032c60     FOX_keyboard.obj
 0003:00002c64       ??_C@_01GFI@?$CI?$AA@      10032c64     FOX_keyboard.obj
 0003:00002c68       ??_C@_01HAF@?8?$AA@        10032c68     FOX_keyboard.obj
 0003:00002c6c       ??_C@_01KNJC@?$CG?$AA@     10032c6c     FOX_keyboard.obj
 0003:00002c70       ??_C@_01PILM@$?$AA@        10032c70     FOX_keyboard.obj
 0003:00002c74       ??_C@_01KNFJ@?$CD?$AA@     10032c74     FOX_keyboard.obj
 0003:00002c78       ??_C@_01HMO@?$CC?$AA@      10032c78     FOX_keyboard.obj
 0003:00002c7c       ??_C@_01PIHH@?$CB?$AA@     10032c7c     FOX_keyboard.obj
 0003:00002c80       ??_C@_05GCKI@space?$AA@    10032c80     FOX_keyboard.obj
 0003:00002c88       ??_C@_06BGAE@escape?$AA@   10032c88     FOX_keyboard.obj
 0003:00002c90       ??_C@_05PBCN@pause?$AA@    10032c90     FOX_keyboard.obj
 0003:00002c98       ??_C@_06CGBH@return?$AA@   10032c98     FOX_keyboard.obj
 0003:00002ca0       ??_C@_05BDJO@clear?$AA@    10032ca0     FOX_keyboard.obj
 0003:00002ca8       ??_C@_03GFBM@tab?$AA@      10032ca8     FOX_keyboard.obj
 0003:00002cac       ??_C@_09LAOB@backspace?$AA@ 10032cac     FOX_keyboard.obj
 0003:00002cb8       ??_C@_0M@MMLF@unknown?5key?$AA@ 10032cb8     FOX_keyboard.obj
 0003:00002cc4       ??_C@_0EI@KAOD@?$FLFOX?$FN?3?5wartosc?5powtarzania?5klawi@ 10032cc4     FOX_keyboard.obj
 0003:00002d0c       ??_C@_0BP@IDOG@?$FLFOX?$FN?3?5nieznany?5format?5dzwieku?$AA@ 10032d0c     FOX_mixer.obj
 0003:00002d3c       ??_C@_0CD@MDIM@?$FLFOX?$FN?3?5nie?5mozna?5otworzyc?5pliku?5@ 10032d3c     FOX_rwops.obj
 0003:00002d60       ??_C@_0DG@MCCL@?$FLFOX?$FN?3?5nie?5mozna?5przeniesc?5wskaz@ 10032d60     FOX_rwops.obj
 0003:00002d98       ??_C@_0CD@IBCJ@?$FLFOX?$FN?3?5nieznana?5wartosc?5dla?5when@ 10032d98     FOX_rwops.obj
 0003:00002dbc       ??_C@_0CF@GLDD@?$FLFOX?$FN?3?5nieprawidlowy?5cel?5dla?5str@ 10032dbc     FOX_stretch.obj
 0003:00002de4       ??_C@_0CI@CDCE@?$FLFOX?$FN?3?5nieprawidlowe?5zrodlo?5dla?5@ 10032de4     FOX_stretch.obj
 0003:00002e0c       ??_C@_0CP@CHKM@?$FLFOX?$FN?3?5stretch?5tylkko?5na?5tych?5sa@ 10032e0c     FOX_stretch.obj
 0003:00002e3c       ??_C@_0CF@JADL@FOX_UpperBlit?3?5passed?5a?5NULL?5sur@ 10032e3c     FOX_surface.obj
 0003:00002e64       ??_C@_0CI@ECGF@Surfaces?5must?5not?5be?5locked?5duri@ 10032e64     FOX_surface.obj
 0003:00002e8c       ??_C@_0BK@EJCC@Empty?5destination?5palette?$AA@ 10032e8c     FOX_surface.obj
 0003:00002ea8       ??_C@_0N@MKHI@FOX_WINDOWID?$AA@ 10032ea8     FOX_sysevents.obj
 0003:00002eb8       ??_C@_0BA@HLLN@TrackMouseEvent?$AA@ 10032eb8     FOX_sysevents.obj
 0003:00002ec8       ??_C@_0L@KEOG@USER32?4DLL?$AA@ 10032ec8     FOX_sysevents.obj
 0003:00002ed4       ??_C@_0CE@FOID@Couldn?8t?5register?5application?5cl@ 10032ed4     FOX_sysevents.obj
 0003:00002ef8       ??_C@_06NPGC@?$CInone?$CJ?$AA@ 10032ef8     FOX_sysevents.obj
 0003:00002f00       ??_C@_0CA@IOID@?$FLFOX?$FN?3?5nie?5mozna?5stworzyc?5mutex?$AA@ 10032f00     FOX_sysmutex.obj
 0003:00002f20       ??_C@_0DF@PEEM@?$FLFOX?$FN?3?5nie?5mozna?5zaczekac?5na?5mut@ 10032f20     FOX_sysmutex.obj
 0003:00002f58       ??_C@_0DD@OCGJ@?$FLFOX?$FN?3?5przejscie?5przez?5mutex?5NUL@ 10032f58     FOX_sysmutex.obj
 0003:00002f8c       ??_C@_0DN@MLLC@?$FLFOX?$FN?3?5nie?5mozna?5odblokowac?5i?5zw@ 10032f8c     FOX_sysmutex.obj
 0003:00002fcc       ??_C@_0CD@KJBM@?$FLFOX?$FN?3?5nie?5mozna?5stworzyc?5semafo@ 10032fcc     FOX_syssem.obj
 0003:00002ff0       ??_C@_0CE@JOIE@?$FLFOX?$FN?3?5WaitForSingleObject?$CI?$CJ?5fai@ 10032ff0     FOX_syssem.obj
 0003:00003014       ??_C@_0DD@KGHH@?$FLFOX?$FN?3?5przejscie?5przez?5NULL?5sema@ 10033014     FOX_syssem.obj
 0003:00003048       ??_C@_0CE@PDJB@?$FLFOX?$FN?3?5przejscie?5przez?5NULL?5sema@ 10033048     FOX_syssem.obj
 0003:0000306c       ??_C@_0CO@JPKF@?$FLFOX?$FN?3?5nie?5mozna?5zwolnic?5pamieci@ 1003306c     FOX_syssem.obj
 0003:0000309c       ??_C@_0DG@NJDN@?$FLFOX?$FN?3?5za?5malo?5zasobow?5systemowy@ 1003309c     FOX_systhread.obj
 0003:000030d4       ??_C@_0BN@BOCK@?$FLFOX?$FN?3?5timeSetEvent?$CI?$CJ?5failed?$AA@ 100330d4     FOX_systimer.obj
 0003:000030f4       ??_C@_0CG@NAGA@?$FLFOX?$FN?3?5nie?5mozna?5ustawic?5zegara?5@ 100330f4     FOX_systimer.obj
 0003:0000311c       ??_C@_0BO@INH@?$FLFOX?$FN?3?5blad?5wewnetrzny?5zegara?$AA@ 1003311c     FOX_systimer.obj
 0003:0000313c       ??_C@_0DB@DLOM@?$FLFOX?$FN?3?5nie?5spodziewany?5icon_256?5@ 1003313c     FOX_syswm.obj
 0003:00003170       ??_C@_0CB@DEEK@?$FLFOX?$FN?3?5nie?5mozna?5stworzy?5kursora@ 10033170     FOX_syswm.obj
 0003:00003194       ??_C@_0DA@MKIG@?$FLFOX?$FN?3?5aplikacja?5nie?5kompiluje?5s@ 10033194     FOX_syswm.obj
 0003:000031c4       ??_C@_0CC@BDFI@?$FLFOX?$FN?3?5zegar?5juz?5zainicjalizowan@ 100331c4     FOX_timer.obj
 0003:000031e8       ??_C@_0CC@GOEO@?$FLFOX?$FN?3?5wiecej?5zagaerow?5wymaga?5TE@ 100331e8     FOX_timer.obj
 0003:0000320c       ??_C@_0CJ@EGMN@?$FLFOX?$FN?3?5zegar?5nie?5zostal?5zainicja@ 1003320c     FOX_timer.obj
 0003:00003238       ??_C@_0CP@BFAG@?$FLFOX?$FN?3?5nie?5mozna?5zainicjalizowac@ 10033238     FOX_timer.obj
 0003:00003294       ??_C@_0BK@BPBL@No?5available?5video?5device?$AA@ 10033294     FOX_video.obj
 0003:000032b0       ??_C@_0CD@CJOG@OS?5doesn?8t?5support?5threaded?5even@ 100332b0     FOX_video.obj
 0003:000032d4       ??_C@_0BP@JAKE@Couldn?8t?5create?5shadow?5surface?$AA@ 100332d4     FOX_video.obj
 0003:000032f4       ??_C@_0L@INIC@glViewport?$AA@ 100332f4     FOX_video.obj
 0003:00003300       ??_C@_0L@DMOC@glVertex2i?$AA@ 10033300     FOX_video.obj
 0003:0000330c       ??_C@_0BA@KFAN@glTexSubImage2D?$AA@ 1003330c     FOX_video.obj
 0003:0000331c       ??_C@_0BA@CKGN@glTexParameteri?$AA@ 1003331c     FOX_video.obj
 0003:0000332c       ??_C@_0N@IAMC@glTexImage2D?$AA@ 1003332c     FOX_video.obj
 0003:0000333c       ??_C@_09CJFG@glTexEnvf?$AA@ 1003333c     FOX_video.obj
 0003:00003348       ??_C@_0N@PDBC@glTexCoord2f?$AA@ 10033348     FOX_video.obj
 0003:00003358       ??_C@_0N@KEGE@glPushMatrix?$AA@ 10033358     FOX_video.obj
 0003:00003368       ??_C@_0BD@KBII@glPushClientAttrib?$AA@ 10033368     FOX_video.obj
 0003:0000337c       ??_C@_0N@NFOG@glPushAttrib?$AA@ 1003337c     FOX_video.obj
 0003:0000338c       ??_C@_0M@LACG@glPopMatrix?$AA@ 1003338c     FOX_video.obj
 0003:00003398       ??_C@_0BC@JMIH@glPopClientAttrib?$AA@ 10033398     FOX_video.obj
 0003:000033ac       ??_C@_0M@MBKE@glPopAttrib?$AA@ 100333ac     FOX_video.obj
 0003:000033b8       ??_C@_0O@EKDI@glPixelStorei?$AA@ 100333b8     FOX_video.obj
 0003:000033c8       ??_C@_07ICOP@glOrtho?$AA@  100333c8     FOX_video.obj
 0003:000033d0       ??_C@_0N@JNJF@glMatrixMode?$AA@ 100333d0     FOX_video.obj
 0003:000033e0       ??_C@_0P@MLMG@glLoadIdentity?$AA@ 100333e0     FOX_video.obj
[...]
 0003:00006ac0       _char_to_sym               10036ac0     <common>
 0003:00006fc0       _FOX_filesys_indexblock    10036fc0     <common>
 0003:00006fe0       _from_max                  10036fe0     <common>
 0003:00006fe4       _low                       10036fe4     <common>
 0003:00006fe8       _textsize                  10036fe8     <common>
 0003:00007000       _position_cum              10037000     <common>
 0003:0000b004       _lz_fptr                   1003b004     <common>
 0003:0000b008       _to_pointer                1003b008     <common>
 0003:0000b020       _sym_freq                  1003b020     <common>
 0003:0000b50c       _codesize                  1003b50c     <common>
 0003:0000b520       _sym_cum                   1003b520     <common>
 0003:0000ba0c       _from_pointer              1003ba0c     <common>
 0003:0000ba10       _GB_buffer                 1003ba10     <common>
 0003:0000ba14       _archive_name              1003ba14     <common>
 0003:0000ba18       _PB_buffer                 1003ba18     <common>
 0003:0000ba20       _FOX_filesys_header        1003ba20     <common>
 0003:0000ba40       _text_buf                  1003ba40     <common>
 0003:0000ca80       _sym_to_char               1003ca80     <common>
 0003:0000cf6c       _PB_mask                   1003cf6c     <common>
 0003:0000cf70       _shifts                    1003cf70     <common>
 0003:0000cf74       _to_buffer                 1003cf74     <common>
 0003:0000cf78       _GB_mask                   1003cf78     <common>
 0003:0000cf80       _FOX_ProcessEvents         1003cf80     <common>
 0003:0000cfa0       _DInputCreate              1003cfa0     <common>
 0003:0000cfa4       _DDrawCreate               1003cfa4     <common>
 0003:0000cfa8       _DSoundCreate              1003cfa8     <common>
 0003:0000cfac       __adjust_fdiv              1003cfac     <common>
 0003:0000cfb0       ___onexitend               1003cfb0     <common>
 0003:0000cfb4       ___onexitbegin             1003cfb4     <common>
 0003:0000cfb8       __pRawDllMain              1003cfb8     <common>

 entry point at        0001:000294cf

 Static symbols

 0001:00027ad0       _Color16DitherYV12Mod1X    10028ad0 f   FOX_yuv_sw.obj
 0001:00027cb0       _Color24DitherYV12Mod1X    10028cb0 f   FOX_yuv_sw.obj
 0001:00027ed0       _Color32DitherYV12Mod1X    10028ed0 f   FOX_yuv_sw.obj
 0001:000280a0       _Color16DitherYV12Mod2X    100290a0 f   FOX_yuv_sw.obj
 0001:000282b0       _Color24DitherYV12Mod2X    100292b0 f   FOX_yuv_sw.obj
 0001:00028570       _Color32DitherYV12Mod2X    10029570 f   FOX_yuv_sw.obj
 0001:000287b0       _Color16DitherYUY2Mod1X    100297b0 f   FOX_yuv_sw.obj
 0001:000288e0       _Color24DitherYUY2Mod1X    100298e0 f   FOX_yuv_sw.obj
 0001:00028a30       _Color32DitherYUY2Mod1X    10029a30 f   FOX_yuv_sw.obj
 0001:00028b60       _Color16DitherYUY2Mod2X    10029b60 f   FOX_yuv_sw.obj
 0001:00028cb0       _Color24DitherYUY2Mod2X    10029cb0 f   FOX_yuv_sw.obj
 0001:00028e50       _Color32DitherYUY2Mod2X    10029e50 f   FOX_yuv_sw.obj
 0001:00028fc0       _number_of_bits_set        10029fc0 f   FOX_yuv_sw.obj
 0001:00028fe0       _free_bits_at_bottom       10029fe0 f   FOX_yuv_sw.obj
 0001:00026830       _InitMS_ADPCM              10027830 f   FOX_wave.obj
 0001:000268f0       _MS_ADPCM_decode           100278f0 f   FOX_wave.obj
 0001:00026b40       _MS_ADPCM_nibble           10027b40 f   FOX_wave.obj
 0001:00026c50       _InitIMA_ADPCM             10027c50 f   FOX_wave.obj
 0001:00026cb0       _IMA_ADPCM_decode          10027cb0 f   FOX_wave.obj
 0001:00026e30       _Fill_IMA_ADPCM_block      10027e30 f   FOX_wave.obj
 0001:00026eb0       _IMA_ADPCM_nibble          10027eb0 f   FOX_wave.obj
 0001:00027380       _ReadChunk                 10028380 f   FOX_wave.obj
 0001:00024db0       _FOX_GetVideoMode          10025db0 f   FOX_video.obj
 0001:00024f50       _FOX_ClearSurface          10025f50 f   FOX_video.obj
 0001:00024fa0       _FOX_CreateShadowSurface   10025fa0 f   FOX_video.obj
 0001:00025670       _SetPalette_logical        10026670 f   FOX_video.obj
 0001:000256e0       _SetPalette_physical       100266e0 f   FOX_video.obj
 0001:000261a0       _CreateMaskFromColorKey    100271a0 f   FOX_video.obj
 0001:000263e0       _FOX_WM_GrabInputRaw       100273e0 f   FOX_video.obj
 0001:00026450       _FOX_WM_GrabInputOff       10027450 f   FOX_video.obj
 0001:00023ed0       _FOX_RemoveAllTimers       10024ed0 f   FOX_timer.obj
 0001:00023f00       _callback_wrapper          10024f00 f   FOX_timer.obj
 0001:00023940       _FOX_AddThread             10024940 f   FOX_thread.obj
 0001:00023a10       _FOX_DelThread             10024a10 f   FOX_thread.obj
 0001:00023270       _HandleAlarm@20            10024270 f   FOX_systimer.obj
 0001:000230d0       _RunThread@4               100240d0 f   FOX_systhread.obj
 0001:00022850       _WIN_GetKeyboardState      10023850 f   FOX_sysevents.obj
 0001:00022a20       _WIN_TrackMouseEvent@4     10023a20 f   FOX_sysevents.obj
 0001:00022a50       _TrackMouseTimerProc@16    10023a50 f   FOX_sysevents.obj
 0001:00020b20       _stdio_seek                10021b20 f   FOX_rwops.obj
 0001:00020b60       _stdio_read                10021b60 f   FOX_rwops.obj
 0001:00020ba0       _stdio_write               10021ba0 f   FOX_rwops.obj
 0001:00020be0       _stdio_close               10021be0 f   FOX_rwops.obj
 0001:00020c50       _mem_seek                  10021c50 f   FOX_rwops.obj
 0001:00020cb0       _mem_read                  10021cb0 f   FOX_rwops.obj
 0001:00020d00       _mem_write                 10021d00 f   FOX_rwops.obj
 0001:00020d50       _mem_close                 10021d50 f   FOX_rwops.obj
 0001:0001da70       _RLEClipBlit               1001ea70 f   FOX_RLEaccel.obj
 0001:0001f310       _RLEAlphaClipBlit          10020310 f   FOX_RLEaccel.obj
 0001:0001f850       _getpix_8                  10020850 f   FOX_RLEaccel.obj
 0001:0001f860       _getpix_16                 10020860 f   FOX_RLEaccel.obj
 0001:0001f870       _getpix_24                 10020870 f   FOX_RLEaccel.obj
 0001:0001f890       _getpix_32                 10020890 f   FOX_RLEaccel.obj
 0001:0001f960       _RLEAlphaSurface           10020960 f   FOX_RLEaccel.obj
 0001:0001ff10       _copy_opaque_16            10020f10 f   FOX_RLEaccel.obj
 0001:0001ffc0       _copy_transl_565           10020fc0 f   FOX_RLEaccel.obj
 0001:00020090       _copy_transl_555           10021090 f   FOX_RLEaccel.obj
 0001:00020160       _copy_32                   10021160 f   FOX_RLEaccel.obj
 0001:00020210       _RLEColorkeySurface        10021210 f   FOX_RLEaccel.obj
 0001:000206c0       _UnRLEAlpha                100216c0 f   FOX_RLEaccel.obj
 0001:00020810       _uncopy_opaque_16          10021810 f   FOX_RLEaccel.obj
 0001:000208e0       _uncopy_transl_16          100218e0 f   FOX_RLEaccel.obj
 0001:000209c0       _uncopy_32                 100219c0 f   FOX_RLEaccel.obj
 0001:0001c810       _FOX_HandleSIG             1001d810 f   FOX_quit.obj
 0001:0001c510       _Map1to1                   1001d510 f   FOX_pixels.obj
 0001:0001c5b0       _Map1toN                   1001d5b0 f   FOX_pixels.obj
 0001:0001c750       _MapNto1                   1001d750 f   FOX_pixels.obj
 0001:0001b8b0       _ClipOffset                1001c8b0 f   FOX_mouse.obj
 0001:0001a480       _CalculateGammaRamp        1001b480 f   FOX_gamma.obj
 0001:00019320       _FOX_StopEventThread       1001a320 f   FOX_events.obj
 0001:000193f0       _FOX_StartEventThread      1001a3f0 f   FOX_events.obj
 0001:00019480       _FOX_GobbleEvents          1001a480 f   FOX_events.obj
 0001:00019640       _FOX_AddEvent              1001a640 f   FOX_events.obj
 0001:000196e0       _FOX_CutEvent              1001a6e0 f   FOX_events.obj
 0001:00019050       _FOX_LookupString          1001a050 f   FOX_error.obj
 0001:00019090       _PrintInt                  1001a090 f   FOX_error.obj
 0001:00019100       _PrintDouble               1001a100 f   FOX_error.obj
 0001:00019180       _PrintPointer              1001a180 f   FOX_error.obj
 0001:000185d0       _CreateYUVSurface          100195d0 f   FOX_dx8yuv.obj
 0001:00016020       _DX8_Available             10017020 f   FOX_dx8video.obj
 0001:00016130       _DX8_CreateDevice          10017130 f   FOX_dx8video.obj
 0001:000162f0       _DX8_Load                  100172f0 f   FOX_dx8video.obj
 0001:00016380       _DX8_Unload                10017380 f   FOX_dx8video.obj
 0001:000163c0       _DX8_DeleteDevice          100173c0 f   FOX_dx8video.obj
 0001:000168f0       _DX8_VideoInit             100178f0 f   FOX_dx8video.obj
 0001:00016b30       _EnumModes2@8              10017b30 f   FOX_dx8video.obj
 0001:00016c00       _DX8_UpdateVideoInfo       10017c00 f   FOX_dx8video.obj
 0001:00016d50       _DX8_ListModes             10017d50 f   FOX_dx8video.obj
 0001:00016df0       _DX8_SetVideoMode          10017df0 f   FOX_dx8video.obj
 0001:00017720       _DX8_AllocDDSurface        10018720 f   FOX_dx8video.obj
 0001:00017ac0       _DX8_AllocHWSurface        10018ac0 f   FOX_dx8video.obj
 0001:00017b00       _DX8_CheckHWBlit           10018b00 f   FOX_dx8video.obj
 0001:00017bb0       _DX8_HWAccelBlit           10018bb0 f   FOX_dx8video.obj
 0001:00017c90       _DX8_FillHWRect            10018c90 f   FOX_dx8video.obj
 0001:00017d40       _DX8_SetHWColorKey         10018d40 f   FOX_dx8video.obj
 0001:00017d90       _DX8_SetHWAlpha            10018d90 f   FOX_dx8video.obj
 0001:00017da0       _DX8_LockHWSurface         10018da0 f   FOX_dx8video.obj
 0001:00017e70       _DX8_UnlockHWSurface       10018e70 f   FOX_dx8video.obj
 0001:00017e90       _DX8_FlipHWSurface         10018e90 f   FOX_dx8video.obj
 0001:00017ee0       _DX8_FreeHWSurface         10018ee0 f   FOX_dx8video.obj
 0001:00017f20       _DX8_WindowUpdate          10018f20 f   FOX_dx8video.obj
 0001:000100e0       _DX8_DirectUpdate          100110e0 f   FOX_dibvideo.obj
 0001:00018020       _DX8_SetColors             10019020 f   FOX_dx8video.obj
 0001:00018110       _DX8_CompressPalette       10019110 f   FOX_dx8video.obj
 0001:000100e0       _DX8_SwapGamma             100110e0 f   FOX_dibvideo.obj
 0001:00018180       _DX8_VideoQuit             10019180 f   FOX_dx8video.obj
 0001:00018260       _DX8_RealizePalette        10019260 f   FOX_dx8video.obj
 0001:00018280       _DX8_PaletteChanged        10019280 f   FOX_dx8video.obj
 0001:00018430       _DX8_Recolor8Bit           10019430 f   FOX_dx8video.obj
 0001:000184d0       _DX8_WinPAINT              100194d0 f   FOX_dx8video.obj
 0001:00014e70       _SetDIerror                10015e70 f   FOX_dx8events.obj
 0001:00014f60       _handle_keyboard           10015f60 f   FOX_dx8events.obj
 0001:00014fc0       _handle_mouse              10015fc0 f   FOX_dx8events.obj
 0001:00015510       _DX8_CheckInput            10016510 f   FOX_dx8events.obj
 0001:00015bd0       _TranslateKey              10016bd0 f   FOX_dx8events.obj
 0001:00015d40       _DX8_DInputInit            10016d40 f   FOX_dx8events.obj
 0001:00015fa0       _DX8_DInputQuit            10016fa0 f   FOX_dx8events.obj
 0001:000142e0       _Audio_Available           100152e0 f   FOX_dx8audio.obj
 0001:00014350       _Audio_CreateDevice        10015350 f   FOX_dx8audio.obj
 0001:00014400       _DX8_Load                  10015400 f   FOX_dx8audio.obj
 0001:00014450       _DX8_Unload                10015450 f   FOX_dx8audio.obj
 0001:00014480       _Audio_DeleteDevice        10015480 f   FOX_dx8audio.obj
 0001:0000e8f0       _DX8_ThreadInit            1000f8f0 f   FOX_dibaudio.obj
 0001:000144c0       _DX8_WaitAudio_BusyWait    100154c0 f   FOX_dx8audio.obj
 0001:000145f0       _SetDSerror                100155f0 f   FOX_dx8audio.obj
 0001:000147c0       _DX8_PlayAudio             100157c0 f   FOX_dx8audio.obj
 0001:000147f0       _DX8_GetAudioBuf           100157f0 f   FOX_dx8audio.obj
 0001:00014930       _DX8_WaitDone              10015930 f   FOX_dx8audio.obj
 0001:00014990       _DX8_CloseAudio            10015990 f   FOX_dx8audio.obj
 0001:00014a00       _DX8_OpenAudio             10015a00 f   FOX_dx8audio.obj
 0001:00014b80       _CreatePrimary             10015b80 f   FOX_dx8audio.obj
 0001:00014c90       _CreateSecondary           10015c90 f   FOX_dx8audio.obj
 0001:00011dd0       _FOX_clipLine              10012dd0 f   FOX_draw2d.obj
 0001:00011fd0       _FOX_clipEncode            10012fd0 f   FOX_draw2d.obj
 0001:0000f510       _DIB_Available             10010510 f   FOX_dibvideo.obj
 0001:0000f520       _DIB_CreateDevice          10010520 f   FOX_dibvideo.obj
 0001:0000f6d0       _DIB_DeleteDevice          100106d0 f   FOX_dibvideo.obj
 0001:0000f710       _DIB_VideoInit             10010710 f   FOX_dibvideo.obj
 0001:0000f890       _cmpmodes                  10010890 f   FOX_dibvideo.obj
 0001:0000f8c0       _DIB_AddMode               100108c0 f   FOX_dibvideo.obj
 0001:0000f9f0       _DIB_CreatePalette         100109f0 f   FOX_dibvideo.obj
 0001:0000fa70       _DIB_ListModes             10010a70 f   FOX_dibvideo.obj
 0001:0000fab0       _DIB_SussScreenDepth       10010ab0 f   FOX_dibvideo.obj
 0001:00017d90       _DIB_AllocHWSurface        10018d90 f   FOX_dx8video.obj
 0001:000100e0       _DIB_FreeHWSurface         100110e0 f   FOX_dibvideo.obj
 0001:000100d0       _DIB_LockHWSurface         100110d0 f   FOX_dibvideo.obj
 0001:000100e0       _DIB_UnlockHWSurface       100110e0 f   FOX_dibvideo.obj
 0001:000100f0       _DIB_NormalUpdate          100110f0 f   FOX_dibvideo.obj
 0001:00010190       _DIB_SetColors             10011190 f   FOX_dibvideo.obj
 0001:00010300       _DIB_CheckGamma            10011300 f   FOX_dibvideo.obj
 0001:00010350       _DIB_SwapGamma             10011350 f   FOX_dibvideo.obj
 0001:000103c0       _DIB_SetGammaRamp          100113c0 f   FOX_dibvideo.obj
 0001:00010490       _DIB_GetGammaRamp          10011490 f   FOX_dibvideo.obj
 0001:000104d0       _DIB_VideoQuit             100114d0 f   FOX_dibvideo.obj
 0001:00010560       _DIB_QuitGamma             10011560 f   FOX_dibvideo.obj
 0001:000105d0       _DIB_RealizePalette        100115d0 f   FOX_dibvideo.obj
 0001:000105e0       _DIB_FocusPalette          100115e0 f   FOX_dibvideo.obj
 0001:00010650       _DIB_PaletteChanged        10011650 f   FOX_dibvideo.obj
 0001:00010670       _DIB_WinPAINT              10011670 f   FOX_dibvideo.obj
 0001:0000f3b0       _TranslateKey              100103b0 f   FOX_dibevents.obj
 0001:0000f510       _Audio_Available           10010510 f   FOX_dibvideo.obj
 0001:0000e830       _Audio_CreateDevice        1000f830 f   FOX_dibaudio.obj
 0001:0000e8d0       _Audio_DeleteDevice        1000f8d0 f   FOX_dibaudio.obj
 0001:0000e8f0       _DIB_ThreadInit            1000f8f0 f   FOX_dibaudio.obj
 0001:0000e900       _DIB_WaitAudio             1000f900 f   FOX_dibaudio.obj
 0001:0000e920       _DIB_GetAudioBuf           1000f920 f   FOX_dibaudio.obj
 0001:0000e940       _DIB_PlayAudio             1000f940 f   FOX_dibaudio.obj
 0001:0000e980       _DIB_WaitDone              1000f980 f   FOX_dibaudio.obj
 0001:0000e9c0       _DIB_CloseAudio            1000f9c0 f   FOX_dibaudio.obj
 0001:0000ea50       _DIB_OpenAudio             1000fa50 f   FOX_dibaudio.obj
 0001:0000eca0       _FillSound@20              1000fca0 f   FOX_dibaudio.obj
 0001:0000ecd0       _SetMMerror                1000fcd0 f   FOX_dibaudio.obj
 0001:00009d10       _Blit_RGB888_RGB555        1000ad10 f   FOX_blit_N.obj
 0001:00009f20       _Blit_RGB888_RGB565        1000af20 f   FOX_blit_N.obj
 0001:0000a130       _Blit_RGB565_ARGB8888      1000b130 f   FOX_blit_N.obj
 0001:0000a150       _Blit_RGB565_32            1000b150 f   FOX_blit_N.obj
 0001:0000a2d0       _Blit_RGB565_ABGR8888      1000b2d0 f   FOX_blit_N.obj
 0001:0000a2f0       _Blit_RGB565_RGBA8888      1000b2f0 f   FOX_blit_N.obj
 0001:0000a310       _Blit_RGB565_BGRA8888      1000b310 f   FOX_blit_N.obj
 0001:0000a330       _BlitNtoN                  1000b330 f   FOX_blit_N.obj
 0001:0000af70       _Blit_RGB888_index8        1000bf70 f   FOX_blit_N.obj
 0001:0000b330       _Blit_RGB888_index8_map    1000c330 f   FOX_blit_N.obj
 0001:0000b570       _BlitNto1                  1000c570 f   FOX_blit_N.obj
 0001:0000bf70       _BlitNtoNCopyAlpha         1000cf70 f   FOX_blit_N.obj
 0001:0000c150       _BlitNto1Key               1000d150 f   FOX_blit_N.obj
 0001:0000cc90       _Blit2to2Key               1000dc90 f   FOX_blit_N.obj
 0001:0000ce30       _BlitNtoNKey               1000de30 f   FOX_blit_N.obj
 0001:0000d930       _BlitNtoNKeyCopyAlpha      1000e930 f   FOX_blit_N.obj
 0001:00005860       _BlitNto1SurfaceAlpha      10006860 f   FOX_blit_A.obj
 0001:00005db0       _BlitNto1PixelAlpha        10006db0 f   FOX_blit_A.obj
 0001:00006340       _BlitNto1SurfaceAlphaKey   10007340 f   FOX_blit_A.obj
 0001:00006db0       _BlitRGBtoRGBSurfaceAlpha  10007db0 f   FOX_blit_A.obj
 0001:00006fc0       _BlitRGBtoRGBSurfaceAlpha128 10007fc0 f   FOX_blit_A.obj
 0001:00007120       _BlitRGBtoRGBPixelAlpha    10008120 f   FOX_blit_A.obj
 0001:000073b0       _Blit565to565SurfaceAlpha  100083b0 f   FOX_blit_A.obj
 0001:000075b0       _Blit16to16SurfaceAlpha128 100085b0 f   FOX_blit_A.obj
 0001:00007830       _Blit555to555SurfaceAlpha  10008830 f   FOX_blit_A.obj
 0001:00007a30       _BlitARGBto565PixelAlpha   10008a30 f   FOX_blit_A.obj
 0001:00007d00       _BlitARGBto555PixelAlpha   10008d00 f   FOX_blit_A.obj
 0001:00007fd0       _BlitNtoNSurfaceAlpha      10008fd0 f   FOX_blit_A.obj
 0001:00008950       _BlitNtoNSurfaceAlphaKey   10009950 f   FOX_blit_A.obj
 0001:000092b0       _BlitNtoNPixelAlpha        1000a2b0 f   FOX_blit_A.obj
 0001:000035d0       _Blit1to1                  100045d0 f   FOX_blit_1.obj
 0001:000036c0       _Blit1to2                  100046c0 f   FOX_blit_1.obj
 0001:000037e0       _Blit1to3                  100047e0 f   FOX_blit_1.obj
 0001:00003980       _Blit1to4                  10004980 f   FOX_blit_1.obj
 0001:00003a90       _Blit1to1Key               10004a90 f   FOX_blit_1.obj
 0001:00003cc0       _Blit1to2Key               10004cc0 f   FOX_blit_1.obj
 0001:00003e20       _Blit1to3Key               10004e20 f   FOX_blit_1.obj
 0001:00003fe0       _Blit1to4Key               10004fe0 f   FOX_blit_1.obj
 0001:000041b0       _Blit1toNAlpha             100051b0 f   FOX_blit_1.obj
 0001:000048f0       _Blit1toNAlphaKey          100058f0 f   FOX_blit_1.obj
 0001:00002940       _BlitBto1                  10003940 f   FOX_blit_0.obj
 0001:00002a30       _BlitBto2                  10003a30 f   FOX_blit_0.obj
 0001:00002af0       _BlitBto3                  10003af0 f   FOX_blit_0.obj
 0001:00002bb0       _BlitBto4                  10003bb0 f   FOX_blit_0.obj
 0001:00002c70       _BlitBto1Key               10003c70 f   FOX_blit_0.obj
 0001:00002d90       _BlitBto2Key               10003d90 f   FOX_blit_0.obj
 0001:00002e60       _BlitBto3Key               10003e60 f   FOX_blit_0.obj
 0001:00002f30       _BlitBto4Key               10003f30 f   FOX_blit_0.obj
 0001:00003080       _BlitBtoNAlpha             10004080 f   FOX_blit_0.obj
 0001:00003320       _BlitBtoNAlphaKey          10004320 f   FOX_blit_0.obj
 0001:00001e00       _FOX_DrawCursorFast        10002e00 f   cursor.obj
 0001:00002190       _FOX_DrawCursorSlow        10003190 f   cursor.obj
 0001:00002630       _FOX_ConvertCursorSave     10003630 f   cursor.obj
 0001:000012b0       _FOX_SoftBlit              100022b0 f   blit.obj
 0001:00001490       _FOX_BlitCopy              10002490 f   blit.obj
 0001:00001500       _FOX_BlitCopyOverlap       10002500 f   blit.obj

 96 bytes saved through ICF

